04-15 09:44:10.586  2007  2036 I QcrilOemhookMsgTunnel: [0]processOemHookResponse serial no: 1025 error: 0length=29
04-15 09:44:10.587  2007  2007 D QcrilMsgTunnelIfaceManager: handleMessage what = 2
04-15 09:44:10.588  5017  5017 D MbnSystemService: MbnTest_ Mbn ID:^=`xc(~ Meta Info:ChunghwaTel_Taiwan_Commercial
04-15 09:44:10.588  5017  5017 D MbnSystemService: MbnTest_ Activated commercial:true Preference commercial:true Mbn type:commercial
04-15 09:44:10.589  5017  5017 D MbnSystemService: MbnTest_ Do nothing for apn
04-15 09:44:10.589  5017  5017 D MbnAppGlobals: MbnTest_ getMbnConfig, mQcRilHookReady:true Sub:0 mbnType:1
04-15 09:44:10.589  2007  2007 D QcrilMsgTunnelIfaceManager: handleMessage what = 1
04-15 09:44:10.590  2007  2007 I QcrilOemhookMsgTunnel: [0]invokeOemRilRequestRaw: serial=1026 length=21
04-15 09:44:10.597  2007  2036 I QcrilOemhookMsgTunnel: [0]processOemHookResponse serial no: 1026 error: 0length=20
04-15 09:44:10.597  2007  2007 D QcrilMsgTunnelIfaceManager: handleMessage what = 2
04-15 09:44:10.598  5017  5017 D MbnSystemService: MbnTest_ telMode:dsds mbnId:G"3LB1z
04-15 09:44:10.599  5017  5017 D MbnSystemService: MbnTest_ Fail to find MultiMode from Meta Info
04-15 09:44:10.599  5017  5017 D MbnSystemService: MbnTest_ EVENT_SERVICE_BINDED
04-15 09:44:13.514  1766  1766 D QtiCarrierConfigHelper: WARNING, no carrier configs on phone Id: 0
04-15 09:44:13.518  1073  1332 D BatteryLED: mData: 0
04-15 09:44:13.518  1073  1332 D BatteryLED: result: 0
04-15 09:44:13.519  1073  1332 D BatteryLED: mData: 
04-15 09:44:13.519  1073  1332 D BatteryLED: result: 0
04-15 09:44:13.519  1073  1332 D BatteryLED: mHealthInfo.batteryStatus2 charge_type =0
04-15 09:44:13.519  1073  1332 D BatteryLED: BATTERY_STATUS_CHARGING setColor(mBatteryOrange
04-15 09:44:20.379  1073  1143 W ActivityManager: Slow operation: 54ms so far, now at startProcess: returned from zygote!
04-15 09:44:20.380  1073  1143 W ActivityManager: Slow operation: 54ms so far, now at startProcess: done updating battery stats
04-15 09:44:20.380  1073  1143 W ActivityManager: Slow operation: 55ms so far, now at startProcess: building log message
04-15 09:44:20.380  1073  1143 I ActivityManager: Start proc 5036:com.qti.diagservices/1000 for service com.qti.diagservices/.QTIDiagServices
04-15 09:44:20.380  1073  1143 W ActivityManager: Slow operation: 55ms so far, now at startProcess: starting to update pids map
04-15 09:44:20.380  1073  1143 W ActivityManager: Slow operation: 55ms so far, now at startProcess: done updating pids map
04-15 09:44:20.431  1073  1721 I chatty  : uid=1000(system) Binder:1073_7 expire 12 lines
04-15 09:44:20.501  5036  5036 I Perf    : Connecting to perf service.
04-15 09:44:20.513  5036  5036 E DiagJNIInterface: Trying to load libDiagService
04-15 09:44:20.591  5036  5036 I Diag_Lib: Diag_LSM_Init call succeeded
04-15 09:44:30.381  1073  1143 W ActivityManager: Slow operation: 53ms so far, now at startProcess: returned from zygote!
04-15 09:44:30.381  1073  1143 W ActivityManager: Slow operation: 54ms so far, now at startProcess: done updating battery stats
04-15 09:44:30.381  1073  1143 W ActivityManager: Slow operation: 54ms so far, now at startProcess: building log message
04-15 09:44:30.381  1073  1143 I ActivityManager: Start proc 5054:com.qualcomm.simcontacts/1001 for service com.qualcomm.simcontacts/.SimContactsService
04-15 09:44:30.381  1073  1143 W ActivityManager: Slow operation: 54ms so far, now at startProcess: starting to update pids map
04-15 09:44:30.382  1073  1143 W ActivityManager: Slow operation: 54ms so far, now at startProcess: done updating pids map
04-15 09:44:30.557  5054  5054 I Perf    : Connecting to perf service.
04-15 09:44:30.570  5054  5054 D SimContactsService: service onCreate!
04-15 09:44:30.613  5054  5054 D SimContactsService: service onStart!
04-15 09:44:30.613  5054  5054 D SimContactsService: service onStart! intent is null
04-15 09:44:33.975  1073  1332 D BatteryLED: mData: 0
04-15 09:44:33.975  1073  1332 D BatteryLED: result: 0
04-15 09:44:33.975  1073  1332 D BatteryLED: mData: 
04-15 09:44:33.975  1073  1332 D BatteryLED: result: 0
04-15 09:44:33.976  1073  1332 D BatteryLED: mHealthInfo.batteryStatus2 charge_type =0
04-15 09:44:33.976  1073  1332 D BatteryLED: BATTERY_STATUS_CHARGING setColor(mBatteryOrange
04-15 09:44:33.978  1563  1563 I chatty  : uid=10032(com.android.systemui) expire 1 line
04-15 09:44:33.978  1563  1563 D KeyguardUpdateMonitor: handleBatteryUpdate
04-15 09:44:33.978  1766  1766 D QtiCarrierConfigHelper: WARNING, no carrier configs on phone Id: 0
04-15 09:44:54.455  1073  1332 D BatteryLED: mData: 0
04-15 09:44:54.455  1073  1332 D BatteryLED: result: 0
04-15 09:44:54.455  1073  1332 D BatteryLED: mData: 
04-15 09:44:54.455  1073  1332 D BatteryLED: result: 0
04-15 09:44:54.455  1073  1332 D BatteryLED: mHealthInfo.batteryStatus2 charge_type =0
04-15 09:44:54.455  1073  1332 D BatteryLED: BATTERY_STATUS_CHARGING setColor(mBatteryOrange
04-15 09:44:54.456  1563  1563 D KeyguardUpdateMonitor: received broadcast android.intent.action.BATTERY_CHANGED
04-15 09:44:54.457  1766  1766 D QtiCarrierConfigHelper: WARNING, no carrier configs on phone Id: 0
04-15 09:44:54.459  1563  1563 D KeyguardUpdateMonitor: handleBatteryUpdate
04-15 09:45:01.749   731   731 I chatty  : uid=0(root) /vendor/bin/vm_bms expire 76 lines
04-15 09:45:01.837  1073  1332 D BatteryLED: mData: 0
04-15 09:45:01.837  1073  1332 D BatteryLED: result: 0
04-15 09:45:01.837  1073  1332 D BatteryLED: mData: 
04-15 09:45:01.837  1073  1332 D BatteryLED: result: 0
04-15 09:45:01.837  1073  1332 D BatteryLED: mHealthInfo.batteryStatus2 charge_type =0
04-15 09:45:01.837  1073  1332 D BatteryLED: BATTERY_STATUS_CHARGING setColor(mBatteryOrange
04-15 09:45:01.840  1563  1563 D KeyguardUpdateMonitor: received broadcast android.intent.action.BATTERY_CHANGED
04-15 09:45:01.841  1766  1766 D QtiCarrierConfigHelper: WARNING, no carrier configs on phone Id: 0
04-15 09:45:01.842  1563  1563 D KeyguardUpdateMonitor: handleBatteryUpdate
04-15 09:45:08.307   777  1018 E storaged: getDiskStats failed with result NOT_SUPPORTED and size 0
04-15 09:45:11.096  1073  1332 D BatteryLED: mData: 0
04-15 09:45:11.097  1073  1332 D BatteryLED: result: 0
04-15 09:45:11.097  1073  1332 D BatteryLED: mData: 
04-15 09:45:11.097  1073  1332 D BatteryLED: result: 0
04-15 09:45:11.097  1073  1332 D BatteryLED: mHealthInfo.batteryStatus2 charge_type =0
04-15 09:45:11.097  1073  1332 D BatteryLED: BATTERY_STATUS_CHARGING setColor(mBatteryOrange
04-15 09:45:11.100  1563  1563 D KeyguardUpdateMonitor: received broadcast android.intent.action.BATTERY_CHANGED
04-15 09:45:11.101  1766  1766 D QtiCarrierConfigHelper: WARNING, no carrier configs on phone Id: 0
04-15 09:45:11.102  1563  1563 D KeyguardUpdateMonitor: handleBatteryUpdate
04-15 09:45:11.174  1073  1161 E KernelCpuSpeedReader: Failed to read cpu-freq: /sys/devices/system/cpu/cpu0/cpufreq/stats/time_in_state (No such file or directory)
04-15 09:45:11.217  1073  1073 I chatty  : uid=1000 system_server expire 3 lines
04-15 09:45:11.220  1073  1073 W Looper  : Slow dispatch took 113ms main h=com.android.server.job.JobSchedulerService$JobHandler c=null m=0
04-15 09:45:11.240  1073  1073 V BackupManagerService: Scheduling immediate backup pass
04-15 09:45:11.289  1073  1073 W BackupManagerService: Backup pass but e=false p=true
04-15 09:45:11.416  1073  1085 I chatty  : uid=1000(system) HeapTaskDaemon expire 1 line
04-15 09:45:13.842  1563  1563 D KeyguardUpdateMonitor: received broadcast android.intent.action.BATTERY_CHANGED
04-15 09:45:13.844  1563  1563 D KeyguardUpdateMonitor: handleBatteryUpdate
04-15 09:45:13.845  1766  1766 D QtiCarrierConfigHelper: WARNING, no carrier configs on phone Id: 0
04-15 09:45:13.846  1073  1332 D BatteryLED: mData: 0
04-15 09:45:13.846  1073  1332 D BatteryLED: result: 0
04-15 09:45:13.847  1073  1332 D BatteryLED: mData: 
04-15 09:45:13.847  1073  1332 D BatteryLED: result: 0
04-15 09:45:13.847  1073  1332 D BatteryLED: mHealthInfo.batteryStatus2 charge_type =0
04-15 09:45:13.847  1073  1332 D BatteryLED: BATTERY_STATUS_CHARGING setColor(mBatteryOrange
04-15 09:45:34.135  1073  1332 D BatteryLED: mData: 0
04-15 09:45:34.136  1073  1332 D BatteryLED: result: 0
04-15 09:45:34.136  1073  1332 D BatteryLED: mData: 
04-15 09:45:34.136  1073  1332 D BatteryLED: result: 0
04-15 09:45:34.137  1073  1332 D BatteryLED: mHealthInfo.batteryStatus2 charge_type =0
04-15 09:45:34.137  1073  1332 D BatteryLED: BATTERY_STATUS_CHARGING setColor(mBatteryOrange
04-15 09:45:34.138  1563  1563 D KeyguardUpdateMonitor: received broadcast android.intent.action.BATTERY_CHANGED
04-15 09:45:34.138  1766  1766 D QtiCarrierConfigHelper: WARNING, no carrier configs on phone Id: 0
04-15 09:45:34.141  1563  1563 D KeyguardUpdateMonitor: handleBatteryUpdate
04-15 09:45:54.621  1073  1332 D BatteryLED: mData: 0
04-15 09:45:54.621  1073  1332 D BatteryLED: result: 0
04-15 09:45:54.621  1073  1332 D BatteryLED: mData: 
04-15 09:45:54.621  1073  1332 D BatteryLED: result: 0
04-15 09:45:54.621  1073  1332 D BatteryLED: mHealthInfo.batteryStatus2 charge_type =0
04-15 09:45:54.621  1073  1332 D BatteryLED: BATTERY_STATUS_CHARGING setColor(mBatteryOrange
04-15 09:45:54.624  1766  1766 D QtiCarrierConfigHelper: WARNING, no carrier configs on phone Id: 0
04-15 09:45:54.624  1563  1563 D KeyguardUpdateMonitor: received broadcast android.intent.action.BATTERY_CHANGED
04-15 09:45:54.626  1563  1563 D KeyguardUpdateMonitor: handleBatteryUpdate
04-15 09:46:02.099   731   731 I chatty  : uid=0(root) /vendor/bin/vm_bms expire 76 lines
04-15 09:46:02.183  1073  1332 D BatteryLED: mData: 0
04-15 09:46:02.183  1073  1332 D BatteryLED: result: 0
04-15 09:46:02.183  1073  1332 D BatteryLED: mData: 
04-15 09:46:02.183  1073  1332 D BatteryLED: result: 0
04-15 09:46:02.183  1073  1332 D BatteryLED: mHealthInfo.batteryStatus2 charge_type =0
04-15 09:46:02.183  1073  1332 D BatteryLED: BATTERY_STATUS_CHARGING setColor(mBatteryOrange
04-15 09:46:02.185  1563  1563 D KeyguardUpdateMonitor: received broadcast android.intent.action.BATTERY_CHANGED
04-15 09:46:02.187  1563  1563 D KeyguardUpdateMonitor: handleBatteryUpdate
04-15 09:46:02.188  1766  1766 D QtiCarrierConfigHelper: WARNING, no carrier configs on phone Id: 0
04-15 09:46:08.309   777  1018 E storaged: getDiskStats failed with result NOT_SUPPORTED and size 0
04-15 09:46:14.209  1563  1563 D KeyguardUpdateMonitor: received broadcast android.intent.action.BATTERY_CHANGED
04-15 09:46:14.211  1766  1766 D QtiCarrierConfigHelper: WARNING, no carrier configs on phone Id: 0
04-15 09:46:14.211  1563  1563 D KeyguardUpdateMonitor: handleBatteryUpdate
04-15 09:46:14.212  1073  1332 D BatteryLED: mData: 0
04-15 09:46:14.212  1073  1332 D BatteryLED: result: 0
04-15 09:46:14.213  1073  1332 D BatteryLED: mData: 
04-15 09:46:14.213  1073  1332 D BatteryLED: result: 0
04-15 09:46:14.213  1073  1332 D BatteryLED: mHealthInfo.batteryStatus2 charge_type =0
04-15 09:46:14.213  1073  1332 D BatteryLED: BATTERY_STATUS_CHARGING setColor(mBatteryOrange
04-15 09:46:34.303  1073  1332 D BatteryLED: mData: 0
04-15 09:46:34.303  1073  1332 D BatteryLED: result: 0
04-15 09:46:34.303  1073  1332 D BatteryLED: mData: 
04-15 09:46:34.303  1073  1332 D BatteryLED: result: 0
04-15 09:46:34.304  1073  1332 D BatteryLED: mHealthInfo.batteryStatus2 charge_type =0
04-15 09:46:34.304  1073  1332 D BatteryLED: BATTERY_STATUS_CHARGING setColor(mBatteryOrange
04-15 09:46:34.306  1563  1563 D KeyguardUpdateMonitor: received broadcast android.intent.action.BATTERY_CHANGED
04-15 09:46:34.307  1766  1766 D QtiCarrierConfigHelper: WARNING, no carrier configs on phone Id: 0
04-15 09:46:34.308  1563  1563 D KeyguardUpdateMonitor: handleBatteryUpdate
04-15 09:46:43.263  1073  1332 D BatteryLED: mData: 0
04-15 09:46:43.263  1073  1332 D BatteryLED: result: 0
04-15 09:46:43.263  1073  1332 D BatteryLED: mData: 
04-15 09:46:43.263  1073  1332 D BatteryLED: result: 0
04-15 09:46:43.263  1073  1332 D BatteryLED: mHealthInfo.batteryStatus2 charge_type =0
04-15 09:46:43.263  1073  1332 D BatteryLED: BATTERY_STATUS_CHARGING setColor(mBatteryOrange
04-15 09:46:43.264  1563  1563 D KeyguardUpdateMonitor: received broadcast android.intent.action.BATTERY_CHANGED
04-15 09:46:43.265  1766  1766 D QtiCarrierConfigHelper: WARNING, no carrier configs on phone Id: 0
04-15 09:46:43.266  1563  1563 D KeyguardUpdateMonitor: handleBatteryUpdate
04-15 09:46:44.361  1073  1161 E KernelCpuSpeedReader: Failed to read cpu-freq: /sys/devices/system/cpu/cpu0/cpufreq/stats/time_in_state (No such file or directory)
04-15 09:46:44.510  1073  1358 I PowerManagerService: Waking up from dozing (uid=1000 reason=android.policy:POWER)...
04-15 09:46:44.511  1073  1073 W UsageStatsService: Event reported without a package name
04-15 09:46:44.517  1073  1209 I DisplayPowerController: Blocking screen on until initial contents have been drawn.
04-15 09:46:44.518  1073  1161 E KernelCpuSpeedReader: Failed to read cpu-freq: /sys/devices/system/cpu/cpu0/cpufreq/stats/time_in_state (No such file or directory)
04-15 09:46:44.541  1563  2175 D KeyguardViewMediator: onStartedWakingUp, seq = 4
04-15 09:46:44.541  1563  2175 D KeyguardViewMediator: notifyStartedWakingUp
04-15 09:46:44.542  1563  1563 D KeyguardViewMediator: handleNotifyWakingUp
04-15 09:46:44.543  1563  1563 V KeyguardUpdateMonitor: startListeningForFingerprint()
04-15 09:46:44.544  1073  1721 V FingerprintService: mDaemon was null, reconnect to fingerprint
04-15 09:46:44.545   495   495 E QTI PowerHAL: Failed to acquire lock for hint_id: 1041.
04-15 09:46:44.545   495   495 I QTI PowerHAL: Got set_interactive hint
04-15 09:46:44.545   495   495 I QTI PowerHAL: Got set_interactive hint on= 1, count= 5
04-15 09:46:44.545   495   495 E QTI PowerHAL: Error opening /sys/kernel/hbtp/display_pwr: No such file or directory
04-15 09:46:44.546  1073  1721 W FingerprintService: fingerprint HIDL not available
04-15 09:46:44.546  1073  1202 I DisplayManagerService: Display device changed state: "", ON
04-15 09:46:44.547  1563  2175 D KeyguardViewMediator: notifyScreenOn
04-15 09:46:44.550   539   539 I chatty  : uid=1000(system) /system/bin/surfaceflinger expire 10 lines
04-15 09:46:44.553  1563  1563 V KeyguardStatusView: Schedule setEnableMarquee: Enable
04-15 09:46:44.555   481  2484 I chatty  : uid=1041(audioserver) HwBinder:481_4 expire 6 lines
04-15 09:46:44.558   491   636 I SDM     : DisplayBase::SetDisplayState: Set state = 1, display 0
04-15 09:46:44.573  1563  1563 D StatusBar: disable<e i a s b H R c s > disable2<q i n >
04-15 09:46:44.573  1563  1563 D StatusBar: disable<e i a s b H R c s > disable2<q i n >
04-15 09:46:44.574  1563  1563 D KeyguardViewMediator: handleNotifyScreenTurningOn
04-15 09:46:44.620  1073  1209 I DisplayPowerController: Unblocked screen on after 103 ms
04-15 09:46:44.962  1073  1440 I chatty  : uid=1000(system) PhotonicModulat expire 2 lines
04-15 09:46:44.963  1563  1590 D KeyguardViewMediator: notifyScreenTurnedOn
04-15 09:46:44.963  1073  1209 W PowerManagerService: Screen on took 735 ms
04-15 09:46:44.963  1073  1209 I DreamManagerService: Gently waking up from dream.
04-15 09:46:44.964  1073  1198 I DreamManagerService: Performing gentle wake from dream.
04-15 09:46:45.001  1563  1563 D KeyguardViewMediator: handleNotifyScreenTurnedOn
04-15 09:46:45.002  1073  1928 I DreamManagerService: Leaving dreamland.
04-15 09:46:45.002  1073  1198 I DreamManagerService: Performing gentle wake from dream.
04-15 09:46:45.002  1073  1198 I DreamController: Stopping dream: name=ComponentInfo{com.android.systemui/com.android.systemui.doze.DozeService}, isTest=false, canDoze=true, userId=0
04-15 09:46:45.003  1073  1073 I chatty  : uid=1000 system_server expire 1 line
04-15 09:46:45.032  2184  2184 I libnfc_nci: [INFO:NativeNfcManager.cpp(5448)] nfcManager_doSetScreenState: Enter state = 4
04-15 09:46:45.036  2184  5085 D NfcService: applyRouting enter
04-15 09:46:45.036  1563  1563 V KeyguardUpdateMonitor: startListeningForFingerprint()
04-15 09:46:45.039  1073  2337 V FingerprintService: mDaemon was null, reconnect to fingerprint
04-15 09:46:45.041  1073  2337 W FingerprintService: fingerprint HIDL not available
04-15 09:46:45.042  1731  1731 D DPMJ    : |SERVICE| DPM received action android.intent.action.SCREEN_ON
04-15 09:46:45.048  2137  2137 D EMVCB_SRVC: Screen ON -->
04-15 09:46:45.054  1563  1563 D KeyguardUpdateMonitor: received broadcast android.intent.action.TIME_TICK
04-15 09:46:45.055  1563  1563 D KeyguardUpdateMonitor: handleTimeUpdate
04-15 09:46:46.554  1563  1563 V KeyguardStatusView: Enable transport text marquee
04-15 09:46:46.642  1073  1358 D WindowManager: powerPress: eventTime=31589018 interactive=true count=1 beganFromNonInteractive=false mShortPressOnPowerBehavior=1
04-15 09:46:46.642  1073  1358 I PowerManagerService: Going to sleep due to power button (uid 1000)...
04-15 09:46:46.643  1073  1073 W UsageStatsService: Event reported without a package name
04-15 09:46:46.678  1563  1582 D KeyguardViewMediator: onStartedGoingToSleep(2)
04-15 09:46:46.681  1563  1582 D KeyguardViewMediator: notifyStartedGoingToSleep
04-15 09:46:46.683  1563  1563 V KeyguardUpdateMonitor: startListeningForFingerprint()
04-15 09:46:46.684  1073  1721 V FingerprintService: mDaemon was null, reconnect to fingerprint
04-15 09:46:46.686  1073  1721 W FingerprintService: fingerprint HIDL not available
04-15 09:46:46.687  1563  1563 D KeyguardViewMediator: handleNotifyStartedGoingToSleep
04-15 09:46:46.688  1563  1563 I vol.Events: writeEvent dismiss_dialog volume_controller
04-15 09:46:47.043  1073  1721 I chatty  : uid=1000(system) Binder:1073_7 expire 1 line
04-15 09:46:47.050   861  1628 I LOWI-8.6.0.33: [LOWI-Scan] lowi_close_record:Scan done in 31553303ms, 13 APs in scan results
04-15 09:46:47.137  1073  1209 I DisplayPowerController: Blocking screen off
04-15 09:46:47.138  1073  1209 I DisplayPowerController: Unblocked screen off after 1 ms
04-15 09:46:47.141  1073  1161 E KernelCpuSpeedReader: Failed to read cpu-freq: /sys/devices/system/cpu/cpu0/cpufreq/stats/time_in_state (No such file or directory)
04-15 09:46:47.161  1563  1582 D KeyguardViewMediator: notifyScreenTurnedOff
04-15 09:46:47.161  1563  1563 D KeyguardViewMediator: handleNotifyScreenTurnedOff
04-15 09:46:47.164  1073  1202 I DisplayManagerService: Display device changed state: "", OFF
04-15 09:46:47.167   491   637 I SDM     : DisplayBase::SetDisplayState: Set state = 0, display 0
04-15 09:46:47.181  1563  1563 D StatusBar: disable<e i a s b H R c s > disable2<q i n >
04-15 09:46:47.181  1563  1563 D StatusBar: disable<e i a s b H R c s > disable2<q i n >
04-15 09:46:47.476   495   495 E QTI PowerHAL: Failed to acquire lock for hint_id: 1040.
04-15 09:46:47.476   495   495 I QTI PowerHAL: Got set_interactive hint
04-15 09:46:47.477   495   495 I QTI PowerHAL: Got set_interactive hint on= 0, count= 6
04-15 09:46:47.477   495   495 E QTI PowerHAL: Error opening /sys/kernel/hbtp/display_pwr: No such file or directory
04-15 09:46:47.479  1073  1209 I DreamManagerService: Entering dreamland.
04-15 09:46:47.479  1073  1209 I PowerManagerService: Dozing...
04-15 09:46:47.481  1073  1198 I DreamController: Starting dream: name=ComponentInfo{com.android.systemui/com.android.systemui.doze.DozeService}, isTest=false, canDoze=true, userId=0
04-15 09:46:47.482  1073  1140 W BroadcastQueue: Background execution not allowed: receiving Intent { act=android.intent.action.CLOSE_SYSTEM_DIALOGS flg=0x10 (has extras) } to com.callback.kms/.KMSReceiver
04-15 09:46:47.484  1563  1563 I vol.Events: writeEvent dismiss_dialog volume_controller
04-15 09:46:47.488   375   375 I chatty  : uid=1000(system) hwservicemanage expire 11 lines
04-15 09:46:47.490  1073  1198 I chatty  : uid=1000(system) android.fg expire 3 lines
04-15 09:46:47.494  1073  1198 D AutofillManagerService: Close system dialogs
04-15 09:46:47.496  1563  1563 V KeyguardUpdateMonitor: *** register callback for com.android.systemui.doze.DozeUi$1@729433c
04-15 09:46:47.496  1563  1563 V KeyguardUpdateMonitor: *** unregister callback for null
04-15 09:46:47.503  1563  1563 V KeyguardUpdateMonitor: startListeningForFingerprint()
04-15 09:46:47.504  1073  1928 V FingerprintService: mDaemon was null, reconnect to fingerprint
04-15 09:46:47.506  1073  1928 W FingerprintService: fingerprint HIDL not available
04-15 09:46:47.516  1563  1563 D StatusBar: disable<e i a s b H R c s > disable2<q i n >
04-15 09:46:47.535  1563  1563 D StatusBar: disable<e i a s b H R c s > disable2<q i n >
04-15 09:46:47.537  1563  1563 D KeyguardViewMediator: adjustStatusBarLocked: mShowing=true mOccluded=false isSecure=false force=false --> flags=0x1200000
04-15 09:46:47.539  1563  1563 D KeyguardViewBase: show()
04-15 09:46:47.540  1563  1563 V KeyguardSecurityView: showPrimarySecurityScreen(turningOff=false)
04-15 09:46:47.540  1563  1563 D KeyguardSecurityView: showSecurityScreen(None)
04-15 09:46:47.541  1073  1108 V FingerprintService: mDaemon was null, reconnect to fingerprint
04-15 09:46:47.543  1073  1108 W FingerprintService: fingerprint HIDL not available
04-15 09:46:47.544  1563  1563 D StatusBar: disable<e i a s b H R c s > disable2<q i n >
04-15 09:46:47.549  1563  1563 I chatty  : uid=10032(com.android.systemui) identical 10 lines
04-15 09:46:47.550  1563  1563 D StatusBar: disable<e i a s b H R c s > disable2<q i n >
04-15 09:46:47.555  1563  1590 D KeyguardViewMediator: onFinishedGoingToSleep(2)
04-15 09:46:47.555  1563  1590 D KeyguardViewMediator: notifyFinishedGoingToSleep
04-15 09:46:47.555  1563  1590 E KeyguardViewMediator: resetStateLocked
04-15 09:46:47.562  1563  1563 D KeyguardUpdateMonitor: handleKeyguardReset
04-15 09:46:47.562  1563  1563 V KeyguardUpdateMonitor: startListeningForFingerprint()
04-15 09:46:47.563  1073  1928 V FingerprintService: mDaemon was null, reconnect to fingerprint
04-15 09:46:47.565  1073  1928 W FingerprintService: fingerprint HIDL not available
04-15 09:46:47.566  1563  1563 D KeyguardViewMediator: handleNotifyFinishedGoingToSleep
04-15 09:46:47.566  1563  1563 D KeyguardViewMediator: handleReset
04-15 09:46:47.567  1563  1563 D StatusBar: disable<e i a s b H R c s > disable2<q i n >
04-15 09:46:47.574  1563  1563 D StatusBar: disable<e i a s b H R c s > disable2<q i n >
04-15 09:46:47.575  1563  1563 D KeyguardViewMediator: adjustStatusBarLocked: mShowing=true mOccluded=false isSecure=false force=false --> flags=0x1200000
04-15 09:46:47.576  1563  1563 D KeyguardViewBase: show()
04-15 09:46:47.577  1563  1563 V KeyguardSecurityView: showPrimarySecurityScreen(turningOff=false)
04-15 09:46:47.577  1563  1563 D KeyguardSecurityView: showSecurityScreen(None)
04-15 09:46:47.578  1073  1108 V FingerprintService: mDaemon was null, reconnect to fingerprint
04-15 09:46:47.580  1073  1108 W FingerprintService: fingerprint HIDL not available
04-15 09:46:47.581  1563  1563 V KeyguardStatusView: Schedule setEnableMarquee: Disable
04-15 09:46:47.581  1563  1563 V KeyguardStatusView: Disable transport text marquee
04-15 09:46:47.582  1563  1563 V KeyguardUpdateMonitor: startListeningForFingerprint()
04-15 09:46:47.583  1073  1108 V FingerprintService: mDaemon was null, reconnect to fingerprint
04-15 09:46:47.585  1073  1108 W FingerprintService: fingerprint HIDL not available
04-15 09:46:47.585  1563  1563 D StatusBar: disable<e i a s b H R c s > disable2<q i n >
04-15 09:46:47.592  1563  1563 D StatusBar: disable<e i a s b H R c s > disable2<q i n >
04-15 09:46:47.592  1563  1563 I vol.Events: writeEvent dismiss_dialog screen_off
04-15 09:46:47.596  1563  1563 D KeyguardUpdateMonitor: handleKeyguardReset
04-15 09:46:47.596  1563  1563 V KeyguardUpdateMonitor: startListeningForFingerprint()
04-15 09:46:47.598  1073  1928 V FingerprintService: mDaemon was null, reconnect to fingerprint
04-15 09:46:47.600  1073  1928 W FingerprintService: fingerprint HIDL not available
04-15 09:46:47.612  2184  2184 I libnfc_nci: [INFO:NativeNfcManager.cpp(5448)] nfcManager_doSetScreenState: Enter state = 2
04-15 09:46:47.615  2184  5086 D NfcService: applyRouting enter
04-15 09:46:47.616  1731  1731 D DPMJ    : |SERVICE| DPM received action android.intent.action.SCREEN_OFF
04-15 09:46:47.619  2269  2269 E LibSecureUISvc: svc_sock_send_message(suisvc): invalid remote socket suitch
04-15 09:46:47.619  2269  2269 E LibSecureUISvc: svc_sock_send_message(suisvc): invalid remote socket suilst
04-15 09:46:47.620  2137  2137 D EMVCB_SRVC: Screen OFF -->
04-15 09:46:47.621  2137  2137 D EMVCB_SRVC: eventShowVirtualPIN Not Triggered
04-15 09:46:54.783  1073  1332 D BatteryLED: mData: 0
04-15 09:46:54.783  1073  1332 D BatteryLED: result: 0
04-15 09:46:54.783  1073  1332 D BatteryLED: mData: 
04-15 09:46:54.783  1073  1332 D BatteryLED: result: 0
04-15 09:46:54.784  1073  1332 D BatteryLED: mHealthInfo.batteryStatus2 charge_type =0
04-15 09:46:54.784  1073  1332 D BatteryLED: BATTERY_STATUS_CHARGING setColor(mBatteryOrange
04-15 09:46:54.787  1563  1563 D KeyguardUpdateMonitor: received broadcast android.intent.action.BATTERY_CHANGED
04-15 09:46:54.787  1766  1766 D QtiCarrierConfigHelper: WARNING, no carrier configs on phone Id: 0
04-15 09:46:54.790  1563  1563 D KeyguardUpdateMonitor: handleBatteryUpdate
04-15 09:47:02.449   731   731 I chatty  : uid=0(root) /vendor/bin/vm_bms expire 76 lines
04-15 09:47:02.530  1073  1332 D BatteryLED: mData: 0
04-15 09:47:02.531  1563  1563 D KeyguardUpdateMonitor: received broadcast android.intent.action.BATTERY_CHANGED
04-15 09:47:02.532  1073  1332 D BatteryLED: result: 0
04-15 09:47:02.532  1073  1332 D BatteryLED: mData: 
04-15 09:47:02.532  1073  1332 D BatteryLED: result: 0
04-15 09:47:02.532  1073  1332 D BatteryLED: mHealthInfo.batteryStatus2 charge_type =0
04-15 09:47:02.532  1073  1332 D BatteryLED: BATTERY_STATUS_CHARGING setColor(mBatteryOrange
04-15 09:47:02.534  1563  1563 D KeyguardUpdateMonitor: handleBatteryUpdate
04-15 09:47:02.536  1766  1766 D QtiCarrierConfigHelper: WARNING, no carrier configs on phone Id: 0
04-15 09:47:08.310   777  1018 E storaged: getDiskStats failed with result NOT_SUPPORTED and size 0
04-15 09:47:14.554  1563  1563 D KeyguardUpdateMonitor: received broadcast android.intent.action.BATTERY_CHANGED
04-15 09:47:14.556  1563  1563 D KeyguardUpdateMonitor: handleBatteryUpdate
04-15 09:47:14.557  1766  1766 D QtiCarrierConfigHelper: WARNING, no carrier configs on phone Id: 0
04-15 09:47:14.558  1073  1332 D BatteryLED: mData: 0
04-15 09:47:14.558  1073  1332 D BatteryLED: result: 0
04-15 09:47:14.558  1073  1332 D BatteryLED: mData: 
04-15 09:47:14.558  1073  1332 D BatteryLED: result: 0
04-15 09:47:14.559  1073  1332 D BatteryLED: mHealthInfo.batteryStatus2 charge_type =0
04-15 09:47:14.559  1073  1332 D BatteryLED: BATTERY_STATUS_CHARGING setColor(mBatteryOrange
04-15 09:47:35.094  1073  1332 D BatteryLED: mData: 0
04-15 09:47:35.094  1073  1332 D BatteryLED: result: 0
04-15 09:47:35.094  1073  1332 D BatteryLED: mData: 
04-15 09:47:35.094  1073  1332 D BatteryLED: result: 0
04-15 09:47:35.094  1073  1332 D BatteryLED: mHealthInfo.batteryStatus2 charge_type =0
04-15 09:47:35.094  1073  1332 D BatteryLED: BATTERY_STATUS_CHARGING setColor(mBatteryOrange
04-15 09:47:35.096  1563  1563 D KeyguardUpdateMonitor: received broadcast android.intent.action.BATTERY_CHANGED
04-15 09:47:35.097  1766  1766 D QtiCarrierConfigHelper: WARNING, no carrier configs on phone Id: 0
04-15 09:47:35.099  1563  1563 D KeyguardUpdateMonitor: handleBatteryUpdate
04-15 09:47:55.583  1073  1332 D BatteryLED: mData: 0
04-15 09:47:55.583  1073  1332 D BatteryLED: result: 0
04-15 09:47:55.583  1073  1332 D BatteryLED: mData: 
04-15 09:47:55.583  1073  1332 D BatteryLED: result: 0
04-15 09:47:55.583  1073  1332 D BatteryLED: mHealthInfo.batteryStatus2 charge_type =0
04-15 09:47:55.583  1073  1332 D BatteryLED: BATTERY_STATUS_CHARGING setColor(mBatteryOrange
04-15 09:47:55.585  1563  1563 D KeyguardUpdateMonitor: received broadcast android.intent.action.BATTERY_CHANGED
04-15 09:47:55.585  1766  1766 D QtiCarrierConfigHelper: WARNING, no carrier configs on phone Id: 0
04-15 09:47:55.587  1563  1563 D KeyguardUpdateMonitor: handleBatteryUpdate
04-15 09:48:02.819   731   731 I chatty  : uid=0(root) /vendor/bin/vm_bms expire 76 lines
04-15 09:48:02.914  1073  1332 D BatteryLED: mData: 0
04-15 09:48:02.914  1073  1332 D BatteryLED: result: 0
04-15 09:48:02.914  1073  1332 D BatteryLED: mData: 
04-15 09:48:02.914  1073  1332 D BatteryLED: result: 0
04-15 09:48:02.915  1073  1332 D BatteryLED: mHealthInfo.batteryStatus2 charge_type =0
04-15 09:48:02.915  1073  1332 D BatteryLED: BATTERY_STATUS_CHARGING setColor(mBatteryOrange
04-15 09:48:02.916  1563  1563 D KeyguardUpdateMonitor: received broadcast android.intent.action.BATTERY_CHANGED
04-15 09:48:02.916  1766  1766 D QtiCarrierConfigHelper: WARNING, no carrier configs on phone Id: 0
04-15 09:48:02.920  1563  1563 D KeyguardUpdateMonitor: handleBatteryUpdate
04-15 09:48:08.311   777  1018 E storaged: getDiskStats failed with result NOT_SUPPORTED and size 0
04-15 09:48:14.947  1073  1332 D BatteryLED: mData: 0
04-15 09:48:14.947  1073  1332 D BatteryLED: result: 0
04-15 09:48:14.947  1073  1332 D BatteryLED: mData: 
04-15 09:48:14.947  1073  1332 D BatteryLED: result: 0
04-15 09:48:14.947  1073  1332 D BatteryLED: mHealthInfo.batteryStatus2 charge_type =0
04-15 09:48:14.947  1073  1332 D BatteryLED: BATTERY_STATUS_CHARGING setColor(mBatteryOrange
04-15 09:48:14.950  1766  1766 D QtiCarrierConfigHelper: WARNING, no carrier configs on phone Id: 0
04-15 09:48:14.950  1563  1563 D KeyguardUpdateMonitor: received broadcast android.intent.action.BATTERY_CHANGED
04-15 09:48:14.952  1563  1563 D KeyguardUpdateMonitor: handleBatteryUpdate
04-15 09:48:15.771  1073  1161 E KernelCpuSpeedReader: Failed to read cpu-freq: /sys/devices/system/cpu/cpu0/cpufreq/stats/time_in_state (No such file or directory)
04-15 09:48:35.269  1073  1332 D BatteryLED: mData: 0
04-15 09:48:35.269  1073  1332 D BatteryLED: result: 0
04-15 09:48:35.270  1073  1332 D BatteryLED: mData: 
04-15 09:48:35.270  1073  1332 D BatteryLED: result: 0
04-15 09:48:35.270  1073  1332 D BatteryLED: mHealthInfo.batteryStatus2 charge_type =0
04-15 09:48:35.270  1073  1332 D BatteryLED: BATTERY_STATUS_CHARGING setColor(mBatteryOrange
04-15 09:48:35.271  1563  1563 D KeyguardUpdateMonitor: received broadcast android.intent.action.BATTERY_CHANGED
04-15 09:48:35.271  1766  1766 D QtiCarrierConfigHelper: WARNING, no carrier configs on phone Id: 0
04-15 09:48:35.273  1563  1563 D KeyguardUpdateMonitor: handleBatteryUpdate
04-15 09:48:55.749  1073  1332 D BatteryLED: mData: 0
04-15 09:48:55.749  1073  1332 D BatteryLED: result: 0
04-15 09:48:55.749  1073  1332 D BatteryLED: mData: 
04-15 09:48:55.749  1073  1332 D BatteryLED: result: 0
04-15 09:48:55.749  1073  1332 D BatteryLED: mHealthInfo.batteryStatus2 charge_type =0
04-15 09:48:55.749  1073  1332 D BatteryLED: BATTERY_STATUS_CHARGING setColor(mBatteryOrange
04-15 09:48:55.750  1563  1563 D KeyguardUpdateMonitor: received broadcast android.intent.action.BATTERY_CHANGED
04-15 09:48:55.752  1563  1563 D KeyguardUpdateMonitor: handleBatteryUpdate
04-15 09:48:55.753  1766  1766 D QtiCarrierConfigHelper: WARNING, no carrier configs on phone Id: 0
04-15 09:49:03.239   731   731 I chatty  : uid=0(root) /vendor/bin/vm_bms expire 76 lines
04-15 09:49:03.334  1073  1332 D BatteryLED: mData: 0
04-15 09:49:03.334  1563  1563 D KeyguardUpdateMonitor: received broadcast android.intent.action.BATTERY_CHANGED
04-15 09:49:03.334  1073  1332 D BatteryLED: result: 0
04-15 09:49:03.334  1073  1332 D BatteryLED: mData: 
04-15 09:49:03.334  1073  1332 D BatteryLED: result: 0
04-15 09:49:03.334  1073  1332 D BatteryLED: mHealthInfo.batteryStatus2 charge_type =0
04-15 09:49:03.334  1073  1332 D BatteryLED: BATTERY_STATUS_CHARGING setColor(mBatteryOrange
04-15 09:49:03.334  1766  1766 D QtiCarrierConfigHelper: WARNING, no carrier configs on phone Id: 0
04-15 09:49:03.337  1563  1563 D KeyguardUpdateMonitor: handleBatteryUpdate
04-15 09:49:08.313   777  1018 E storaged: getDiskStats failed with result NOT_SUPPORTED and size 0
04-15 09:49:15.306  1766  1766 D QtiCarrierConfigHelper: WARNING, no carrier configs on phone Id: 0
04-15 09:49:15.306  1563  1563 D KeyguardUpdateMonitor: received broadcast android.intent.action.BATTERY_CHANGED
04-15 09:49:15.308  1563  1563 D KeyguardUpdateMonitor: handleBatteryUpdate
04-15 09:49:15.309  1073  1332 D BatteryLED: mData: 0
04-15 09:49:15.309  1073  1332 D BatteryLED: result: 0
04-15 09:49:15.309  1073  1332 D BatteryLED: mData: 
04-15 09:49:15.309  1073  1332 D BatteryLED: result: 0
04-15 09:49:15.309  1073  1332 D BatteryLED: mHealthInfo.batteryStatus2 charge_type =0
04-15 09:49:15.309  1073  1332 D BatteryLED: BATTERY_STATUS_CHARGING setColor(mBatteryOrange
04-15 09:49:35.439  1073  1332 D BatteryLED: mData: 0
04-15 09:49:35.439  1073  1332 D BatteryLED: result: 0
04-15 09:49:35.439  1073  1332 D BatteryLED: mData: 
04-15 09:49:35.439  1073  1332 D BatteryLED: result: 0
04-15 09:49:35.440  1073  1332 D BatteryLED: mHealthInfo.batteryStatus2 charge_type =0
04-15 09:49:35.440  1073  1332 D BatteryLED: BATTERY_STATUS_CHARGING setColor(mBatteryOrange
04-15 09:49:35.440  1563  1563 D KeyguardUpdateMonitor: received broadcast android.intent.action.BATTERY_CHANGED
04-15 09:49:35.442  1766  1766 D QtiCarrierConfigHelper: WARNING, no carrier configs on phone Id: 0
04-15 09:49:35.442  1563  1563 D KeyguardUpdateMonitor: handleBatteryUpdate
04-15 09:49:47.579  1073  1332 D BatteryLED: mData: 0
04-15 09:49:47.579  1073  1332 D BatteryLED: result: 0
04-15 09:49:47.579  1073  1332 D BatteryLED: mData: 
04-15 09:49:47.579  1073  1332 D BatteryLED: result: 0
04-15 09:49:47.580  1073  1332 D BatteryLED: mHealthInfo.batteryStatus2 charge_type =0
04-15 09:49:47.580  1073  1332 D BatteryLED: BATTERY_STATUS_CHARGING setColor(mBatteryOrange
04-15 09:49:47.584  1563  1563 D KeyguardUpdateMonitor: received broadcast android.intent.action.BATTERY_CHANGED
04-15 09:49:47.585  1766  1766 D QtiCarrierConfigHelper: WARNING, no carrier configs on phone Id: 0
04-15 09:49:47.586  1563  1563 D KeyguardUpdateMonitor: handleBatteryUpdate
04-15 09:49:48.327  1073  1161 E KernelCpuSpeedReader: Failed to read cpu-freq: /sys/devices/system/cpu/cpu0/cpufreq/stats/time_in_state (No such file or directory)
04-15 09:49:55.910  1073  1332 D BatteryLED: mData: 0
04-15 09:49:55.910  1073  1332 D BatteryLED: result: 0
04-15 09:49:55.910  1073  1332 D BatteryLED: mData: 
04-15 09:49:55.910  1073  1332 D BatteryLED: result: 0
04-15 09:49:55.911  1073  1332 D BatteryLED: mHealthInfo.batteryStatus2 charge_type =0
04-15 09:49:55.911  1073  1332 D BatteryLED: BATTERY_STATUS_CHARGING setColor(mBatteryOrange
04-15 09:49:55.911  1563  1563 D KeyguardUpdateMonitor: received broadcast android.intent.action.BATTERY_CHANGED
04-15 09:49:55.913  1766  1766 D QtiCarrierConfigHelper: WARNING, no carrier configs on phone Id: 0
04-15 09:49:55.914  1563  1563 D KeyguardUpdateMonitor: handleBatteryUpdate
04-15 09:50:00.003  1563  1563 D KeyguardUpdateMonitor: received broadcast android.intent.action.TIME_TICK
04-15 09:50:00.004  1563  1563 D KeyguardUpdateMonitor: handleTimeUpdate
04-15 09:50:03.549   731   731 I chatty  : uid=0(root) /vendor/bin/vm_bms expire 76 lines
04-15 09:50:03.633  1073  1332 D BatteryLED: mData: 0
04-15 09:50:03.633  1073  1332 D BatteryLED: result: 0
04-15 09:50:03.633  1073  1332 D BatteryLED: mData: 
04-15 09:50:03.633  1073  1332 D BatteryLED: result: 0
04-15 09:50:03.634  1073  1332 D BatteryLED: mHealthInfo.batteryStatus2 charge_type =0
04-15 09:50:03.634  1073  1332 D BatteryLED: BATTERY_STATUS_CHARGING setColor(mBatteryOrange
04-15 09:50:03.635  1563  1563 D KeyguardUpdateMonitor: received broadcast android.intent.action.BATTERY_CHANGED
04-15 09:50:03.638  1563  1563 D KeyguardUpdateMonitor: handleBatteryUpdate
04-15 09:50:03.638  1766  1766 D QtiCarrierConfigHelper: WARNING, no carrier configs on phone Id: 0
04-15 09:50:08.314   777  1018 E storaged: getDiskStats failed with result NOT_SUPPORTED and size 0
04-15 09:50:15.655  1073  1332 D BatteryLED: mData: 0
04-15 09:50:15.655  1073  1332 D BatteryLED: result: 0
04-15 09:50:15.655  1073  1332 D BatteryLED: mData: 
04-15 09:50:15.655  1073  1332 D BatteryLED: result: 0
04-15 09:50:15.655  1073  1332 D BatteryLED: mHealthInfo.batteryStatus2 charge_type =0
04-15 09:50:15.655  1073  1332 D BatteryLED: BATTERY_STATUS_CHARGING setColor(mBatteryOrange
04-15 09:50:15.657  1563  1563 D KeyguardUpdateMonitor: received broadcast android.intent.action.BATTERY_CHANGED
04-15 09:50:15.658  1766  1766 D QtiCarrierConfigHelper: WARNING, no carrier configs on phone Id: 0
04-15 09:50:15.659  1563  1563 D KeyguardUpdateMonitor: handleBatteryUpdate
04-15 09:50:36.229  1073  1332 D BatteryLED: mData: 0
04-15 09:50:36.229  1073  1332 D BatteryLED: result: 0
04-15 09:50:36.229  1073  1332 D BatteryLED: mData: 
04-15 09:50:36.229  1073  1332 D BatteryLED: result: 0
04-15 09:50:36.230  1073  1332 D BatteryLED: mHealthInfo.batteryStatus2 charge_type =0
04-15 09:50:36.230  1073  1332 D BatteryLED: BATTERY_STATUS_CHARGING setColor(mBatteryOrange
04-15 09:50:36.231  1563  1563 D KeyguardUpdateMonitor: received broadcast android.intent.action.BATTERY_CHANGED
04-15 09:50:36.231  1766  1766 D QtiCarrierConfigHelper: WARNING, no carrier configs on phone Id: 0
04-15 09:50:36.234  1563  1563 D KeyguardUpdateMonitor: handleBatteryUpdate
04-15 09:50:56.701  1073  1332 D BatteryLED: mData: 0
04-15 09:50:56.701  1073  1332 D BatteryLED: result: 0
04-15 09:50:56.701  1073  1332 D BatteryLED: mData: 
04-15 09:50:56.701  1073  1332 D BatteryLED: result: 0
04-15 09:50:56.701  1073  1332 D BatteryLED: mHealthInfo.batteryStatus2 charge_type =0
04-15 09:50:56.701  1073  1332 D BatteryLED: BATTERY_STATUS_CHARGING setColor(mBatteryOrange
04-15 09:50:56.706  1563  1563 D KeyguardUpdateMonitor: received broadcast android.intent.action.BATTERY_CHANGED
04-15 09:50:56.706  1766  1766 D QtiCarrierConfigHelper: WARNING, no carrier configs on phone Id: 0
04-15 09:50:56.708  1563  1563 D KeyguardUpdateMonitor: handleBatteryUpdate
04-15 09:51:03.919   731   731 I chatty  : uid=0(root) /vendor/bin/vm_bms expire 76 lines
04-15 09:51:04.009  1563  1563 D KeyguardUpdateMonitor: received broadcast android.intent.action.BATTERY_CHANGED
04-15 09:51:04.010  1073  1332 D BatteryLED: mData: 0
04-15 09:51:04.010  1766  1766 D QtiCarrierConfigHelper: WARNING, no carrier configs on phone Id: 0
04-15 09:51:04.010  1073  1332 D BatteryLED: result: 0
04-15 09:51:04.010  1073  1332 D BatteryLED: mData: 
04-15 09:51:04.010  1073  1332 D BatteryLED: result: 0
04-15 09:51:04.010  1073  1332 D BatteryLED: mHealthInfo.batteryStatus2 charge_type =0
04-15 09:51:04.010  1073  1332 D BatteryLED: BATTERY_STATUS_CHARGING setColor(mBatteryOrange
04-15 09:51:04.012  1563  1563 D KeyguardUpdateMonitor: handleBatteryUpdate
04-15 09:51:08.315   777  1018 E storaged: getDiskStats failed with result NOT_SUPPORTED and size 0
04-15 09:51:16.069  1073  1332 D BatteryLED: mData: 0
04-15 09:51:16.069  1073  1332 D BatteryLED: result: 0
04-15 09:51:16.069  1073  1332 D BatteryLED: mData: 
04-15 09:51:16.069  1073  1332 D BatteryLED: result: 0
04-15 09:51:16.069  1073  1332 D BatteryLED: mHealthInfo.batteryStatus2 charge_type =0
04-15 09:51:16.069  1073  1332 D BatteryLED: BATTERY_STATUS_CHARGING setColor(mBatteryOrange
04-15 09:51:16.070  1563  1563 D KeyguardUpdateMonitor: received broadcast android.intent.action.BATTERY_CHANGED
04-15 09:51:16.071  1766  1766 D QtiCarrierConfigHelper: WARNING, no carrier configs on phone Id: 0
04-15 09:51:16.072  1563  1563 D KeyguardUpdateMonitor: handleBatteryUpdate
04-15 09:51:16.864  1073  1161 E KernelCpuSpeedReader: Failed to read cpu-freq: /sys/devices/system/cpu/cpu0/cpufreq/stats/time_in_state (No such file or directory)
04-15 09:51:36.383  1073  1332 D BatteryLED: mData: 0
04-15 09:51:36.383  1073  1332 D BatteryLED: result: 0
04-15 09:51:36.383  1073  1332 D BatteryLED: mData: 
04-15 09:51:36.383  1073  1332 D BatteryLED: result: 0
04-15 09:51:36.383  1073  1332 D BatteryLED: mHealthInfo.batteryStatus2 charge_type =0
04-15 09:51:36.384  1073  1332 D BatteryLED: BATTERY_STATUS_CHARGING setColor(mBatteryOrange
04-15 09:51:36.384  1563  1563 D KeyguardUpdateMonitor: received broadcast android.intent.action.BATTERY_CHANGED
04-15 09:51:36.387  1563  1563 D KeyguardUpdateMonitor: handleBatteryUpdate
04-15 09:51:36.388  1766  1766 D QtiCarrierConfigHelper: WARNING, no carrier configs on phone Id: 0
04-15 09:51:56.869  1073  1332 D BatteryLED: mData: 0
04-15 09:51:56.869  1073  1332 D BatteryLED: result: 0
04-15 09:51:56.869  1073  1332 D BatteryLED: mData: 
04-15 09:51:56.869  1073  1332 D BatteryLED: result: 0
04-15 09:51:56.869  1073  1332 D BatteryLED: mHealthInfo.batteryStatus2 charge_type =0
04-15 09:51:56.869  1073  1332 D BatteryLED: BATTERY_STATUS_CHARGING setColor(mBatteryOrange
04-15 09:51:56.870  1563  1563 D KeyguardUpdateMonitor: received broadcast android.intent.action.BATTERY_CHANGED
04-15 09:51:56.872  1563  1563 D KeyguardUpdateMonitor: handleBatteryUpdate
04-15 09:51:56.874  1766  1766 D QtiCarrierConfigHelper: WARNING, no carrier configs on phone Id: 0
04-15 09:52:04.349   731   731 I chatty  : uid=0(root) /vendor/bin/vm_bms expire 66 lines
04-15 09:52:04.437  1073  1332 D BatteryLED: mData: 0
04-15 09:52:04.437  1073  1332 D BatteryLED: result: 0
04-15 09:52:04.437  1073  1332 D BatteryLED: mData: 
04-15 09:52:04.437  1073  1332 D BatteryLED: result: 0
04-15 09:52:04.437  1073  1332 D BatteryLED: mHealthInfo.batteryStatus2 charge_type =0
04-15 09:52:04.437  1073  1332 D BatteryLED: BATTERY_STATUS_CHARGING setColor(mBatteryOrange
04-15 09:52:04.439  1563  1563 D KeyguardUpdateMonitor: received broadcast android.intent.action.BATTERY_CHANGED
04-15 09:52:04.439  1563  1563 D KeyguardUpdateMonitor: handleBatteryUpdate
04-15 09:52:04.440  1766  1766 D QtiCarrierConfigHelper: WARNING, no carrier configs on phone Id: 0
04-15 09:52:08.317   777  1018 E storaged: getDiskStats failed with result NOT_SUPPORTED and size 0
04-15 09:52:16.389   731   731 W vm_bms  : type=1400 audit(0.0:34136): avc: denied { read } for name="u:object_r:default_prop:s0" dev="tmpfs" ino=12619 scontext=u:r:vm_bms:s0 tcontext=u:object_r:default_prop:s0 tclass=file permissive=0
04-15 09:52:16.399   731   731 E libc    : Access denied finding property "vbms.log.enable"
04-15 09:52:16.400   731   731 E libc    : Access denied finding property "vbms.log.enable"
04-15 09:52:16.400   731   731 E libc    : Access denied finding property "vbms.log.enable"
04-15 09:52:16.406   731   731 E libc    : Access denied finding property "vbms.log.enable"
04-15 09:52:16.413   731   731 E libc    : Access denied finding property "vbms.log.enable"
04-15 09:52:16.418   731   731 E libc    : Access denied finding property "vbms.log.enable"
04-15 09:52:16.420   731   731 I VM_BMS  : power_supply_update: ocv_uv=3845080 ibatt=231465 soc=47 seq_num=1062
04-15 09:52:16.420   731   731 E libc    : Access denied finding property "vbms.log.enable"
04-15 09:52:16.421   731   731 E libc    : Access denied finding property "vbms.log.enable"
04-15 09:52:16.463  1073  1332 D BatteryLED: mData: 0
04-15 09:52:16.464  1073  1332 D BatteryLED: result: 0
04-15 09:52:16.464  1073  1332 D BatteryLED: mData: 
04-15 09:52:16.464  1073  1332 D BatteryLED: result: 0
04-15 09:52:16.464  1073  1332 D BatteryLED: mHealthInfo.batteryStatus2 charge_type =0
04-15 09:52:16.464  1073  1332 D BatteryLED: BATTERY_STATUS_CHARGING setColor(mBatteryOrange
04-15 09:52:16.466  1563  1563 D KeyguardUpdateMonitor: received broadcast android.intent.action.BATTERY_CHANGED
04-15 09:52:16.468  1563  1563 D KeyguardUpdateMonitor: handleBatteryUpdate
04-15 09:52:16.469  1766  1766 D QtiCarrierConfigHelper: WARNING, no carrier configs on phone Id: 0
04-15 09:52:36.550  1073  1332 D BatteryLED: mData: 0
04-15 09:52:36.551  1073  1332 D BatteryLED: result: 0
04-15 09:52:36.551  1073  1332 D BatteryLED: mData: 
04-15 09:52:36.551  1073  1332 D BatteryLED: result: 0
04-15 09:52:36.551  1073  1332 D BatteryLED: mHealthInfo.batteryStatus2 charge_type =0
04-15 09:52:36.551  1073  1332 D BatteryLED: BATTERY_STATUS_CHARGING setColor(mBatteryOrange
04-15 09:52:36.554  1563  1563 D KeyguardUpdateMonitor: received broadcast android.intent.action.BATTERY_CHANGED
04-15 09:52:36.555  1766  1766 D QtiCarrierConfigHelper: WARNING, no carrier configs on phone Id: 0
04-15 09:52:36.556  1563  1563 D KeyguardUpdateMonitor: handleBatteryUpdate
04-15 09:52:51.902  1073  1332 D BatteryLED: mData: 0
04-15 09:52:51.902  1073  1332 D BatteryLED: result: 0
04-15 09:52:51.902  1073  1332 D BatteryLED: mData: 
04-15 09:52:51.902  1073  1332 D BatteryLED: result: 0
04-15 09:52:51.902  1073  1332 D BatteryLED: mHealthInfo.batteryStatus2 charge_type =0
04-15 09:52:51.903  1073  1332 D BatteryLED: BATTERY_STATUS_CHARGING setColor(mBatteryOrange
04-15 09:52:51.904  1563  1563 D KeyguardUpdateMonitor: received broadcast android.intent.action.BATTERY_CHANGED
04-15 09:52:51.906  1563  1563 D KeyguardUpdateMonitor: handleBatteryUpdate
04-15 09:52:51.908  1766  1766 D QtiCarrierConfigHelper: WARNING, no carrier configs on phone Id: 0
04-15 09:52:53.438  1073  1161 E KernelCpuSpeedReader: Failed to read cpu-freq: /sys/devices/system/cpu/cpu0/cpufreq/stats/time_in_state (No such file or directory)
04-15 09:52:57.033  1073  1332 D BatteryLED: mData: 0
04-15 09:52:57.034  1073  1332 D BatteryLED: result: 0
04-15 09:52:57.034  1073  1332 D BatteryLED: mData: 
04-15 09:52:57.034  1073  1332 D BatteryLED: result: 0
04-15 09:52:57.034  1073  1332 D BatteryLED: mHealthInfo.batteryStatus2 charge_type =0
04-15 09:52:57.034  1073  1332 D BatteryLED: BATTERY_STATUS_CHARGING setColor(mBatteryOrange
04-15 09:52:57.036  1563  1563 D KeyguardUpdateMonitor: received broadcast android.intent.action.BATTERY_CHANGED
04-15 09:52:57.037  1766  1766 D QtiCarrierConfigHelper: WARNING, no carrier configs on phone Id: 0
04-15 09:52:57.039  1563  1563 D KeyguardUpdateMonitor: handleBatteryUpdate
04-15 09:53:04.729   731   731 W vm_bms  : type=1400 audit(0.0:34155): avc: denied { read } for name="u:object_r:default_prop:s0" dev="tmpfs" ino=12619 scontext=u:r:vm_bms:s0 tcontext=u:object_r:default_prop:s0 tclass=file permissive=0
04-15 09:53:04.729   731   731 I chatty  : uid=0(root) /vendor/bin/vm_bms identical 35 lines
04-15 09:53:04.729   731   731 W vm_bms  : type=1400 audit(0.0:34157): avc: denied { read } for name="u:object_r:default_prop:s0" dev="tmpfs" ino=12619 scontext=u:r:vm_bms:s0 tcontext=u:object_r:default_prop:s0 tclass=file permissive=0
04-15 09:53:04.739   731   731 W vm_bms  : type=1400 audit(0.0:34158): avc: denied { read } for name="u:object_r:default_prop:s0" dev="tmpfs" ino=12619 scontext=u:r:vm_bms:s0 tcontext=u:object_r:default_prop:s0 tclass=file permissive=0
04-15 09:53:04.739   731   731 W vm_bms  : type=1400 audit(0.0:34159): avc: denied { read } for name="u:object_r:default_prop:s0" dev="tmpfs" ino=12619 scontext=u:r:vm_bms:s0 tcontext=u:object_r:default_prop:s0 tclass=file permissive=0
04-15 09:53:04.746   731   731 E libc    : Access denied finding property "vbms.log.enable"
04-15 09:53:04.747   731   731 E libc    : Access denied finding property "vbms.log.enable"
04-15 09:53:04.748   731   731 E libc    : Access denied finding property "vbms.log.enable"
04-15 09:53:04.752   731   731 E libc    : Access denied finding property "vbms.log.enable"
04-15 09:53:04.772   731   731 E libc    : Access denied finding property "vbms.log.enable"
04-15 09:53:04.773   731   731 I VM_BMS  : power_supply_update: ocv_uv=3844608 ibatt=185639 soc=47 seq_num=1063
04-15 09:53:04.773   731   731 E libc    : Access denied finding property "vbms.log.enable"
04-15 09:53:08.318   777  1018 E storaged: getDiskStats failed with result NOT_SUPPORTED and size 0
04-15 09:53:16.769   731   731 W vm_bms  : type=1400 audit(0.0:34196): avc: denied { read } for name="u:object_r:default_prop:s0" dev="tmpfs" ino=12619 scontext=u:r:vm_bms:s0 tcontext=u:object_r:default_prop:s0 tclass=file permissive=0
04-15 09:53:16.769   731   731 I chatty  : uid=0(root) /vendor/bin/vm_bms identical 22 lines
04-15 09:53:16.769   731   731 W vm_bms  : type=1400 audit(0.0:34200): avc: denied { read } for name="u:object_r:default_prop:s0" dev="tmpfs" ino=12619 scontext=u:r:vm_bms:s0 tcontext=u:object_r:default_prop:s0 tclass=file permissive=0
04-15 09:53:16.781   731   731 E libc    : Access denied finding property "vbms.log.enable"
04-15 09:53:16.786   731   731 E libc    : Access denied finding property "vbms.log.enable"
04-15 09:53:16.799   731   731 E libc    : Access denied finding property "vbms.log.enable"
04-15 09:53:16.800   731   731 I VM_BMS  : power_supply_update: ocv_uv=3844507 ibatt=183373 soc=47 seq_num=1064
04-15 09:53:16.801   731   731 E libc    : Access denied finding property "vbms.log.enable"
04-15 09:53:16.801   731   731 E libc    : Access denied finding property "vbms.log.enable"
04-15 09:53:16.847  1073  1332 D BatteryLED: mData: 0
04-15 09:53:16.847  1073  1332 D BatteryLED: result: 0
04-15 09:53:16.847  1073  1332 D BatteryLED: mData: 
04-15 09:53:16.847  1073  1332 D BatteryLED: result: 0
04-15 09:53:16.847  1073  1332 D BatteryLED: mHealthInfo.batteryStatus2 charge_type =0
04-15 09:53:16.847  1073  1332 D BatteryLED: BATTERY_STATUS_CHARGING setColor(mBatteryOrange
04-15 09:53:16.849  1563  1563 D KeyguardUpdateMonitor: received broadcast android.intent.action.BATTERY_CHANGED
04-15 09:53:16.851  1563  1563 D KeyguardUpdateMonitor: handleBatteryUpdate
04-15 09:53:16.851  1766  1766 D QtiCarrierConfigHelper: WARNING, no carrier configs on phone Id: 0
04-15 09:53:37.336  1073  1332 D BatteryLED: mData: 0
04-15 09:53:37.336  1073  1332 D BatteryLED: result: 0
