04-15 08:47:53.129  1073  1332 D BatteryLED: BATTERY_STATUS_DISCHARGING not dc turnOff
04-15 08:48:05.544   777  1018 E storaged: getDiskStats failed with result NOT_SUPPORTED and size 0
04-15 08:48:31.170  1073  1161 E KernelCpuSpeedReader: Failed to read cpu-freq: /sys/devices/system/cpu/cpu0/cpufreq/stats/time_in_state (No such file or directory)
04-15 08:48:37.200  1073  1161 E KernelCpuSpeedReader: Failed to read cpu-freq: /sys/devices/system/cpu/cpu0/cpufreq/stats/time_in_state (No such file or directory)
04-15 08:48:41.463  1073  1332 D BatteryLED: mData: 0
04-15 08:48:41.464  1073  1332 D BatteryLED: result: 0
04-15 08:48:41.464  1073  1332 D BatteryLED: mData: 
04-15 08:48:41.464  1073  1332 D BatteryLED: result: 0
04-15 08:48:41.464  1073  1332 D BatteryLED: mHealthInfo.batteryStatus3 charge_type =0
04-15 08:48:41.464  1073  1332 D BatteryLED: BATTERY_STATUS_DISCHARGING not dc turnOff
04-15 08:48:43.243  1073  1161 E KernelCpuSpeedReader: Failed to read cpu-freq: /sys/devices/system/cpu/cpu0/cpufreq/stats/time_in_state (No such file or directory)
04-15 08:48:55.315  1073  1161 I chatty  : uid=1000(system) batterystats-wo identical 2 lines
04-15 08:49:01.345  1073  1161 E KernelCpuSpeedReader: Failed to read cpu-freq: /sys/devices/system/cpu/cpu0/cpufreq/stats/time_in_state (No such file or directory)
04-15 08:49:05.545   777  1018 E storaged: getDiskStats failed with result NOT_SUPPORTED and size 0
04-15 08:49:07.388  1073  1161 E KernelCpuSpeedReader: Failed to read cpu-freq: /sys/devices/system/cpu/cpu0/cpufreq/stats/time_in_state (No such file or directory)
04-15 08:49:55.686  1073  1161 I chatty  : uid=1000(system) batterystats-wo identical 8 lines
04-15 08:50:01.714  1073  1161 E KernelCpuSpeedReader: Failed to read cpu-freq: /sys/devices/system/cpu/cpu0/cpufreq/stats/time_in_state (No such file or directory)
04-15 08:50:05.547   777  1018 E storaged: getDiskStats failed with result NOT_SUPPORTED and size 0
04-15 08:50:07.756  1073  1161 E KernelCpuSpeedReader: Failed to read cpu-freq: /sys/devices/system/cpu/cpu0/cpufreq/stats/time_in_state (No such file or directory)
04-15 08:50:13.784  1073  1161 E KernelCpuSpeedReader: Failed to read cpu-freq: /sys/devices/system/cpu/cpu0/cpufreq/stats/time_in_state (No such file or directory)
04-15 08:50:14.460  1073  1332 D BatteryLED: mData: 0
04-15 08:50:14.460  1073  1332 D BatteryLED: result: 0
04-15 08:50:14.461  1073  1332 D BatteryLED: mData: 
04-15 08:50:14.461  1073  1332 D BatteryLED: result: 0
04-15 08:50:14.461  1073  1332 D BatteryLED: mHealthInfo.batteryStatus3 charge_type =0
04-15 08:50:14.461  1073  1332 D BatteryLED: BATTERY_STATUS_DISCHARGING not dc turnOff
04-15 08:50:19.828  1073  1161 E KernelCpuSpeedReader: Failed to read cpu-freq: /sys/devices/system/cpu/cpu0/cpufreq/stats/time_in_state (No such file or directory)
04-15 08:50:43.977  1073  1161 I chatty  : uid=1000(system) batterystats-wo identical 4 lines
04-15 08:50:50.007  1073  1161 E KernelCpuSpeedReader: Failed to read cpu-freq: /sys/devices/system/cpu/cpu0/cpufreq/stats/time_in_state (No such file or directory)
04-15 08:50:54.212  1073  1332 D BatteryLED: mData: 0
04-15 08:50:54.212  1073  1332 D BatteryLED: result: 0
04-15 08:50:54.212  1073  1332 D BatteryLED: mData: 
04-15 08:50:54.212  1073  1332 D BatteryLED: result: 0
04-15 08:50:54.212  1073  1332 D BatteryLED: mHealthInfo.batteryStatus3 charge_type =0
04-15 08:50:54.212  1073  1332 D BatteryLED: BATTERY_STATUS_DISCHARGING not dc turnOff
04-15 08:50:56.051  1073  1161 E KernelCpuSpeedReader: Failed to read cpu-freq: /sys/devices/system/cpu/cpu0/cpufreq/stats/time_in_state (No such file or directory)
04-15 08:51:02.082  1073  1161 E KernelCpuSpeedReader: Failed to read cpu-freq: /sys/devices/system/cpu/cpu0/cpufreq/stats/time_in_state (No such file or directory)
04-15 08:51:05.548   777  1018 E storaged: getDiskStats failed with result NOT_SUPPORTED and size 0
04-15 08:51:08.114  1073  1161 E KernelCpuSpeedReader: Failed to read cpu-freq: /sys/devices/system/cpu/cpu0/cpufreq/stats/time_in_state (No such file or directory)
04-15 08:51:14.143  1073  1161 E KernelCpuSpeedReader: Failed to read cpu-freq: /sys/devices/system/cpu/cpu0/cpufreq/stats/time_in_state (No such file or directory)
04-15 08:51:14.626  1073  1332 D BatteryLED: mData: 0
04-15 08:51:14.626  1073  1332 D BatteryLED: result: 0
04-15 08:51:14.626  1073  1332 D BatteryLED: mData: 
04-15 08:51:14.626  1073  1332 D BatteryLED: result: 0
04-15 08:51:14.627  1073  1332 D BatteryLED: mHealthInfo.batteryStatus3 charge_type =0
04-15 08:51:14.627  1073  1332 D BatteryLED: BATTERY_STATUS_DISCHARGING not dc turnOff
04-15 08:51:20.191  1073  1161 E KernelCpuSpeedReader: Failed to read cpu-freq: /sys/devices/system/cpu/cpu0/cpufreq/stats/time_in_state (No such file or directory)
04-15 08:51:44.333  1073  1161 I chatty  : uid=1000(system) batterystats-wo identical 4 lines
04-15 08:51:50.363  1073  1161 E KernelCpuSpeedReader: Failed to read cpu-freq: /sys/devices/system/cpu/cpu0/cpufreq/stats/time_in_state (No such file or directory)
04-15 08:51:54.560  1073  1332 D BatteryLED: mData: 0
04-15 08:51:54.560  1073  1332 D BatteryLED: result: 0
04-15 08:51:54.560  1073  1332 D BatteryLED: mData: 
04-15 08:51:54.560  1073  1332 D BatteryLED: result: 0
04-15 08:51:54.561  1073  1332 D BatteryLED: mHealthInfo.batteryStatus3 charge_type =0
04-15 08:51:54.561  1073  1332 D BatteryLED: BATTERY_STATUS_DISCHARGING not dc turnOff
04-15 08:51:56.401  1073  1161 E KernelCpuSpeedReader: Failed to read cpu-freq: /sys/devices/system/cpu/cpu0/cpufreq/stats/time_in_state (No such file or directory)
04-15 08:52:02.427  1073  1161 E KernelCpuSpeedReader: Failed to read cpu-freq: /sys/devices/system/cpu/cpu0/cpufreq/stats/time_in_state (No such file or directory)
04-15 08:52:05.550   777  1018 E storaged: getDiskStats failed with result NOT_SUPPORTED and size 0
04-15 08:52:08.467  1073  1161 E KernelCpuSpeedReader: Failed to read cpu-freq: /sys/devices/system/cpu/cpu0/cpufreq/stats/time_in_state (No such file or directory)
04-15 08:52:14.782  1073  1332 D BatteryLED: mData: 0
04-15 08:52:14.782  1073  1332 D BatteryLED: result: 0
04-15 08:52:14.782  1073  1332 D BatteryLED: mData: 
04-15 08:52:14.782  1073  1332 D BatteryLED: result: 0
04-15 08:52:14.783  1073  1332 D BatteryLED: mHealthInfo.batteryStatus3 charge_type =0
04-15 08:52:14.783  1073  1332 D BatteryLED: BATTERY_STATUS_DISCHARGING not dc turnOff
04-15 08:52:16.492  1073  1161 E KernelCpuSpeedReader: Failed to read cpu-freq: /sys/devices/system/cpu/cpu0/cpufreq/stats/time_in_state (No such file or directory)
04-15 08:52:58.755  1073  1161 I chatty  : uid=1000(system) batterystats-wo identical 7 lines
04-15 08:53:04.772  1073  1161 E KernelCpuSpeedReader: Failed to read cpu-freq: /sys/devices/system/cpu/cpu0/cpufreq/stats/time_in_state (No such file or directory)
04-15 08:53:05.551   777  1018 E storaged: getDiskStats failed with result NOT_SUPPORTED and size 0
04-15 08:53:10.816  1073  1161 E KernelCpuSpeedReader: Failed to read cpu-freq: /sys/devices/system/cpu/cpu0/cpufreq/stats/time_in_state (No such file or directory)
04-15 08:53:14.947  1073  1332 D BatteryLED: mData: 0
04-15 08:53:14.948  1073  1332 D BatteryLED: result: 0
04-15 08:53:14.948  1073  1332 D BatteryLED: mData: 
04-15 08:53:14.948  1073  1332 D BatteryLED: result: 0
04-15 08:53:14.948  1073  1332 D BatteryLED: mHealthInfo.batteryStatus3 charge_type =0
04-15 08:53:14.948  1073  1332 D BatteryLED: BATTERY_STATUS_DISCHARGING not dc turnOff
04-15 08:53:16.846  1073  1161 E KernelCpuSpeedReader: Failed to read cpu-freq: /sys/devices/system/cpu/cpu0/cpufreq/stats/time_in_state (No such file or directory)
04-15 08:53:59.109  1073  1161 I chatty  : uid=1000(system) batterystats-wo identical 7 lines
04-15 08:54:05.136  1073  1161 E KernelCpuSpeedReader: Failed to read cpu-freq: /sys/devices/system/cpu/cpu0/cpufreq/stats/time_in_state (No such file or directory)
04-15 08:54:05.552   777  1018 E storaged: getDiskStats failed with result NOT_SUPPORTED and size 0
04-15 08:54:11.179  1073  1161 E KernelCpuSpeedReader: Failed to read cpu-freq: /sys/devices/system/cpu/cpu0/cpufreq/stats/time_in_state (No such file or directory)
04-15 08:54:29.285  1073  1161 I chatty  : uid=1000(system) batterystats-wo identical 3 lines
04-15 08:54:35.328  1073  1161 E KernelCpuSpeedReader: Failed to read cpu-freq: /sys/devices/system/cpu/cpu0/cpufreq/stats/time_in_state (No such file or directory)
04-15 08:54:36.228  1073  1332 D BatteryLED: mData: 0
04-15 08:54:36.228  1073  1332 D BatteryLED: result: 0
04-15 08:54:36.228  1073  1332 D BatteryLED: mData: 
04-15 08:54:36.228  1073  1332 D BatteryLED: result: 0
04-15 08:54:36.229  1073  1332 D BatteryLED: mHealthInfo.batteryStatus3 charge_type =0
04-15 08:54:36.229  1073  1332 D BatteryLED: BATTERY_STATUS_DISCHARGING not dc turnOff
04-15 08:54:41.354  1073  1161 E KernelCpuSpeedReader: Failed to read cpu-freq: /sys/devices/system/cpu/cpu0/cpufreq/stats/time_in_state (No such file or directory)
04-15 08:54:59.473  1073  1161 I chatty  : uid=1000(system) batterystats-wo identical 3 lines
04-15 08:55:05.500  1073  1161 E KernelCpuSpeedReader: Failed to read cpu-freq: /sys/devices/system/cpu/cpu0/cpufreq/stats/time_in_state (No such file or directory)
04-15 08:55:05.553   777  1018 E storaged: getDiskStats failed with result NOT_SUPPORTED and size 0
04-15 08:55:11.549  1073  1161 E KernelCpuSpeedReader: Failed to read cpu-freq: /sys/devices/system/cpu/cpu0/cpufreq/stats/time_in_state (No such file or directory)
04-15 08:55:17.577  1073  1161 I chatty  : uid=1000(system) batterystats-wo identical 1 line
04-15 08:55:23.620  1073  1161 E KernelCpuSpeedReader: Failed to read cpu-freq: /sys/devices/system/cpu/cpu0/cpufreq/stats/time_in_state (No such file or directory)
04-15 08:55:24.220  1073  1332 D BatteryLED: mData: 0
04-15 08:55:24.220  1073  1332 D BatteryLED: result: 0
04-15 08:55:24.220  1073  1332 D BatteryLED: mData: 
04-15 08:55:24.220  1073  1332 D BatteryLED: result: 0
04-15 08:55:24.220  1073  1332 D BatteryLED: mHealthInfo.batteryStatus3 charge_type =0
04-15 08:55:24.220  1073  1332 D BatteryLED: BATTERY_STATUS_DISCHARGING not dc turnOff
04-15 08:55:29.648  1073  1161 E KernelCpuSpeedReader: Failed to read cpu-freq: /sys/devices/system/cpu/cpu0/cpufreq/stats/time_in_state (No such file or directory)
04-15 08:55:32.009  1073  1332 D BatteryLED: mData: 0
04-15 08:55:32.009  1073  1332 D BatteryLED: result: 0
04-15 08:55:32.009  1073  1332 D BatteryLED: mData: 
04-15 08:55:32.009  1073  1332 D BatteryLED: result: 0
04-15 08:55:32.010  1073  1332 D BatteryLED: mHealthInfo.batteryStatus3 charge_type =0
04-15 08:55:32.010  1073  1332 D BatteryLED: BATTERY_STATUS_DISCHARGING not dc turnOff
04-15 08:55:35.695  1073  1161 E KernelCpuSpeedReader: Failed to read cpu-freq: /sys/devices/system/cpu/cpu0/cpufreq/stats/time_in_state (No such file or directory)
04-15 08:55:47.769  1073  1161 I chatty  : uid=1000(system) batterystats-wo identical 2 lines
04-15 08:55:53.799  1073  1161 E KernelCpuSpeedReader: Failed to read cpu-freq: /sys/devices/system/cpu/cpu0/cpufreq/stats/time_in_state (No such file or directory)
04-15 08:55:55.842  1073  1332 D BatteryLED: mData: 0
04-15 08:55:55.842  1073  1332 D BatteryLED: result: 0
04-15 08:55:55.842  1073  1332 D BatteryLED: mData: 
04-15 08:55:55.842  1073  1332 D BatteryLED: result: 0
04-15 08:55:55.843  1073  1332 D BatteryLED: mHealthInfo.batteryStatus3 charge_type =0
04-15 08:55:55.843  1073  1332 D BatteryLED: BATTERY_STATUS_DISCHARGING not dc turnOff
04-15 08:55:59.842  1073  1161 E KernelCpuSpeedReader: Failed to read cpu-freq: /sys/devices/system/cpu/cpu0/cpufreq/stats/time_in_state (No such file or directory)
04-15 08:56:05.555   777  1018 E storaged: getDiskStats failed with result NOT_SUPPORTED and size 0
04-15 08:56:05.866  1073  1161 E KernelCpuSpeedReader: Failed to read cpu-freq: /sys/devices/system/cpu/cpu0/cpufreq/stats/time_in_state (No such file or directory)
04-15 08:56:30.000  1073  1161 I chatty  : uid=1000(system) batterystats-wo identical 4 lines
04-15 08:56:36.043  1073  1161 E KernelCpuSpeedReader: Failed to read cpu-freq: /sys/devices/system/cpu/cpu0/cpufreq/stats/time_in_state (No such file or directory)
04-15 08:56:36.546  1073  1332 D BatteryLED: mData: 0
04-15 08:56:36.546  1073  1332 D BatteryLED: result: 0
04-15 08:56:36.546  1073  1332 D BatteryLED: mData: 
04-15 08:56:36.546  1073  1332 D BatteryLED: result: 0
04-15 08:56:36.546  1073  1332 D BatteryLED: mHealthInfo.batteryStatus3 charge_type =0
04-15 08:56:36.546  1073  1332 D BatteryLED: BATTERY_STATUS_DISCHARGING not dc turnOff
04-15 08:56:42.073  1073  1161 E KernelCpuSpeedReader: Failed to read cpu-freq: /sys/devices/system/cpu/cpu0/cpufreq/stats/time_in_state (No such file or directory)
04-15 08:56:54.149  1073  1161 I chatty  : uid=1000(system) batterystats-wo identical 2 lines
04-15 08:57:00.200  1073  1161 E KernelCpuSpeedReader: Failed to read cpu-freq: /sys/devices/system/cpu/cpu0/cpufreq/stats/time_in_state (No such file or directory)
04-15 08:57:05.556   777  1018 E storaged: getDiskStats failed with result NOT_SUPPORTED and size 0
04-15 08:57:06.230  1073  1161 E KernelCpuSpeedReader: Failed to read cpu-freq: /sys/devices/system/cpu/cpu0/cpufreq/stats/time_in_state (No such file or directory)
04-15 08:57:48.496  1073  1161 I chatty  : uid=1000(system) batterystats-wo identical 7 lines
04-15 08:57:54.522  1073  1161 E KernelCpuSpeedReader: Failed to read cpu-freq: /sys/devices/system/cpu/cpu0/cpufreq/stats/time_in_state (No such file or directory)
04-15 08:57:56.570  1073  1332 D BatteryLED: mData: 0
04-15 08:57:56.570  1073  1332 D BatteryLED: result: 0
04-15 08:57:56.570  1073  1332 D BatteryLED: mData: 
04-15 08:57:56.571  1073  1332 D BatteryLED: result: 0
04-15 08:57:56.571  1073  1332 D BatteryLED: mHealthInfo.batteryStatus3 charge_type =0
04-15 08:57:56.571  1073  1332 D BatteryLED: BATTERY_STATUS_DISCHARGING not dc turnOff
04-15 08:57:56.572  1073  1161 E KernelCpuSpeedReader: Failed to read cpu-freq: /sys/devices/system/cpu/cpu0/cpufreq/stats/time_in_state (No such file or directory)
04-15 08:58:02.578  1073  1161 E KernelCpuSpeedReader: Failed to read cpu-freq: /sys/devices/system/cpu/cpu0/cpufreq/stats/time_in_state (No such file or directory)
04-15 08:58:05.557   777  1018 E storaged: getDiskStats failed with result NOT_SUPPORTED and size 0
04-15 08:58:08.604  1073  1161 E KernelCpuSpeedReader: Failed to read cpu-freq: /sys/devices/system/cpu/cpu0/cpufreq/stats/time_in_state (No such file or directory)
04-15 08:58:50.879  1073  1161 I chatty  : uid=1000(system) batterystats-wo identical 7 lines
04-15 08:58:56.911  1073  1161 E KernelCpuSpeedReader: Failed to read cpu-freq: /sys/devices/system/cpu/cpu0/cpufreq/stats/time_in_state (No such file or directory)
04-15 08:58:56.927  1073  1332 D BatteryLED: mData: 0
04-15 08:58:56.927  1073  1332 D BatteryLED: result: 0
04-15 08:58:56.927  1073  1332 D BatteryLED: mData: 
04-15 08:58:56.927  1073  1332 D BatteryLED: result: 0
04-15 08:58:56.927  1073  1332 D BatteryLED: mHealthInfo.batteryStatus3 charge_type =0
04-15 08:58:56.927  1073  1332 D BatteryLED: BATTERY_STATUS_DISCHARGING not dc turnOff
04-15 08:59:02.954  1073  1161 E KernelCpuSpeedReader: Failed to read cpu-freq: /sys/devices/system/cpu/cpu0/cpufreq/stats/time_in_state (No such file or directory)
04-15 08:59:05.559   777  1018 E storaged: getDiskStats failed with result NOT_SUPPORTED and size 0
04-15 08:59:08.981  1073  1161 E KernelCpuSpeedReader: Failed to read cpu-freq: /sys/devices/system/cpu/cpu0/cpufreq/stats/time_in_state (No such file or directory)
04-15 08:59:39.160  1073  1161 I chatty  : uid=1000(system) batterystats-wo identical 5 lines
04-15 08:59:45.189  1073  1161 E KernelCpuSpeedReader: Failed to read cpu-freq: /sys/devices/system/cpu/cpu0/cpufreq/stats/time_in_state (No such file or directory)
04-15 08:59:45.273  1073  1332 D BatteryLED: mData: 0
04-15 08:59:45.273  1073  1332 D BatteryLED: result: 0
04-15 08:59:45.273  1073  1332 D BatteryLED: mData: 
04-15 08:59:45.273  1073  1332 D BatteryLED: result: 0
04-15 08:59:45.273  1073  1332 D BatteryLED: mHealthInfo.batteryStatus3 charge_type =0
04-15 08:59:45.273  1073  1332 D BatteryLED: BATTERY_STATUS_DISCHARGING not dc turnOff
04-15 08:59:51.233  1073  1161 E KernelCpuSpeedReader: Failed to read cpu-freq: /sys/devices/system/cpu/cpu0/cpufreq/stats/time_in_state (No such file or directory)
04-15 08:59:57.262  1073  1161 E KernelCpuSpeedReader: Failed to read cpu-freq: /sys/devices/system/cpu/cpu0/cpufreq/stats/time_in_state (No such file or directory)
04-15 08:59:57.318  1073  1332 D BatteryLED: mData: 0
04-15 08:59:57.318  1073  1332 D BatteryLED: result: 0
04-15 08:59:57.318  1073  1332 D BatteryLED: mData: 
04-15 08:59:57.318  1073  1332 D BatteryLED: result: 0
04-15 08:59:57.318  1073  1332 D BatteryLED: mHealthInfo.batteryStatus3 charge_type =0
04-15 08:59:57.318  1073  1332 D BatteryLED: BATTERY_STATUS_DISCHARGING not dc turnOff
04-15 09:00:03.307  1073  1161 E KernelCpuSpeedReader: Failed to read cpu-freq: /sys/devices/system/cpu/cpu0/cpufreq/stats/time_in_state (No such file or directory)
04-15 09:00:05.560   777  1018 E storaged: getDiskStats failed with result NOT_SUPPORTED and size 0
04-15 09:00:09.334  1073  1161 E KernelCpuSpeedReader: Failed to read cpu-freq: /sys/devices/system/cpu/cpu0/cpufreq/stats/time_in_state (No such file or directory)
04-15 09:00:15.379  1073  1161 E KernelCpuSpeedReader: Failed to read cpu-freq: /sys/devices/system/cpu/cpu0/cpufreq/stats/time_in_state (No such file or directory)
04-15 09:00:17.345  1073  1332 D BatteryLED: mData: 0
04-15 09:00:17.346  1073  1332 D BatteryLED: result: 0
04-15 09:00:17.346  1073  1332 D BatteryLED: mData: 
04-15 09:00:17.346  1073  1332 D BatteryLED: result: 0
04-15 09:00:17.346  1073  1332 D BatteryLED: mHealthInfo.batteryStatus3 charge_type =0
04-15 09:00:17.346  1073  1332 D BatteryLED: BATTERY_STATUS_DISCHARGING not dc turnOff
04-15 09:00:17.915  1073  1161 E BatteryExternalStatsWorker: no controller energy info supplied for bluetooth
04-15 09:00:17.930  1073  1161 E KernelCpuSpeedReader: Failed to read cpu-freq: /sys/devices/system/cpu/cpu0/cpufreq/stats/time_in_state (No such file or directory)
04-15 09:00:53.600  1073  1161 I chatty  : uid=1000(system) batterystats-wo identical 6 lines
04-15 09:00:59.630  1073  1161 E KernelCpuSpeedReader: Failed to read cpu-freq: /sys/devices/system/cpu/cpu0/cpufreq/stats/time_in_state (No such file or directory)
04-15 09:01:05.561   777  1018 E storaged: getDiskStats failed with result NOT_SUPPORTED and size 0
04-15 09:01:05.672  1073  1161 E KernelCpuSpeedReader: Failed to read cpu-freq: /sys/devices/system/cpu/cpu0/cpufreq/stats/time_in_state (No such file or directory)
04-15 09:01:08.010   777  1018 E storaged: Faied to open tmp file: /data/misc_ce/0/storaged/storaged.proto_tmp: No such file or directory
04-15 09:01:11.703  1073  1161 E KernelCpuSpeedReader: Failed to read cpu-freq: /sys/devices/system/cpu/cpu0/cpufreq/stats/time_in_state (No such file or directory)
04-15 09:01:17.748  1073  1161 E KernelCpuSpeedReader: Failed to read cpu-freq: /sys/devices/system/cpu/cpu0/cpufreq/stats/time_in_state (No such file or directory)
04-15 09:01:18.140  1073  1332 D BatteryLED: mData: 0
04-15 09:01:18.140  1073  1332 D BatteryLED: result: 0
04-15 09:01:18.140  1073  1332 D BatteryLED: mData: 
04-15 09:01:18.141  1073  1332 D BatteryLED: result: 0
04-15 09:01:18.141  1073  1332 D BatteryLED: mHealthInfo.batteryStatus3 charge_type =0
04-15 09:01:18.141  1073  1332 D BatteryLED: BATTERY_STATUS_DISCHARGING not dc turnOff
04-15 09:01:23.779  1073  1161 E KernelCpuSpeedReader: Failed to read cpu-freq: /sys/devices/system/cpu/cpu0/cpufreq/stats/time_in_state (No such file or directory)
04-15 09:02:00.000  1073  1161 I chatty  : uid=1000(system) batterystats-wo identical 6 lines
04-15 09:02:06.045  1073  1161 E KernelCpuSpeedReader: Failed to read cpu-freq: /sys/devices/system/cpu/cpu0/cpufreq/stats/time_in_state (No such file or directory)
04-15 09:02:08.011   777  1018 E storaged: getDiskStats failed with result NOT_SUPPORTED and size 0
04-15 09:02:12.073  1073  1161 E KernelCpuSpeedReader: Failed to read cpu-freq: /sys/devices/system/cpu/cpu0/cpufreq/stats/time_in_state (No such file or directory)
04-15 09:02:18.113  1073  1161 E KernelCpuSpeedReader: Failed to read cpu-freq: /sys/devices/system/cpu/cpu0/cpufreq/stats/time_in_state (No such file or directory)
04-15 09:02:18.306  1073  1332 D BatteryLED: mData: 0
04-15 09:02:18.306  1073  1332 D BatteryLED: result: 0
04-15 09:02:18.306  1073  1332 D BatteryLED: mData: 
04-15 09:02:18.307  1073  1332 D BatteryLED: result: 0
04-15 09:02:18.308  1073  1332 D BatteryLED: mHealthInfo.batteryStatus3 charge_type =0
04-15 09:02:18.308  1073  1332 D BatteryLED: BATTERY_STATUS_DISCHARGING not dc turnOff
04-15 09:02:24.144  1073  1161 E KernelCpuSpeedReader: Failed to read cpu-freq: /sys/devices/system/cpu/cpu0/cpufreq/stats/time_in_state (No such file or directory)
04-15 09:02:30.190  1073  1161 I chatty  : uid=1000(system) batterystats-wo identical 1 line
04-15 09:02:36.220  1073  1161 E KernelCpuSpeedReader: Failed to read cpu-freq: /sys/devices/system/cpu/cpu0/cpufreq/stats/time_in_state (No such file or directory)
04-15 09:02:38.786  1073  1332 D BatteryLED: mData: 0
04-15 09:02:38.786  1073  1332 D BatteryLED: result: 0
04-15 09:02:38.786  1073  1332 D BatteryLED: mData: 
04-15 09:02:38.786  1073  1332 D BatteryLED: result: 0
04-15 09:02:38.786  1073  1332 D BatteryLED: mHealthInfo.batteryStatus3 charge_type =0
04-15 09:02:38.786  1073  1332 D BatteryLED: BATTERY_STATUS_DISCHARGING not dc turnOff
04-15 09:02:42.264  1073  1161 E KernelCpuSpeedReader: Failed to read cpu-freq: /sys/devices/system/cpu/cpu0/cpufreq/stats/time_in_state (No such file or directory)
04-15 09:02:46.390  1073  1332 D BatteryLED: mData: 0
04-15 09:02:46.390  1073  1332 D BatteryLED: result: 0
04-15 09:02:46.390  1073  1332 D BatteryLED: mData: 
04-15 09:02:46.390  1073  1332 D BatteryLED: result: 0
04-15 09:02:46.390  1073  1332 D BatteryLED: mHealthInfo.batteryStatus3 charge_type =0
04-15 09:02:46.391  1073  1332 D BatteryLED: BATTERY_STATUS_DISCHARGING not dc turnOff
04-15 09:02:48.296  1073  1161 E KernelCpuSpeedReader: Failed to read cpu-freq: /sys/devices/system/cpu/cpu0/cpufreq/stats/time_in_state (No such file or directory)
04-15 09:02:54.340  1073  1161 E KernelCpuSpeedReader: Failed to read cpu-freq: /sys/devices/system/cpu/cpu0/cpufreq/stats/time_in_state (No such file or directory)
04-15 09:02:58.399  1073  1332 D BatteryLED: mData: 0
04-15 09:02:58.399  1073  1332 D BatteryLED: result: 0
04-15 09:02:58.399  1073  1332 D BatteryLED: mData: 
04-15 09:02:58.399  1073  1332 D BatteryLED: result: 0
04-15 09:02:58.399  1073  1332 D BatteryLED: mHealthInfo.batteryStatus3 charge_type =0
04-15 09:02:58.399  1073  1332 D BatteryLED: BATTERY_STATUS_DISCHARGING not dc turnOff
04-15 09:03:00.372  1073  1161 E KernelCpuSpeedReader: Failed to read cpu-freq: /sys/devices/system/cpu/cpu0/cpufreq/stats/time_in_state (No such file or directory)
04-15 09:03:06.415  1073  1161 E KernelCpuSpeedReader: Failed to read cpu-freq: /sys/devices/system/cpu/cpu0/cpufreq/stats/time_in_state (No such file or directory)
04-15 09:03:08.013   777  1018 E storaged: getDiskStats failed with result NOT_SUPPORTED and size 0
04-15 09:03:12.443  1073  1161 E KernelCpuSpeedReader: Failed to read cpu-freq: /sys/devices/system/cpu/cpu0/cpufreq/stats/time_in_state (No such file or directory)
04-15 09:03:30.567  1073  1161 I chatty  : uid=1000(system) batterystats-wo identical 3 lines
04-15 09:03:36.594  1073  1161 E KernelCpuSpeedReader: Failed to read cpu-freq: /sys/devices/system/cpu/cpu0/cpufreq/stats/time_in_state (No such file or directory)
04-15 09:03:38.945  1073  1332 D BatteryLED: mData: 0
04-15 09:03:38.945  1073  1332 D BatteryLED: result: 0
04-15 09:03:38.945  1073  1332 D BatteryLED: mData: 
04-15 09:03:38.945  1073  1332 D BatteryLED: result: 0
04-15 09:03:38.945  1073  1332 D BatteryLED: mHealthInfo.batteryStatus3 charge_type =0
04-15 09:03:38.945  1073  1332 D BatteryLED: BATTERY_STATUS_DISCHARGING not dc turnOff
04-15 09:03:42.636  1073  1161 E KernelCpuSpeedReader: Failed to read cpu-freq: /sys/devices/system/cpu/cpu0/cpufreq/stats/time_in_state (No such file or directory)
04-15 09:03:46.744  1073  1332 D BatteryLED: mData: 0
04-15 09:03:46.744  1073  1332 D BatteryLED: result: 0
04-15 09:03:46.744  1073  1332 D BatteryLED: mData: 
04-15 09:03:46.744  1073  1332 D BatteryLED: result: 0
04-15 09:03:46.744  1073  1332 D BatteryLED: mHealthInfo.batteryStatus3 charge_type =0
04-15 09:03:46.744  1073  1332 D BatteryLED: BATTERY_STATUS_DISCHARGING not dc turnOff
04-15 09:03:48.668  1073  1161 E KernelCpuSpeedReader: Failed to read cpu-freq: /sys/devices/system/cpu/cpu0/cpufreq/stats/time_in_state (No such file or directory)
04-15 09:03:54.714  1073  1161 E KernelCpuSpeedReader: Failed to read cpu-freq: /sys/devices/system/cpu/cpu0/cpufreq/stats/time_in_state (No such file or directory)
04-15 09:03:58.781  1073  1332 D BatteryLED: mData: 0
04-15 09:03:58.781  1073  1332 D BatteryLED: result: 0
04-15 09:03:58.781  1073  1332 D BatteryLED: mData: 
04-15 09:03:58.781  1073  1332 D BatteryLED: result: 0
04-15 09:03:58.781  1073  1332 D BatteryLED: mHealthInfo.batteryStatus3 charge_type =0
04-15 09:03:58.781  1073  1332 D BatteryLED: BATTERY_STATUS_DISCHARGING not dc turnOff
04-15 09:04:00.742  1073  1161 E KernelCpuSpeedReader: Failed to read cpu-freq: /sys/devices/system/cpu/cpu0/cpufreq/stats/time_in_state (No such file or directory)
04-15 09:04:06.783  1073  1161 E KernelCpuSpeedReader: Failed to read cpu-freq: /sys/devices/system/cpu/cpu0/cpufreq/stats/time_in_state (No such file or directory)
04-15 09:04:08.014   777  1018 E storaged: getDiskStats failed with result NOT_SUPPORTED and size 0
04-15 09:04:12.816  1073  1161 E KernelCpuSpeedReader: Failed to read cpu-freq: /sys/devices/system/cpu/cpu0/cpufreq/stats/time_in_state (No such file or directory)
04-15 09:04:30.933  1073  1161 I chatty  : uid=1000(system) batterystats-wo identical 3 lines
04-15 09:04:36.962  1073  1161 E KernelCpuSpeedReader: Failed to read cpu-freq: /sys/devices/system/cpu/cpu0/cpufreq/stats/time_in_state (No such file or directory)
04-15 09:04:39.745  1073  1332 D BatteryLED: mData: 0
04-15 09:04:39.746  1073  1332 D BatteryLED: result: 0
04-15 09:04:39.746  1073  1332 D BatteryLED: mData: 
04-15 09:04:39.746  1073  1332 D BatteryLED: result: 0
04-15 09:04:39.746  1073  1332 D BatteryLED: mHealthInfo.batteryStatus3 charge_type =0
04-15 09:04:39.746  1073  1332 D BatteryLED: BATTERY_STATUS_DISCHARGING not dc turnOff
04-15 09:04:43.009  1073  1161 E KernelCpuSpeedReader: Failed to read cpu-freq: /sys/devices/system/cpu/cpu0/cpufreq/stats/time_in_state (No such file or directory)
--------- beginning of main
04-15 09:04:47.019   731   731 I chatty  : uid=0(root) /vendor/bin/vm_bms expire 76 lines
04-15 09:04:47.108  1563  1563 D KeyguardUpdateMonitor: received broadcast android.intent.action.BATTERY_CHANGED
04-15 09:04:47.110  1563  1563 D KeyguardUpdateMonitor: handleBatteryUpdate
04-15 09:04:47.111  1073  1332 D BatteryLED: mData: 0
04-15 09:04:47.111  1766  1766 D QtiCarrierConfigHelper: WARNING, no carrier configs on phone Id: 0
04-15 09:04:47.111  1073  1332 D BatteryLED: result: 0
04-15 09:04:47.111  1073  1332 D BatteryLED: mData: 
04-15 09:04:47.111  1073  1332 D BatteryLED: result: 0
04-15 09:04:47.112  1073  1332 D BatteryLED: mHealthInfo.batteryStatus3 charge_type =0
04-15 09:04:47.112  1073  1332 D BatteryLED: BATTERY_STATUS_DISCHARGING not dc turnOff
04-15 09:04:49.037  1073  1161 E KernelCpuSpeedReader: Failed to read cpu-freq: /sys/devices/system/cpu/cpu0/cpufreq/stats/time_in_state (No such file or directory)
04-15 09:04:55.083  1073  1161 E KernelCpuSpeedReader: Failed to read cpu-freq: /sys/devices/system/cpu/cpu0/cpufreq/stats/time_in_state (No such file or directory)
04-15 09:04:59.134  1073  1332 D BatteryLED: mData: 0
04-15 09:04:59.134  1073  1332 D BatteryLED: result: 0
04-15 09:04:59.134  1073  1332 D BatteryLED: mData: 
04-15 09:04:59.134  1073  1332 D BatteryLED: result: 0
04-15 09:04:59.134  1073  1332 D BatteryLED: mHealthInfo.batteryStatus3 charge_type =0
04-15 09:04:59.134  1073  1332 D BatteryLED: BATTERY_STATUS_DISCHARGING not dc turnOff
04-15 09:04:59.137  1766  1766 D QtiCarrierConfigHelper: WARNING, no carrier configs on phone Id: 0
04-15 09:04:59.139  1563  1563 D KeyguardUpdateMonitor: received broadcast android.intent.action.BATTERY_CHANGED
04-15 09:04:59.140  1563  1563 D KeyguardUpdateMonitor: handleBatteryUpdate
04-15 09:05:01.114  1073  1161 E KernelCpuSpeedReader: Failed to read cpu-freq: /sys/devices/system/cpu/cpu0/cpufreq/stats/time_in_state (No such file or directory)
04-15 09:05:07.154  1073  1161 E KernelCpuSpeedReader: Failed to read cpu-freq: /sys/devices/system/cpu/cpu0/cpufreq/stats/time_in_state (No such file or directory)
04-15 09:05:08.015   777  1018 E storaged: getDiskStats failed with result NOT_SUPPORTED and size 0
04-15 09:05:13.182  1073  1161 E KernelCpuSpeedReader: Failed to read cpu-freq: /sys/devices/system/cpu/cpu0/cpufreq/stats/time_in_state (No such file or directory)
04-15 09:05:47.389   731   731 I chatty  : uid=0(root) /vendor/bin/vm_bms expire 76 lines
04-15 09:05:49.382  1073  1161 I chatty  : uid=1000(system) batterystats-wo identical 6 lines
04-15 09:05:55.423  1073  1161 E KernelCpuSpeedReader: Failed to read cpu-freq: /sys/devices/system/cpu/cpu0/cpufreq/stats/time_in_state (No such file or directory)
04-15 09:05:59.503  1073  1332 D BatteryLED: mData: 0
04-15 09:05:59.503  1073  1332 D BatteryLED: result: 0
04-15 09:05:59.503  1073  1332 D BatteryLED: mData: 
04-15 09:05:59.503  1073  1332 D BatteryLED: result: 0
04-15 09:05:59.503  1073  1332 D BatteryLED: mHealthInfo.batteryStatus3 charge_type =0
04-15 09:05:59.503  1563  1563 D KeyguardUpdateMonitor: received broadcast android.intent.action.BATTERY_CHANGED
04-15 09:05:59.503  1073  1332 D BatteryLED: BATTERY_STATUS_DISCHARGING not dc turnOff
04-15 09:05:59.504  1766  1766 D QtiCarrierConfigHelper: WARNING, no carrier configs on phone Id: 0
04-15 09:05:59.505  1563  1563 D KeyguardUpdateMonitor: handleBatteryUpdate
04-15 09:06:01.455  1073  1161 E KernelCpuSpeedReader: Failed to read cpu-freq: /sys/devices/system/cpu/cpu0/cpufreq/stats/time_in_state (No such file or directory)
04-15 09:06:07.485  1073  1161 E KernelCpuSpeedReader: Failed to read cpu-freq: /sys/devices/system/cpu/cpu0/cpufreq/stats/time_in_state (No such file or directory)
04-15 09:06:08.017   777  1018 E storaged: getDiskStats failed with result NOT_SUPPORTED and size 0
04-15 09:06:13.512  1073  1161 E KernelCpuSpeedReader: Failed to read cpu-freq: /sys/devices/system/cpu/cpu0/cpufreq/stats/time_in_state (No such file or directory)
04-15 09:06:19.556  1073  1161 E KernelCpuSpeedReader: Failed to read cpu-freq: /sys/devices/system/cpu/cpu0/cpufreq/stats/time_in_state (No such file or directory)
04-15 09:06:19.590  1073  1332 D BatteryLED: mData: 0
04-15 09:06:19.590  1073  1332 D BatteryLED: result: 0
04-15 09:06:19.590  1073  1332 D BatteryLED: mData: 
04-15 09:06:19.590  1073  1332 D BatteryLED: result: 0
04-15 09:06:19.590  1073  1332 D BatteryLED: mHealthInfo.batteryStatus3 charge_type =0
04-15 09:06:19.590  1073  1332 D BatteryLED: BATTERY_STATUS_DISCHARGING not dc turnOff
04-15 09:06:19.650  1563  1563 D KeyguardUpdateMonitor: received broadcast android.intent.action.BATTERY_CHANGED
04-15 09:06:19.651  1563  1563 D KeyguardUpdateMonitor: handleBatteryUpdate
04-15 09:06:19.652  1766  1766 D QtiCarrierConfigHelper: WARNING, no carrier configs on phone Id: 0
04-15 09:06:25.583  1073  1161 E KernelCpuSpeedReader: Failed to read cpu-freq: /sys/devices/system/cpu/cpu0/cpufreq/stats/time_in_state (No such file or directory)
04-15 09:06:31.626  1073  1161 I chatty  : uid=1000(system) batterystats-wo identical 1 line
04-15 09:06:37.661  1073  1161 E KernelCpuSpeedReader: Failed to read cpu-freq: /sys/devices/system/cpu/cpu0/cpufreq/stats/time_in_state (No such file or directory)
04-15 09:06:40.066  1073  1332 D BatteryLED: mData: 0
04-15 09:06:40.066  1073  1332 D BatteryLED: result: 0
04-15 09:06:40.066  1073  1332 D BatteryLED: mData: 
04-15 09:06:40.067  1073  1332 D BatteryLED: result: 0
04-15 09:06:40.067  1073  1332 D BatteryLED: mHealthInfo.batteryStatus3 charge_type =0
04-15 09:06:40.067  1073  1332 D BatteryLED: BATTERY_STATUS_DISCHARGING not dc turnOff
04-15 09:06:40.069  1563  1563 D KeyguardUpdateMonitor: received broadcast android.intent.action.BATTERY_CHANGED
04-15 09:06:40.069  1766  1766 D QtiCarrierConfigHelper: WARNING, no carrier configs on phone Id: 0
04-15 09:06:40.071  1563  1563 D KeyguardUpdateMonitor: handleBatteryUpdate
04-15 09:06:43.702  1073  1161 E KernelCpuSpeedReader: Failed to read cpu-freq: /sys/devices/system/cpu/cpu0/cpufreq/stats/time_in_state (No such file or directory)
04-15 09:06:47.749   731   731 I chatty  : uid=0(root) /vendor/bin/vm_bms expire 76 lines
04-15 09:07:01.808  1073  1161 I chatty  : uid=1000(system) batterystats-wo identical 3 lines
04-15 09:07:07.854  1073  1161 E KernelCpuSpeedReader: Failed to read cpu-freq: /sys/devices/system/cpu/cpu0/cpufreq/stats/time_in_state (No such file or directory)
04-15 09:07:08.019   777  1018 E storaged: getDiskStats failed with result NOT_SUPPORTED and size 0
04-15 09:07:13.881  1073  1161 E KernelCpuSpeedReader: Failed to read cpu-freq: /sys/devices/system/cpu/cpu0/cpufreq/stats/time_in_state (No such file or directory)
04-15 09:07:19.925  1073  1161 E KernelCpuSpeedReader: Failed to read cpu-freq: /sys/devices/system/cpu/cpu0/cpufreq/stats/time_in_state (No such file or directory)
04-15 09:07:20.377  1073  1332 D BatteryLED: mData: 0
04-15 09:07:20.377  1073  1332 D BatteryLED: result: 0
04-15 09:07:20.377  1073  1332 D BatteryLED: mData: 
04-15 09:07:20.377  1073  1332 D BatteryLED: result: 0
04-15 09:07:20.377  1073  1332 D BatteryLED: mHealthInfo.batteryStatus3 charge_type =0
04-15 09:07:20.377  1073  1332 D BatteryLED: BATTERY_STATUS_DISCHARGING not dc turnOff
04-15 09:07:20.379  1563  1563 D KeyguardUpdateMonitor: received broadcast android.intent.action.BATTERY_CHANGED
04-15 09:07:20.381  1563  1563 D KeyguardUpdateMonitor: handleBatteryUpdate
04-15 09:07:20.382  1766  1766 D QtiCarrierConfigHelper: WARNING, no carrier configs on phone Id: 0
04-15 09:07:25.956  1073  1161 E KernelCpuSpeedReader: Failed to read cpu-freq: /sys/devices/system/cpu/cpu0/cpufreq/stats/time_in_state (No such file or directory)
04-15 09:07:48.139   731   731 I chatty  : uid=0(root) /vendor/bin/vm_bms expire 76 lines
04-15 09:07:56.154  1073  1161 I chatty  : uid=1000(system) batterystats-wo identical 5 lines
04-15 09:08:02.186  1073  1161 E KernelCpuSpeedReader: Failed to read cpu-freq: /sys/devices/system/cpu/cpu0/cpufreq/stats/time_in_state (No such file or directory)
04-15 09:08:08.020   777  1018 E storaged: getDiskStats failed with result NOT_SUPPORTED and size 0
04-15 09:08:08.224  1073  1161 E KernelCpuSpeedReader: Failed to read cpu-freq: /sys/devices/system/cpu/cpu0/cpufreq/stats/time_in_state (No such file or directory)
04-15 09:08:14.253  1073  1161 I chatty  : uid=1000(system) batterystats-wo identical 1 line
04-15 09:08:20.299  1073  1161 E KernelCpuSpeedReader: Failed to read cpu-freq: /sys/devices/system/cpu/cpu0/cpufreq/stats/time_in_state (No such file or directory)
04-15 09:08:20.547  1073  1332 D BatteryLED: mData: 0
04-15 09:08:20.547  1073  1332 D BatteryLED: result: 0
04-15 09:08:20.547  1073  1332 D BatteryLED: mData: 
04-15 09:08:20.547  1073  1332 D BatteryLED: result: 0
04-15 09:08:20.547  1073  1332 D BatteryLED: mHealthInfo.batteryStatus3 charge_type =0
04-15 09:08:20.547  1073  1332 D BatteryLED: BATTERY_STATUS_DISCHARGING not dc turnOff
04-15 09:08:20.549  1563  1563 D KeyguardUpdateMonitor: received broadcast android.intent.action.BATTERY_CHANGED
04-15 09:08:20.549  1766  1766 D QtiCarrierConfigHelper: WARNING, no carrier configs on phone Id: 0
04-15 09:08:20.551  1563  1563 D KeyguardUpdateMonitor: handleBatteryUpdate
04-15 09:08:26.325  1073  1161 E KernelCpuSpeedReader: Failed to read cpu-freq: /sys/devices/system/cpu/cpu0/cpufreq/stats/time_in_state (No such file or directory)
04-15 09:08:48.469   731   731 I chatty  : uid=0(root) /vendor/bin/vm_bms expire 76 lines
04-15 09:08:56.516  1073  1161 I chatty  : uid=1000(system) batterystats-wo identical 5 lines
04-15 09:09:02.546  1073  1161 E KernelCpuSpeedReader: Failed to read cpu-freq: /sys/devices/system/cpu/cpu0/cpufreq/stats/time_in_state (No such file or directory)
04-15 09:09:08.021   777  1018 E storaged: getDiskStats failed with result NOT_SUPPORTED and size 0
04-15 09:09:08.591  1073  1161 E KernelCpuSpeedReader: Failed to read cpu-freq: /sys/devices/system/cpu/cpu0/cpufreq/stats/time_in_state (No such file or directory)
04-15 09:09:32.736  1073  1161 I chatty  : uid=1000(system) batterystats-wo identical 4 lines
04-15 09:09:38.765  1073  1161 E KernelCpuSpeedReader: Failed to read cpu-freq: /sys/devices/system/cpu/cpu0/cpufreq/stats/time_in_state (No such file or directory)
04-15 09:09:41.187  1073  1332 D BatteryLED: mData: 0
04-15 09:09:41.187  1073  1332 D BatteryLED: result: 0
04-15 09:09:41.187  1073  1332 D BatteryLED: mData: 
04-15 09:09:41.187  1073  1332 D BatteryLED: result: 0
04-15 09:09:41.188  1073  1332 D BatteryLED: mHealthInfo.batteryStatus3 charge_type =0
04-15 09:09:41.188  1073  1332 D BatteryLED: BATTERY_STATUS_DISCHARGING not dc turnOff
04-15 09:09:41.189  1563  1563 D KeyguardUpdateMonitor: received broadcast android.intent.action.BATTERY_CHANGED
04-15 09:09:41.190  1766  1766 D QtiCarrierConfigHelper: WARNING, no carrier configs on phone Id: 0
04-15 09:09:41.191  1563  1563 D KeyguardUpdateMonitor: handleBatteryUpdate
04-15 09:09:44.810  1073  1161 E KernelCpuSpeedReader: Failed to read cpu-freq: /sys/devices/system/cpu/cpu0/cpufreq/stats/time_in_state (No such file or directory)
04-15 09:09:48.859   731   731 I chatty  : uid=0(root) /vendor/bin/vm_bms expire 76 lines
04-15 09:09:51.032  1073  1085 I chatty  : uid=1000(system) HeapTaskDaemon expire 3 lines
04-15 09:09:56.883  1073  1161 I chatty  : uid=1000(system) batterystats-wo identical 2 lines
04-15 09:10:02.913  1073  1161 E KernelCpuSpeedReader: Failed to read cpu-freq: /sys/devices/system/cpu/cpu0/cpufreq/stats/time_in_state (No such file or directory)
04-15 09:10:08.022   777  1018 E storaged: getDiskStats failed with result NOT_SUPPORTED and size 0
04-15 09:10:08.955  1073  1161 E KernelCpuSpeedReader: Failed to read cpu-freq: /sys/devices/system/cpu/cpu0/cpufreq/stats/time_in_state (No such file or directory)
04-15 09:10:14.985  1073  1161 I chatty  : uid=1000(system) batterystats-wo identical 1 line
04-15 09:10:21.029  1073  1161 E KernelCpuSpeedReader: Failed to read cpu-freq: /sys/devices/system/cpu/cpu0/cpufreq/stats/time_in_state (No such file or directory)
04-15 09:10:21.502  1073  1332 D BatteryLED: mData: 0
04-15 09:10:21.503  1073  1332 D BatteryLED: result: 0
04-15 09:10:21.503  1073  1332 D BatteryLED: mData: 
04-15 09:10:21.503  1073  1332 D BatteryLED: result: 0
04-15 09:10:21.503  1073  1332 D BatteryLED: mHealthInfo.batteryStatus3 charge_type =0
04-15 09:10:21.503  1073  1332 D BatteryLED: BATTERY_STATUS_DISCHARGING not dc turnOff
04-15 09:10:21.506  1563  1563 D KeyguardUpdateMonitor: received broadcast android.intent.action.BATTERY_CHANGED
04-15 09:10:21.506  1073  1161 E KernelCpuSpeedReader: Failed to read cpu-freq: /sys/devices/system/cpu/cpu0/cpufreq/stats/time_in_state (No such file or directory)
04-15 09:10:21.507  1766  1766 D QtiCarrierConfigHelper: WARNING, no carrier configs on phone Id: 0
04-15 09:10:21.508  1563  1563 D KeyguardUpdateMonitor: handleBatteryUpdate
04-15 09:10:33.101  1073  1161 I chatty  : uid=1000(system) batterystats-wo identical 2 lines
04-15 09:10:39.131  1073  1161 E KernelCpuSpeedReader: Failed to read cpu-freq: /sys/devices/system/cpu/cpu0/cpufreq/stats/time_in_state (No such file or directory)
04-15 09:10:41.987  1073  1332 D BatteryLED: mData: 0
04-15 09:10:41.988  1073  1332 D BatteryLED: result: 0
04-15 09:10:41.988  1073  1332 D BatteryLED: mData: 
04-15 09:10:41.988  1073  1332 D BatteryLED: result: 0
04-15 09:10:41.988  1073  1332 D BatteryLED: mHealthInfo.batteryStatus3 charge_type =0
04-15 09:10:41.988  1073  1332 D BatteryLED: BATTERY_STATUS_DISCHARGING not dc turnOff
04-15 09:10:41.989  1563  1563 D KeyguardUpdateMonitor: received broadcast android.intent.action.BATTERY_CHANGED
04-15 09:10:41.990  1766  1766 D QtiCarrierConfigHelper: WARNING, no carrier configs on phone Id: 0
04-15 09:10:41.991  1563  1563 D KeyguardUpdateMonitor: handleBatteryUpdate
04-15 09:10:45.172  1073  1161 E KernelCpuSpeedReader: Failed to read cpu-freq: /sys/devices/system/cpu/cpu0/cpufreq/stats/time_in_state (No such file or directory)
04-15 09:10:49.219   731   731 I chatty  : uid=0(root) /vendor/bin/vm_bms expire 152 lines
04-15 09:10:57.250  1073  1161 I chatty  : uid=1000(system) batterystats-wo identical 2 lines
04-15 09:11:03.283  1073  1161 E KernelCpuSpeedReader: Failed to read cpu-freq: /sys/devices/system/cpu/cpu0/cpufreq/stats/time_in_state (No such file or directory)
04-15 09:11:08.023   777  1018 E storaged: getDiskStats failed with result NOT_SUPPORTED and size 0
04-15 09:11:09.324  1073  1161 E KernelCpuSpeedReader: Failed to read cpu-freq: /sys/devices/system/cpu/cpu0/cpufreq/stats/time_in_state (No such file or directory)
04-15 09:11:51.575  1073  1161 I chatty  : uid=1000(system) batterystats-wo identical 7 lines
04-15 09:11:57.619  1073  1161 E KernelCpuSpeedReader: Failed to read cpu-freq: /sys/devices/system/cpu/cpu0/cpufreq/stats/time_in_state (No such file or directory)
04-15 09:12:01.680  1073  1332 D BatteryLED: mData: 0
04-15 09:12:01.680  1073  1332 D BatteryLED: result: 0
04-15 09:12:01.681  1073  1332 D BatteryLED: mData: 
04-15 09:12:01.681  1073  1332 D BatteryLED: result: 0
04-15 09:12:01.681  1073  1332 D BatteryLED: mHealthInfo.batteryStatus3 charge_type =0
04-15 09:12:01.681  1073  1332 D BatteryLED: BATTERY_STATUS_DISCHARGING not dc turnOff
04-15 09:12:01.681  1563  1563 D KeyguardUpdateMonitor: received broadcast android.intent.action.BATTERY_CHANGED
04-15 09:12:01.682  1766  1766 D QtiCarrierConfigHelper: WARNING, no carrier configs on phone Id: 0
04-15 09:12:01.682  1563  1563 D KeyguardUpdateMonitor: handleBatteryUpdate
04-15 09:12:03.645  1073  1161 E KernelCpuSpeedReader: Failed to read cpu-freq: /sys/devices/system/cpu/cpu0/cpufreq/stats/time_in_state (No such file or directory)
04-15 09:12:08.025   777  1018 E storaged: getDiskStats failed with result NOT_SUPPORTED and size 0
04-15 09:12:09.689  1073  1161 E KernelCpuSpeedReader: Failed to read cpu-freq: /sys/devices/system/cpu/cpu0/cpufreq/stats/time_in_state (No such file or directory)
04-15 09:12:50.019   731   731 I chatty  : uid=0(root) /vendor/bin/vm_bms expire 76 lines
04-15 09:12:57.983  1073  1161 I chatty  : uid=1000(system) batterystats-wo identical 8 lines
04-15 09:13:04.015  1073  1161 E KernelCpuSpeedReader: Failed to read cpu-freq: /sys/devices/system/cpu/cpu0/cpufreq/stats/time_in_state (No such file or directory)
04-15 09:13:08.026   777  1018 E storaged: getDiskStats failed with result NOT_SUPPORTED and size 0
04-15 09:13:10.060  1073  1161 E KernelCpuSpeedReader: Failed to read cpu-freq: /sys/devices/system/cpu/cpu0/cpufreq/stats/time_in_state (No such file or directory)
04-15 09:13:16.090  1073  1161 I chatty  : uid=1000(system) batterystats-wo identical 1 line
04-15 09:13:22.132  1073  1161 E KernelCpuSpeedReader: Failed to read cpu-freq: /sys/devices/system/cpu/cpu0/cpufreq/stats/time_in_state (No such file or directory)
04-15 09:13:22.625  1073  1332 D BatteryLED: mData: 0
04-15 09:13:22.625  1073  1332 D BatteryLED: result: 0
04-15 09:13:22.625  1073  1332 D BatteryLED: mData: 
04-15 09:13:22.625  1073  1332 D BatteryLED: result: 0
04-15 09:13:22.625  1073  1332 D BatteryLED: mHealthInfo.batteryStatus3 charge_type =0
04-15 09:13:22.625  1073  1332 D BatteryLED: BATTERY_STATUS_DISCHARGING not dc turnOff
04-15 09:13:22.628  1563  1563 D KeyguardUpdateMonitor: received broadcast android.intent.action.BATTERY_CHANGED
04-15 09:13:22.628  1766  1766 D QtiCarrierConfigHelper: WARNING, no carrier configs on phone Id: 0
04-15 09:13:22.630  1563  1563 D KeyguardUpdateMonitor: handleBatteryUpdate
04-15 09:13:28.160  1073  1161 E KernelCpuSpeedReader: Failed to read cpu-freq: /sys/devices/system/cpu/cpu0/cpufreq/stats/time_in_state (No such file or directory)
04-15 09:13:34.203  1073  1161 I chatty  : uid=1000(system) batterystats-wo identical 1 line
04-15 09:13:40.234  1073  1161 E KernelCpuSpeedReader: Failed to read cpu-freq: /sys/devices/system/cpu/cpu0/cpufreq/stats/time_in_state (No such file or directory)
04-15 09:13:43.099  1073  1332 D BatteryLED: mData: 0
04-15 09:13:43.100  1073  1332 D BatteryLED: result: 0
04-15 09:13:43.100  1073  1332 D BatteryLED: mData: 
04-15 09:13:43.100  1073  1332 D BatteryLED: result: 0
04-15 09:13:43.100  1073  1332 D BatteryLED: mHealthInfo.batteryStatus3 charge_type =0
04-15 09:13:43.100  1073  1332 D BatteryLED: BATTERY_STATUS_DISCHARGING not dc turnOff
04-15 09:13:43.101  1563  1563 D KeyguardUpdateMonitor: received broadcast android.intent.action.BATTERY_CHANGED
04-15 09:13:43.102  1766  1766 D QtiCarrierConfigHelper: WARNING, no carrier configs on phone Id: 0
04-15 09:13:43.103  1563  1563 D KeyguardUpdateMonitor: handleBatteryUpdate
04-15 09:13:46.278  1073  1161 E KernelCpuSpeedReader: Failed to read cpu-freq: /sys/devices/system/cpu/cpu0/cpufreq/stats/time_in_state (No such file or directory)
04-15 09:13:50.309   731   731 I chatty  : uid=0(root) /vendor/bin/vm_bms expire 76 lines
04-15 09:13:58.353  1073  1161 I chatty  : uid=1000(system) batterystats-wo identical 2 lines
04-15 09:14:04.382  1073  1161 E KernelCpuSpeedReader: Failed to read cpu-freq: /sys/devices/system/cpu/cpu0/cpufreq/stats/time_in_state (No such file or directory)
04-15 09:14:08.028   777  1018 E storaged: getDiskStats failed with result NOT_SUPPORTED and size 0
04-15 09:14:10.424  1073  1161 E KernelCpuSpeedReader: Failed to read cpu-freq: /sys/devices/system/cpu/cpu0/cpufreq/stats/time_in_state (No such file or directory)
04-15 09:14:16.454  1073  1161 I chatty  : uid=1000(system) batterystats-wo identical 1 line
04-15 09:14:22.486  1073  1161 E KernelCpuSpeedReader: Failed to read cpu-freq: /sys/devices/system/cpu/cpu0/cpufreq/stats/time_in_state (No such file or directory)
04-15 09:14:22.782  1073  1332 D BatteryLED: mData: 0
04-15 09:14:22.782  1073  1332 D BatteryLED: result: 0
04-15 09:14:22.783  1073  1332 D BatteryLED: mData: 
04-15 09:14:22.783  1073  1332 D BatteryLED: result: 0
04-15 09:14:22.783  1073  1332 D BatteryLED: mHealthInfo.batteryStatus3 charge_type =0
04-15 09:14:22.783  1073  1332 D BatteryLED: BATTERY_STATUS_DISCHARGING not dc turnOff
04-15 09:14:22.784  1563  1563 D KeyguardUpdateMonitor: received broadcast android.intent.action.BATTERY_CHANGED
04-15 09:14:22.786  1563  1563 D KeyguardUpdateMonitor: handleBatteryUpdate
04-15 09:14:22.787  1766  1766 D QtiCarrierConfigHelper: WARNING, no carrier configs on phone Id: 0
04-15 09:14:28.513  1073  1161 E KernelCpuSpeedReader: Failed to read cpu-freq: /sys/devices/system/cpu/cpu0/cpufreq/stats/time_in_state (No such file or directory)
04-15 09:14:50.709   731   731 I chatty  : uid=0(root) /vendor/bin/vm_bms expire 76 lines
04-15 09:14:54.666  1073  1161 I chatty  : uid=1000(system) batterystats-wo identical 4 lines
04-15 09:15:00.711  1073  1161 E KernelCpuSpeedReader: Failed to read cpu-freq: /sys/devices/system/cpu/cpu0/cpufreq/stats/time_in_state (No such file or directory)
04-15 09:15:08.029   777  1018 E storaged: getDiskStats failed with result NOT_SUPPORTED and size 0
04-15 09:15:08.741  1073  1161 E KernelCpuSpeedReader: Failed to read cpu-freq: /sys/devices/system/cpu/cpu0/cpufreq/stats/time_in_state (No such file or directory)
04-15 09:15:14.784  1073  1161 I chatty  : uid=1000(system) batterystats-wo identical 1 line
04-15 09:15:20.811  1073  1161 E KernelCpuSpeedReader: Failed to read cpu-freq: /sys/devices/system/cpu/cpu0/cpufreq/stats/time_in_state (No such file or directory)
04-15 09:15:22.961  1073  1332 D BatteryLED: mData: 0
04-15 09:15:22.961  1073  1332 D BatteryLED: result: 0
04-15 09:15:22.961  1073  1332 D BatteryLED: mData: 
04-15 09:15:22.961  1073  1332 D BatteryLED: result: 0
04-15 09:15:22.961  1073  1332 D BatteryLED: mHealthInfo.batteryStatus3 charge_type =0
04-15 09:15:22.961  1073  1332 D BatteryLED: BATTERY_STATUS_DISCHARGING not dc turnOff
04-15 09:15:22.963  1563  1563 D KeyguardUpdateMonitor: received broadcast android.intent.action.BATTERY_CHANGED
04-15 09:15:22.963  1766  1766 D QtiCarrierConfigHelper: WARNING, no carrier configs on phone Id: 0
04-15 09:15:22.964  1563  1563 D KeyguardUpdateMonitor: handleBatteryUpdate
04-15 09:15:26.853  1073  1161 E KernelCpuSpeedReader: Failed to read cpu-freq: /sys/devices/system/cpu/cpu0/cpufreq/stats/time_in_state (No such file or directory)
04-15 09:15:51.089   731   731 I chatty  : uid=0(root) /vendor/bin/vm_bms expire 76 lines
04-15 09:16:06.432  1073  4886 I chatty  : uid=1000 system_server expire 1 line
04-15 09:15:57.028  1073  1161 I chatty  : uid=1000(system) batterystats-wo identical 5 lines
04-15 09:16:03.140  1073  1161 E KernelCpuSpeedReader: Failed to read cpu-freq: /sys/devices/system/cpu/cpu0/cpufreq/stats/time_in_state (No such file or directory)
04-15 09:16:08.030   777  1018 E storaged: getDiskStats failed with result NOT_SUPPORTED and size 0
04-15 09:16:09.107  1073  1161 E KernelCpuSpeedReader: Failed to read cpu-freq: /sys/devices/system/cpu/cpu0/cpufreq/stats/time_in_state (No such file or directory)
