04-15 09:36:58.892  1073  1332 D BatteryLED: mHealthInfo.batteryStatus3 charge_type =0
04-15 09:36:58.892  1073  1332 D BatteryLED: BATTERY_STATUS_DISCHARGING not dc turnOff
04-15 09:36:58.894  1563  1563 D KeyguardUpdateMonitor: handleBatteryUpdate
04-15 09:37:02.716  1073  1161 E KernelCpuSpeedReader: Failed to read cpu-freq: /sys/devices/system/cpu/cpu0/cpufreq/stats/time_in_state (No such file or directory)
04-15 09:37:08.297   777  1018 E storaged: getDiskStats failed with result NOT_SUPPORTED and size 0
04-15 09:37:08.748  1073  1161 E KernelCpuSpeedReader: Failed to read cpu-freq: /sys/devices/system/cpu/cpu0/cpufreq/stats/time_in_state (No such file or directory)
04-15 09:37:10.905  1073  1332 D BatteryLED: mData: 0
04-15 09:37:10.905  1073  1332 D BatteryLED: result: 0
04-15 09:37:10.905  1073  1332 D BatteryLED: mData: 
04-15 09:37:10.905  1073  1332 D BatteryLED: result: 0
04-15 09:37:10.905  1073  1332 D BatteryLED: mHealthInfo.batteryStatus3 charge_type =0
04-15 09:37:10.905  1073  1332 D BatteryLED: BATTERY_STATUS_DISCHARGING not dc turnOff
04-15 09:37:10.912  1563  1563 D KeyguardUpdateMonitor: received broadcast android.intent.action.BATTERY_CHANGED
04-15 09:37:10.914  1563  1563 D KeyguardUpdateMonitor: handleBatteryUpdate
04-15 09:37:10.915  1766  1766 D QtiCarrierConfigHelper: WARNING, no carrier configs on phone Id: 0
04-15 09:37:14.794  1073  1161 E KernelCpuSpeedReader: Failed to read cpu-freq: /sys/devices/system/cpu/cpu0/cpufreq/stats/time_in_state (No such file or directory)
04-15 09:37:20.824  1073  1161 I chatty  : uid=1000(system) batterystats-wo identical 1 line
04-15 09:37:26.863  1073  1161 E KernelCpuSpeedReader: Failed to read cpu-freq: /sys/devices/system/cpu/cpu0/cpufreq/stats/time_in_state (No such file or directory)
04-15 09:37:30.945  1073  1332 D BatteryLED: mData: 0
04-15 09:37:30.945  1073  1332 D BatteryLED: result: 0
04-15 09:37:30.945  1073  1332 D BatteryLED: mData: 
04-15 09:37:30.945  1073  1332 D BatteryLED: result: 0
04-15 09:37:30.945  1073  1332 D BatteryLED: mHealthInfo.batteryStatus3 charge_type =0
04-15 09:37:30.945  1073  1332 D BatteryLED: BATTERY_STATUS_DISCHARGING not dc turnOff
04-15 09:37:30.948  1563  1563 D KeyguardUpdateMonitor: received broadcast android.intent.action.BATTERY_CHANGED
04-15 09:37:30.948  1766  1766 D QtiCarrierConfigHelper: WARNING, no carrier configs on phone Id: 0
04-15 09:37:30.950  1563  1563 D KeyguardUpdateMonitor: handleBatteryUpdate
04-15 09:37:32.896  1073  1161 E KernelCpuSpeedReader: Failed to read cpu-freq: /sys/devices/system/cpu/cpu0/cpufreq/stats/time_in_state (No such file or directory)
04-15 09:37:59.169   731   731 I chatty  : uid=0(root) /vendor/bin/vm_bms expire 76 lines
04-15 09:37:57.032  1073  1161 I chatty  : uid=1000(system) batterystats-wo identical 4 lines
04-15 09:38:03.077  1073  1161 E KernelCpuSpeedReader: Failed to read cpu-freq: /sys/devices/system/cpu/cpu0/cpufreq/stats/time_in_state (No such file or directory)
04-15 09:38:08.298   777  1018 E storaged: getDiskStats failed with result NOT_SUPPORTED and size 0
04-15 09:38:09.105  1073  1161 E KernelCpuSpeedReader: Failed to read cpu-freq: /sys/devices/system/cpu/cpu0/cpufreq/stats/time_in_state (No such file or directory)
04-15 09:38:11.254  1073  1332 D BatteryLED: mData: 0
04-15 09:38:11.254  1073  1332 D BatteryLED: result: 0
04-15 09:38:11.254  1073  1332 D BatteryLED: mData: 
04-15 09:38:11.254  1073  1332 D BatteryLED: result: 0
04-15 09:38:11.254  1073  1332 D BatteryLED: mHealthInfo.batteryStatus3 charge_type =0
04-15 09:38:11.254  1073  1332 D BatteryLED: BATTERY_STATUS_DISCHARGING not dc turnOff
04-15 09:38:11.256  1766  1766 D QtiCarrierConfigHelper: WARNING, no carrier configs on phone Id: 0
04-15 09:38:11.256  1563  1563 D KeyguardUpdateMonitor: received broadcast android.intent.action.BATTERY_CHANGED
04-15 09:38:11.258  1563  1563 D KeyguardUpdateMonitor: handleBatteryUpdate
04-15 09:38:15.152  1073  1161 E KernelCpuSpeedReader: Failed to read cpu-freq: /sys/devices/system/cpu/cpu0/cpufreq/stats/time_in_state (No such file or directory)
04-15 09:38:59.519   731   731 I chatty  : uid=0(root) /vendor/bin/vm_bms expire 76 lines
04-15 09:38:51.369  1073  1161 I chatty  : uid=1000(system) batterystats-wo identical 6 lines
04-15 09:38:57.398  1073  1161 E KernelCpuSpeedReader: Failed to read cpu-freq: /sys/devices/system/cpu/cpu0/cpufreq/stats/time_in_state (No such file or directory)
04-15 09:38:59.605  1073  1332 D BatteryLED: mData: 0
04-15 09:38:59.605  1073  1332 D BatteryLED: result: 0
04-15 09:38:59.605  1073  1332 D BatteryLED: mData: 
04-15 09:38:59.605  1073  1332 D BatteryLED: result: 0
04-15 09:38:59.605  1073  1332 D BatteryLED: mHealthInfo.batteryStatus3 charge_type =0
04-15 09:38:59.605  1073  1332 D BatteryLED: BATTERY_STATUS_DISCHARGING not dc turnOff
04-15 09:38:59.612  1563  1563 D KeyguardUpdateMonitor: received broadcast android.intent.action.BATTERY_CHANGED
04-15 09:38:59.612  1766  1766 D QtiCarrierConfigHelper: WARNING, no carrier configs on phone Id: 0
04-15 09:38:59.614  1563  1563 D KeyguardUpdateMonitor: handleBatteryUpdate
04-15 09:39:03.441  1073  1161 E KernelCpuSpeedReader: Failed to read cpu-freq: /sys/devices/system/cpu/cpu0/cpufreq/stats/time_in_state (No such file or directory)
04-15 09:39:08.300   777  1018 E storaged: getDiskStats failed with result NOT_SUPPORTED and size 0
04-15 09:39:09.471  1073  1161 E KernelCpuSpeedReader: Failed to read cpu-freq: /sys/devices/system/cpu/cpu0/cpufreq/stats/time_in_state (No such file or directory)
04-15 09:39:11.639  1563  1563 D KeyguardUpdateMonitor: received broadcast android.intent.action.BATTERY_CHANGED
04-15 09:39:11.640  1073  1332 D BatteryLED: mData: 0
04-15 09:39:11.640  1766  1766 D QtiCarrierConfigHelper: WARNING, no carrier configs on phone Id: 0
04-15 09:39:11.640  1073  1332 D BatteryLED: result: 0
04-15 09:39:11.640  1073  1332 D BatteryLED: mData: 
04-15 09:39:11.640  1073  1332 D BatteryLED: result: 0
04-15 09:39:11.640  1073  1332 D BatteryLED: mHealthInfo.batteryStatus3 charge_type =0
04-15 09:39:11.640  1073  1332 D BatteryLED: BATTERY_STATUS_DISCHARGING not dc turnOff
04-15 09:39:11.641  1563  1563 D KeyguardUpdateMonitor: handleBatteryUpdate
04-15 09:39:15.513  1073  1161 E KernelCpuSpeedReader: Failed to read cpu-freq: /sys/devices/system/cpu/cpu0/cpufreq/stats/time_in_state (No such file or directory)
04-15 09:39:21.540  1073  1161 I chatty  : uid=1000(system) batterystats-wo identical 1 line
04-15 09:39:27.584  1073  1161 E KernelCpuSpeedReader: Failed to read cpu-freq: /sys/devices/system/cpu/cpu0/cpufreq/stats/time_in_state (No such file or directory)
04-15 09:39:31.907  1073  1332 D BatteryLED: mData: 0
04-15 09:39:31.907  1073  1332 D BatteryLED: result: 0
04-15 09:39:31.907  1073  1332 D BatteryLED: mData: 
04-15 09:39:31.907  1073  1332 D BatteryLED: result: 0
04-15 09:39:31.908  1073  1332 D BatteryLED: mHealthInfo.batteryStatus3 charge_type =0
04-15 09:39:31.908  1073  1332 D BatteryLED: BATTERY_STATUS_DISCHARGING not dc turnOff
04-15 09:39:31.909  1563  1563 D KeyguardUpdateMonitor: received broadcast android.intent.action.BATTERY_CHANGED
04-15 09:39:31.910  1766  1766 D QtiCarrierConfigHelper: WARNING, no carrier configs on phone Id: 0
04-15 09:39:31.911  1563  1563 D KeyguardUpdateMonitor: handleBatteryUpdate
04-15 09:39:33.615  1073  1161 E KernelCpuSpeedReader: Failed to read cpu-freq: /sys/devices/system/cpu/cpu0/cpufreq/stats/time_in_state (No such file or directory)
04-15 09:39:59.909   731   731 I chatty  : uid=0(root) /vendor/bin/vm_bms expire 76 lines
04-15 09:39:57.760  1073  1161 I chatty  : uid=1000(system) batterystats-wo identical 4 lines
04-15 09:40:03.802  1073  1161 E KernelCpuSpeedReader: Failed to read cpu-freq: /sys/devices/system/cpu/cpu0/cpufreq/stats/time_in_state (No such file or directory)
04-15 09:40:08.301   777  1018 E storaged: getDiskStats failed with result NOT_SUPPORTED and size 0
04-15 09:40:09.833  1073  1161 E KernelCpuSpeedReader: Failed to read cpu-freq: /sys/devices/system/cpu/cpu0/cpufreq/stats/time_in_state (No such file or directory)
04-15 09:40:12.029  1073  1332 D BatteryLED: mData: 0
04-15 09:40:12.029  1073  1332 D BatteryLED: result: 0
04-15 09:40:12.029  1073  1332 D BatteryLED: mData: 
04-15 09:40:12.029  1073  1332 D BatteryLED: result: 0
04-15 09:40:12.029  1073  1332 D BatteryLED: mHealthInfo.batteryStatus3 charge_type =0
04-15 09:40:12.029  1073  1332 D BatteryLED: BATTERY_STATUS_DISCHARGING not dc turnOff
04-15 09:40:12.030  1563  1563 D KeyguardUpdateMonitor: received broadcast android.intent.action.BATTERY_CHANGED
04-15 09:40:12.030  1766  1766 D QtiCarrierConfigHelper: WARNING, no carrier configs on phone Id: 0
04-15 09:40:12.032  1563  1563 D KeyguardUpdateMonitor: handleBatteryUpdate
04-15 09:40:15.875  1073  1161 E KernelCpuSpeedReader: Failed to read cpu-freq: /sys/devices/system/cpu/cpu0/cpufreq/stats/time_in_state (No such file or directory)
04-15 09:40:21.902  1073  1161 I chatty  : uid=1000(system) batterystats-wo identical 1 line
04-15 09:40:27.946  1073  1161 E KernelCpuSpeedReader: Failed to read cpu-freq: /sys/devices/system/cpu/cpu0/cpufreq/stats/time_in_state (No such file or directory)
04-15 09:40:32.065  1073  1332 D BatteryLED: mData: 0
04-15 09:40:32.065  1073  1332 D BatteryLED: result: 0
04-15 09:40:32.066  1073  1332 D BatteryLED: mData: 
04-15 09:40:32.066  1073  1332 D BatteryLED: result: 0
04-15 09:40:32.066  1073  1332 D BatteryLED: mHealthInfo.batteryStatus3 charge_type =0
04-15 09:40:32.066  1073  1332 D BatteryLED: BATTERY_STATUS_DISCHARGING not dc turnOff
04-15 09:40:32.067  1563  1563 D KeyguardUpdateMonitor: received broadcast android.intent.action.BATTERY_CHANGED
04-15 09:40:32.067  1766  1766 D QtiCarrierConfigHelper: WARNING, no carrier configs on phone Id: 0
04-15 09:40:32.069  1563  1563 D KeyguardUpdateMonitor: handleBatteryUpdate
04-15 09:40:33.975  1073  1161 E KernelCpuSpeedReader: Failed to read cpu-freq: /sys/devices/system/cpu/cpu0/cpufreq/stats/time_in_state (No such file or directory)
04-15 09:40:46.048  1073  1161 I chatty  : uid=1000(system) batterystats-wo identical 2 lines
04-15 09:40:52.091  1073  1161 E KernelCpuSpeedReader: Failed to read cpu-freq: /sys/devices/system/cpu/cpu0/cpufreq/stats/time_in_state (No such file or directory)
04-15 09:40:52.549  1073  1332 D BatteryLED: mData: 0
04-15 09:40:52.549  1073  1332 D BatteryLED: result: 0
04-15 09:40:52.549  1073  1332 D BatteryLED: mData: 
04-15 09:40:52.549  1073  1332 D BatteryLED: result: 0
04-15 09:40:52.549  1073  1332 D BatteryLED: mHealthInfo.batteryStatus3 charge_type =0
04-15 09:40:52.549  1073  1332 D BatteryLED: BATTERY_STATUS_DISCHARGING not dc turnOff
04-15 09:40:52.550  1563  1563 D KeyguardUpdateMonitor: received broadcast android.intent.action.BATTERY_CHANGED
04-15 09:40:52.551  1766  1766 D QtiCarrierConfigHelper: WARNING, no carrier configs on phone Id: 0
04-15 09:40:52.552  1563  1563 D KeyguardUpdateMonitor: handleBatteryUpdate
04-15 09:40:58.118  1073  1161 E KernelCpuSpeedReader: Failed to read cpu-freq: /sys/devices/system/cpu/cpu0/cpufreq/stats/time_in_state (No such file or directory)
04-15 09:41:00.239   731   731 I chatty  : uid=0(root) /vendor/bin/vm_bms expire 76 lines
04-15 09:41:00.333  1073  1332 D BatteryLED: mData: 0
04-15 09:41:00.333  1073  1332 D BatteryLED: result: 0
04-15 09:41:00.333  1073  1332 D BatteryLED: mData: 
04-15 09:41:00.333  1073  1332 D BatteryLED: result: 0
04-15 09:41:00.333  1073  1332 D BatteryLED: mHealthInfo.batteryStatus3 charge_type =0
04-15 09:41:00.333  1073  1332 D BatteryLED: BATTERY_STATUS_DISCHARGING not dc turnOff
04-15 09:41:00.335  1563  1563 D KeyguardUpdateMonitor: received broadcast android.intent.action.BATTERY_CHANGED
04-15 09:41:00.337  1563  1563 D KeyguardUpdateMonitor: handleBatteryUpdate
04-15 09:41:00.337  1766  1766 D QtiCarrierConfigHelper: WARNING, no carrier configs on phone Id: 0
04-15 09:41:04.164  1073  1161 E KernelCpuSpeedReader: Failed to read cpu-freq: /sys/devices/system/cpu/cpu0/cpufreq/stats/time_in_state (No such file or directory)
04-15 09:41:07.510  1563  1563 D KeyguardUpdateMonitor: received broadcast android.intent.action.TIME_TICK
04-15 09:41:07.511  1563  1563 D KeyguardUpdateMonitor: handleTimeUpdate
04-15 09:41:07.529  1073  1073 I chatty  : uid=1000 system_server expire 16 lines
04-15 09:41:07.603  4655  4655 D ReportJobService: QMS report
04-15 09:41:07.607  4655  4655 V CredentialHelper: Processing credentials for uid = 10065
04-15 09:41:07.617   805  4683 E ssgqmigd: Failed to validate xport message
04-15 09:41:08.301   777  1018 E storaged: getDiskStats failed with result NOT_SUPPORTED and size 0
04-15 09:41:10.195  1073  1161 E KernelCpuSpeedReader: Failed to read cpu-freq: /sys/devices/system/cpu/cpu0/cpufreq/stats/time_in_state (No such file or directory)
04-15 09:41:12.416  1563  1563 D KeyguardUpdateMonitor: received broadcast android.intent.action.BATTERY_CHANGED
04-15 09:41:12.416  1766  1766 D QtiCarrierConfigHelper: WARNING, no carrier configs on phone Id: 0
04-15 09:41:12.418  1563  1563 D KeyguardUpdateMonitor: handleBatteryUpdate
04-15 09:41:12.419  1073  1332 D BatteryLED: mData: 0
04-15 09:41:12.419  1073  1332 D BatteryLED: result: 0
04-15 09:41:12.419  1073  1332 D BatteryLED: mData: 
04-15 09:41:12.419  1073  1332 D BatteryLED: result: 0
04-15 09:41:12.419  1073  1332 D BatteryLED: mHealthInfo.batteryStatus3 charge_type =0
04-15 09:41:12.419  1073  1332 D BatteryLED: BATTERY_STATUS_DISCHARGING not dc turnOff
04-15 09:41:16.239  1073  1161 E KernelCpuSpeedReader: Failed to read cpu-freq: /sys/devices/system/cpu/cpu0/cpufreq/stats/time_in_state (No such file or directory)
04-15 09:41:22.264  1073  1161 I chatty  : uid=1000(system) batterystats-wo identical 1 line
04-15 09:41:28.307  1073  1161 E KernelCpuSpeedReader: Failed to read cpu-freq: /sys/devices/system/cpu/cpu0/cpufreq/stats/time_in_state (No such file or directory)
04-15 09:41:32.861  1073  1332 D BatteryLED: mData: 0
04-15 09:41:32.861  1073  1332 D BatteryLED: result: 0
04-15 09:41:32.861  1073  1332 D BatteryLED: mData: 
04-15 09:41:32.861  1073  1332 D BatteryLED: result: 0
04-15 09:41:32.861  1073  1332 D BatteryLED: mHealthInfo.batteryStatus3 charge_type =0
04-15 09:41:32.861  1073  1332 D BatteryLED: BATTERY_STATUS_DISCHARGING not dc turnOff
04-15 09:41:32.864  1563  1563 D KeyguardUpdateMonitor: received broadcast android.intent.action.BATTERY_CHANGED
04-15 09:41:32.864  1766  1766 D QtiCarrierConfigHelper: WARNING, no carrier configs on phone Id: 0
04-15 09:41:32.866  1563  1563 D KeyguardUpdateMonitor: handleBatteryUpdate
04-15 09:41:34.335  1073  1161 E KernelCpuSpeedReader: Failed to read cpu-freq: /sys/devices/system/cpu/cpu0/cpufreq/stats/time_in_state (No such file or directory)
04-15 09:41:46.407  1073  1161 I chatty  : uid=1000(system) batterystats-wo identical 2 lines
04-15 09:41:52.449  1073  1161 E KernelCpuSpeedReader: Failed to read cpu-freq: /sys/devices/system/cpu/cpu0/cpufreq/stats/time_in_state (No such file or directory)
04-15 09:41:53.347  1073  1332 D BatteryLED: mData: 0
04-15 09:41:53.347  1073  1332 D BatteryLED: result: 0
04-15 09:41:53.348  1073  1332 D BatteryLED: mData: 
04-15 09:41:53.348  1073  1332 D BatteryLED: result: 0
04-15 09:41:53.348  1073  1332 D BatteryLED: mHealthInfo.batteryStatus3 charge_type =0
04-15 09:41:53.348  1073  1332 D BatteryLED: BATTERY_STATUS_DISCHARGING not dc turnOff
04-15 09:41:53.350  1563  1563 D KeyguardUpdateMonitor: received broadcast android.intent.action.BATTERY_CHANGED
04-15 09:41:53.351  1766  1766 D QtiCarrierConfigHelper: WARNING, no carrier configs on phone Id: 0
04-15 09:41:53.352  1563  1563 D KeyguardUpdateMonitor: handleBatteryUpdate
04-15 09:41:58.475  1073  1161 E KernelCpuSpeedReader: Failed to read cpu-freq: /sys/devices/system/cpu/cpu0/cpufreq/stats/time_in_state (No such file or directory)
04-15 09:42:00.669   731   731 I chatty  : uid=0(root) /vendor/bin/vm_bms expire 76 lines
04-15 09:42:04.518  1073  1161 E KernelCpuSpeedReader: Failed to read cpu-freq: /sys/devices/system/cpu/cpu0/cpufreq/stats/time_in_state (No such file or directory)
04-15 09:42:08.303   777  1018 E storaged: getDiskStats failed with result NOT_SUPPORTED and size 0
04-15 09:42:10.551  1073  1161 E KernelCpuSpeedReader: Failed to read cpu-freq: /sys/devices/system/cpu/cpu0/cpufreq/stats/time_in_state (No such file or directory)
04-15 09:42:12.773  1073  1332 D BatteryLED: mData: 0
04-15 09:42:12.773  1073  1332 D BatteryLED: result: 0
04-15 09:42:12.773  1073  1332 D BatteryLED: mData: 
04-15 09:42:12.773  1073  1332 D BatteryLED: result: 0
04-15 09:42:12.773  1073  1332 D BatteryLED: mHealthInfo.batteryStatus3 charge_type =0
04-15 09:42:12.773  1073  1332 D BatteryLED: BATTERY_STATUS_DISCHARGING not dc turnOff
04-15 09:42:12.775  1563  1563 D KeyguardUpdateMonitor: received broadcast android.intent.action.BATTERY_CHANGED
04-15 09:42:12.777  1766  1766 D QtiCarrierConfigHelper: WARNING, no carrier configs on phone Id: 0
04-15 09:42:12.777  1563  1563 D KeyguardUpdateMonitor: handleBatteryUpdate
04-15 09:42:16.597  1073  1161 E KernelCpuSpeedReader: Failed to read cpu-freq: /sys/devices/system/cpu/cpu0/cpufreq/stats/time_in_state (No such file or directory)
04-15 09:42:22.624  1073  1161 I chatty  : uid=1000(system) batterystats-wo identical 1 line
04-15 09:42:28.668  1073  1161 E KernelCpuSpeedReader: Failed to read cpu-freq: /sys/devices/system/cpu/cpu0/cpufreq/stats/time_in_state (No such file or directory)
04-15 09:42:33.026  1073  1332 D BatteryLED: mData: 0
04-15 09:42:33.026  1073  1332 D BatteryLED: result: 0
04-15 09:42:33.027  1073  1332 D BatteryLED: mData: 
04-15 09:42:33.027  1073  1332 D BatteryLED: result: 0
04-15 09:42:33.027  1073  1332 D BatteryLED: mHealthInfo.batteryStatus3 charge_type =0
04-15 09:42:33.027  1073  1332 D BatteryLED: BATTERY_STATUS_DISCHARGING not dc turnOff
04-15 09:42:33.028  1563  1563 D KeyguardUpdateMonitor: received broadcast android.intent.action.BATTERY_CHANGED
04-15 09:42:33.030  1563  1563 D KeyguardUpdateMonitor: handleBatteryUpdate
04-15 09:42:33.031  1766  1766 D QtiCarrierConfigHelper: WARNING, no carrier configs on phone Id: 0
04-15 09:42:34.699  1073  1161 E KernelCpuSpeedReader: Failed to read cpu-freq: /sys/devices/system/cpu/cpu0/cpufreq/stats/time_in_state (No such file or directory)
04-15 09:43:01.039   731   731 I chatty  : uid=0(root) /vendor/bin/vm_bms expire 76 lines
04-15 09:42:52.811  1073  1161 I chatty  : uid=1000(system) batterystats-wo identical 3 lines
04-15 09:42:58.841  1073  1161 E KernelCpuSpeedReader: Failed to read cpu-freq: /sys/devices/system/cpu/cpu0/cpufreq/stats/time_in_state (No such file or directory)
04-15 09:43:01.123  1073  1332 D BatteryLED: mData: 0
04-15 09:43:01.123  1073  1332 D BatteryLED: result: 0
04-15 09:43:01.123  1073  1332 D BatteryLED: mData: 
04-15 09:43:01.123  1073  1332 D BatteryLED: result: 0
04-15 09:43:01.123  1073  1332 D BatteryLED: mHealthInfo.batteryStatus3 charge_type =0
04-15 09:43:01.123  1073  1332 D BatteryLED: BATTERY_STATUS_DISCHARGING not dc turnOff
04-15 09:43:01.125  1563  1563 D KeyguardUpdateMonitor: received broadcast android.intent.action.BATTERY_CHANGED
04-15 09:43:01.127  1563  1563 D KeyguardUpdateMonitor: handleBatteryUpdate
04-15 09:43:01.128  1766  1766 D QtiCarrierConfigHelper: WARNING, no carrier configs on phone Id: 0
04-15 09:43:04.887  1073  1161 E KernelCpuSpeedReader: Failed to read cpu-freq: /sys/devices/system/cpu/cpu0/cpufreq/stats/time_in_state (No such file or directory)
04-15 09:43:08.304   777  1018 E storaged: getDiskStats failed with result NOT_SUPPORTED and size 0
04-15 09:43:10.917  1073  1161 E KernelCpuSpeedReader: Failed to read cpu-freq: /sys/devices/system/cpu/cpu0/cpufreq/stats/time_in_state (No such file or directory)
04-15 09:43:13.140  1073  1332 D BatteryLED: mData: 0
04-15 09:43:13.140  1073  1332 D BatteryLED: result: 0
04-15 09:43:13.140  1073  1332 D BatteryLED: mData: 
04-15 09:43:13.140  1073  1332 D BatteryLED: result: 0
04-15 09:43:13.141  1073  1332 D BatteryLED: mHealthInfo.batteryStatus3 charge_type =0
04-15 09:43:13.141  1073  1332 D BatteryLED: BATTERY_STATUS_DISCHARGING not dc turnOff
04-15 09:43:13.142  1563  1563 D KeyguardUpdateMonitor: received broadcast android.intent.action.BATTERY_CHANGED
04-15 09:43:13.142  1766  1766 D QtiCarrierConfigHelper: WARNING, no carrier configs on phone Id: 0
04-15 09:43:13.143  1563  1563 D KeyguardUpdateMonitor: handleBatteryUpdate
04-15 09:43:16.963  1073  1161 E KernelCpuSpeedReader: Failed to read cpu-freq: /sys/devices/system/cpu/cpu0/cpufreq/stats/time_in_state (No such file or directory)
04-15 09:43:22.989  1073  1161 I chatty  : uid=1000(system) batterystats-wo identical 1 line
04-15 09:43:29.034  1073  1161 E KernelCpuSpeedReader: Failed to read cpu-freq: /sys/devices/system/cpu/cpu0/cpufreq/stats/time_in_state (No such file or directory)
04-15 09:43:33.186  1073  1332 D BatteryLED: mData: 0
04-15 09:43:33.186  1073  1332 D BatteryLED: result: 0
04-15 09:43:33.186  1073  1332 D BatteryLED: mData: 
04-15 09:43:33.186  1073  1332 D BatteryLED: result: 0
04-15 09:43:33.186  1073  1332 D BatteryLED: mHealthInfo.batteryStatus3 charge_type =0
04-15 09:43:33.186  1073  1332 D BatteryLED: BATTERY_STATUS_DISCHARGING not dc turnOff
04-15 09:43:33.189  1563  1563 D KeyguardUpdateMonitor: received broadcast android.intent.action.BATTERY_CHANGED
04-15 09:43:33.191  1563  1563 D KeyguardUpdateMonitor: handleBatteryUpdate
04-15 09:43:33.192  1766  1766 D QtiCarrierConfigHelper: WARNING, no carrier configs on phone Id: 0
04-15 09:43:35.065  1073  1161 E KernelCpuSpeedReader: Failed to read cpu-freq: /sys/devices/system/cpu/cpu0/cpufreq/stats/time_in_state (No such file or directory)
04-15 09:43:47.136  1073  1161 I chatty  : uid=1000(system) batterystats-wo identical 2 lines
04-15 09:43:53.177  1073  1161 E KernelCpuSpeedReader: Failed to read cpu-freq: /sys/devices/system/cpu/cpu0/cpufreq/stats/time_in_state (No such file or directory)
04-15 09:43:58.966  1073  1161 E BatteryExternalStatsWorker: no controller energy info supplied for bluetooth
04-15 09:43:58.978  1073  1161 E KernelCpuSpeedReader: Failed to read cpu-freq: /sys/devices/system/cpu/cpu0/cpufreq/stats/time_in_state (No such file or directory)
04-15 09:43:58.998  1073  1332 D BatteryLED: mData: 0
04-15 09:43:58.998  1073  1332 D BatteryLED: result: 0
04-15 09:43:58.998  1073  1332 D BatteryLED: mData: 
04-15 09:43:58.998  1073  1332 D BatteryLED: result: 0
04-15 09:43:58.998  1073  1332 D BatteryLED: mHealthInfo.batteryStatus3 charge_type =0
04-15 09:43:58.998  1073  1332 D BatteryLED: BATTERY_STATUS_DISCHARGING not dc turnOff
04-15 09:43:59.067  1073  1201 I EntropyMixer: Writing entropy...
04-15 09:43:59.068  1563  1563 D KeyguardUpdateMonitor: received broadcast android.intent.action.BATTERY_CHANGED
04-15 09:43:59.068  1073  1209 I PowerManagerService: Waking up from dozing (uid=1000 reason=android.server.power:POWER)...
04-15 09:43:59.069  1563  1563 D KeyguardUpdateMonitor: handleBatteryUpdate
04-15 09:43:59.074  1766  1766 D QtiCarrierConfigHelper: WARNING, no carrier configs on phone Id: 0
04-15 09:43:59.120  1073  1209 I DisplayPowerController: Blocking screen on until initial contents have been drawn.
04-15 09:43:59.120  1073  1161 E KernelCpuSpeedReader: Failed to read cpu-freq: /sys/devices/system/cpu/cpu0/cpufreq/stats/time_in_state (No such file or directory)
04-15 09:43:59.143   495   495 E QTI PowerHAL: Failed to acquire lock for hint_id: 1041.
04-15 09:43:59.143   495   495 I QTI PowerHAL: Got set_interactive hint
04-15 09:43:59.143   495   495 I QTI PowerHAL: Got set_interactive hint on= 1, count= 3
04-15 09:43:59.143   495   495 E QTI PowerHAL: Error opening /sys/kernel/hbtp/display_pwr: No such file or directory
04-15 09:43:59.213  1073  1073 W Looper  : Slow dispatch took 140ms main h=android.app.ActivityThread$H c=android.app.-$$Lambda$LoadedApk$ReceiverDispatcher$Args$_BumDX2UKsnxLVrE6UJsJZkotuA@4fbacf5 m=0
04-15 09:43:59.226  1563  2175 D KeyguardViewMediator: notifyScreenOn
04-15 09:43:59.231  1073  1073 W UsageStatsService: Event reported without a package name
04-15 09:43:59.244   419   419 I chatty  : uid=0(root) main expire 5 lines
04-15 09:43:59.246   539   539 D SurfaceFlinger: Set power mode=2, type=0 flinger=0x776703d000
04-15 09:43:59.265  1073  1202 I DisplayManagerService: Display device changed state: "", ON
04-15 09:43:59.265  1563  1563 D KeyguardViewMediator: handleNotifyScreenTurningOn
04-15 09:43:59.286  1073  1202 W DisplayManagerService: Failed to notify process 4706 that displays changed, assuming it died.
04-15 09:43:59.286  1073  1202 W DisplayManagerService: android.os.DeadObjectException
04-15 09:43:59.286  1073  1202 W DisplayManagerService: 	at android.os.BinderProxy.transactNative(Native Method)
04-15 09:43:59.286  1073  1202 W DisplayManagerService: 	at android.os.BinderProxy.transact(Binder.java:1129)
04-15 09:43:59.286  1073  1202 W DisplayManagerService: 	at android.hardware.display.IDisplayManagerCallback$Stub$Proxy.onDisplayEvent(IDisplayManagerCallback.java:85)
04-15 09:43:59.286  1073  1202 W DisplayManagerService: 	at com.android.server.display.DisplayManagerService$CallbackRecord.notifyDisplayEventAsync(DisplayManagerService.java:1604)
04-15 09:43:59.286  1073  1202 W DisplayManagerService: 	at com.android.server.display.DisplayManagerService.deliverDisplayEvent(DisplayManagerService.java:1387)
04-15 09:43:59.286  1073  1202 W DisplayManagerService: 	at com.android.server.display.DisplayManagerService.access$400(DisplayManagerService.java:145)
04-15 09:43:59.286  1073  1202 W DisplayManagerService: 	at com.android.server.display.DisplayManagerService$DisplayManagerHandler.handleMessage(DisplayManagerService.java:1527)
04-15 09:43:59.286  1073  1202 W DisplayManagerService: 	at android.os.Handler.dispatchMessage(Handler.java:106)
04-15 09:43:59.286  1073  1202 W DisplayManagerService: 	at android.os.Looper.loop(Looper.java:193)
04-15 09:43:59.286  1073  1202 W DisplayManagerService: 	at android.os.HandlerThread.run(HandlerThread.java:65)
04-15 09:43:59.286  1073  1202 W DisplayManagerService: 	at com.android.server.ServiceThread.run(ServiceThread.java:44)
04-15 09:43:59.287  1073  1202 W DisplayManagerService: Failed to notify process 4727 that displays changed, assuming it died.
04-15 09:43:59.287  1073  1202 W DisplayManagerService: android.os.DeadObjectException
04-15 09:43:59.287  1073  1202 W DisplayManagerService: 	at android.os.BinderProxy.transactNative(Native Method)
04-15 09:43:59.287  1073  1202 W DisplayManagerService: 	at android.os.BinderProxy.transact(Binder.java:1129)
04-15 09:43:59.287  1073  1202 W DisplayManagerService: 	at android.hardware.display.IDisplayManagerCallback$Stub$Proxy.onDisplayEvent(IDisplayManagerCallback.java:85)
04-15 09:43:59.287  1073  1202 W DisplayManagerService: 	at com.android.server.display.DisplayManagerService$CallbackRecord.notifyDisplayEventAsync(DisplayManagerService.java:1604)
04-15 09:43:59.287  1073  1202 W DisplayManagerService: 	at com.android.server.display.DisplayManagerService.deliverDisplayEvent(DisplayManagerService.java:1387)
04-15 09:43:59.287  1073  1202 W DisplayManagerService: 	at com.android.server.display.DisplayManagerService.access$400(DisplayManagerService.java:145)
04-15 09:43:59.287  1073  1202 W DisplayManagerService: 	at com.android.server.display.DisplayManagerService$DisplayManagerHandler.handleMessage(DisplayManagerService.java:1527)
04-15 09:43:59.287  1073  1202 W DisplayManagerService: 	at android.os.Handler.dispatchMessage(Handler.java:106)
04-15 09:43:59.287  1073  1202 W DisplayManagerService: 	at android.os.Looper.loop(Looper.java:193)
04-15 09:43:59.287  1073  1202 W DisplayManagerService: 	at android.os.HandlerThread.run(HandlerThread.java:65)
04-15 09:43:59.287  1073  1202 W DisplayManagerService: 	at com.android.server.ServiceThread.run(ServiceThread.java:44)
04-15 09:43:59.297  1073  4722 I ActivityManager: Process com.android.providers.calendar (pid 4277) has died: cch+6CEM 
04-15 09:43:59.302  1073  1147 I chatty  : uid=1000(system) ActivityManager expire 10 lines
04-15 09:43:59.310  1563  2175 D KeyguardViewMediator: onStartedWakingUp, seq = 2
04-15 09:43:59.310  1563  2175 D KeyguardViewMediator: notifyStartedWakingUp
04-15 09:43:59.314  1073  1108 I ActivityManager: Process com.qualcomm.telephony (pid 4706) has died: cch+6SVC 
04-15 09:43:59.318  1073  1108 W ActivityManager: Scheduling restart of crashed service com.qualcomm.atfwd/.AtFwdService in 1000ms
04-15 09:43:59.328  1073  1358 I chatty  : uid=1000(system) InputReader expire 1 line
04-15 09:43:59.374  1073  1332 D BatteryLED: mData: 0
04-15 09:43:59.374  1073  1332 D BatteryLED: result: 0
04-15 09:43:59.374  1073  1332 D BatteryLED: mData: 
04-15 09:43:59.374  1073  1332 D BatteryLED: result: 0
04-15 09:43:59.380  1073  1332 D BatteryLED: mHealthInfo.batteryStatus2 charge_type =0
04-15 09:43:59.380  1073  1332 D BatteryLED: BATTERY_STATUS_CHARGING setColor(mBatteryOrange
04-15 09:43:59.391  1073  1457 I ActivityManager: Process com.qualcomm.qti.modemtestmode (pid 4634) has died: cch+6SVC 
04-15 09:43:59.397  1073  1457 W ActivityManager: Scheduling restart of crashed service com.qualcomm.qti.modemtestmode/.MbnSystemService in 10921ms
04-15 09:43:59.418   491   636 I SDM     : DisplayBase::SetDisplayState: Set state = 1, display 0
04-15 09:43:59.432   493   493 D qdlights: set_speaker_light_locked mode 0, colorRY=FF00FFFF, onMS=0, offMS=0
04-15 09:43:59.433   493   493 D qdlights: red : 255 yellow : 255
04-15 09:43:59.435   493   493 D qdlights: red : 0 yellow : 0
04-15 09:43:59.446  1563  1563 D KeyguardViewMediator: handleNotifyWakingUp
04-15 09:43:59.447  1563  1563 V KeyguardUpdateMonitor: startListeningForFingerprint()
04-15 09:43:59.449  1073  1457 V FingerprintService: mDaemon was null, reconnect to fingerprint
04-15 09:43:59.450   375   375 I chatty  : uid=1000(system) hwservicemanage expire 10 lines
04-15 09:43:59.450  1073  1457 W FingerprintService: fingerprint HIDL not available
04-15 09:43:59.451  1563  1563 V KeyguardStatusView: Schedule setEnableMarquee: Enable
04-15 09:43:59.471  1563  1563 V KeyguardUpdateMonitor: *** register callback for com.android.systemui.doze.DozeLog$1@73fbfb0
04-15 09:43:59.471  1563  1563 V KeyguardUpdateMonitor: *** unregister callback for null
04-15 09:43:59.487  1073  1721 I ActivityManager: Process com.qti.diagservices (pid 4727) has died: cch+6SVC 
04-15 09:43:59.490  1073  1721 W ActivityManager: Scheduling restart of crashed service com.qti.diagservices/.QTIDiagServices in 20829ms
04-15 09:43:59.555  1073  1073 W Looper  : Slow dispatch took 248ms main h=com.android.server.power.Notifier$NotifierHandler c=null m=6
04-15 09:43:59.556  1073  1073 W Looper  : Slow delivery took 436ms main h=com.android.server.notification.NotificationManagerService$WorkerHandler c=com.android.server.notification.NotificationManagerService$14@7b985ad m=0
04-15 09:43:59.570  1073  1073 W Looper  : Drained
04-15 09:43:59.572  1766  1766 D QtiCarrierConfigHelper: WARNING, no carrier configs on phone Id: 0
04-15 09:43:59.623  1563  2175 V MediaPlayer: resetDrmState:  mDrmInfo=null mDrmProvisioningThread=null mPrepareDrmInProgress=false mActiveDrmScheme=false
04-15 09:43:59.623  1563  2175 V MediaPlayer: cleanDrmObj: mDrmObj=null mDrmSessionId=null
04-15 09:43:59.624  1073  1457 I ActivityManager: Process com.qualcomm.simcontacts (pid 3940) has died: cch+6SVC 
04-15 09:43:59.628  1073  1457 W ActivityManager: Scheduling restart of crashed service com.qualcomm.simcontacts/.SimContactsService in 30691ms
04-15 09:43:59.645  1563  2175 V MediaPlayer: resetDrmState:  mDrmInfo=null mDrmProvisioningThread=null mPrepareDrmInProgress=false mActiveDrmScheme=false
04-15 09:43:59.645  1563  2175 V MediaPlayer: cleanDrmObj: mDrmObj=null mDrmSessionId=null
04-15 09:43:59.724  1563  1563 D StatusBar: disable<e i a s b H R c s > disable2<q i n >
04-15 09:43:59.724  1563  1563 D StatusBar: disable<e i a s b H R c s > disable2<q i n >
04-15 09:43:59.849  1563  2175 W Ringtone: Remote playback not allowed: java.io.IOException: setDataSource failed.
04-15 09:43:59.849  1563  2175 D Ringtone: Problem opening; delegating to remote player
04-15 09:43:59.849  1563  2175 W Ringtone: Neither local nor remote player available when applying playback properties
04-15 09:43:59.849  1563  2175 W Ringtone: Neither local nor remote player available when applying playback properties
04-15 09:43:59.852   481   824 I chatty  : uid=1041(audioserver) HwBinder:481_3 expire 9 lines
04-15 09:43:59.868  1073  1073 W Looper  : Slow dispatch took 293ms main h=android.app.ActivityThread$H c=android.app.-$$Lambda$LoadedApk$ReceiverDispatcher$Args$_BumDX2UKsnxLVrE6UJsJZkotuA@9abeccf m=0
04-15 09:43:59.868  1073  1073 W Looper  : Slow delivery took 239ms main h=android.os.Handler c=com.android.server.statusbar.StatusBarManagerService$4@775165c m=0
04-15 09:43:59.869  1073  1073 W Looper  : Drained
04-15 09:44:00.029   758   942 D NuPlayerDriver: NuPlayerDriver(0xeaa0b400) created, clientPid(1563)
04-15 09:44:00.079   758   942 I ExtendedNuUtils: printFileName fd(7) -> /system/framework/framework-res.apk
04-15 09:44:00.102   758  4988 D GenericSource: FileSource remote
04-15 09:44:00.102  1563  1937 I OpenGLRenderer: Davey! duration=749ms; Flags=1, IntendedVsync=31421895898584, Vsync=31422262565236, OldestInputEvent=9223372036854775807, NewestInputEvent=0, HandleInputStart=31422267744105, AnimationStart=31422267935615, PerformTraversalsStart=31422268143740, DrawStart=31422279006293, SyncQueued=31422431133115, SyncStart=31422431270251, IssueDrawCommandsStart=31422443782334, SwapBuffers=31422611374938, FrameCompleted=31422645562542, DequeueBufferDuration=642000, QueueBufferDuration=26672000, 
04-15 09:44:00.113  1563  1563 D KeyguardUpdateMonitor: received broadcast android.intent.action.BATTERY_CHANGED
04-15 09:44:00.181  1563  1563 D KeyguardUpdateMonitor: handleBatteryUpdate
04-15 09:44:00.201  1073  1209 I DisplayPowerController: Unblocked screen on after 1081 ms
04-15 09:44:00.286  1731  1731 D DPMJ    : |SERVICE| DPM received action android.intent.action.SCREEN_ON
04-15 09:44:00.289  2184  2184 I libnfc_nci: [INFO:NativeNfcManager.cpp(5448)] nfcManager_doSetScreenState: Enter state = 4
04-15 09:44:00.293  2184  4989 D NfcService: applyRouting enter
04-15 09:44:00.296  2137  2137 D EMVCB_SRVC: Screen ON -->
04-15 09:44:00.339   752  1879 I MMParserExtractor: Created(0x77523e21c0)
04-15 09:44:00.362  1073  1143 I ActivityManager: Start proc 4990:com.qualcomm.telephony/u0a52 for service com.qualcomm.atfwd/.AtFwdService
04-15 09:44:00.364   758  4988 W BpMediaSource: ignoring potentially modified MetaData from start
04-15 09:44:00.364   758  4988 W BpMediaSource: input:
04-15 09:44:00.364   758  4988 I MetaDataBase: extf: (int32_t) 2
04-15 09:44:00.364   758  4988 W BpMediaSource: output:
04-15 09:44:00.365   758  4988 I MetaDataBase: extf: (int32_t) 2
04-15 09:44:00.365   758  4987 D NuPlayerDriver: notifyListener_l(0xeaa0b400), (1, 0, 0, -1), loop setting(0, 0)
04-15 09:44:00.405   758  1862 D NuPlayerDriver: start(0xeaa0b400), state is 4, eos is 0
04-15 09:44:00.405   758  4987 I GenericSource: start
04-15 09:44:00.408   758  4987 W Utils   : track of type 'audio/vorbis' does not publish channel mask, channel count 1
04-15 09:44:00.430   758  4987 W Utils   : track of type 'audio/vorbis' does not publish channel mask, channel count 1
04-15 09:44:00.442   534   534 I chatty  : uid=1041(audioserver) /system/bin/audioserver expire 1 line
04-15 09:44:00.453  1073  2337 I chatty  : uid=1000(system) Binder:1073_A expire 6 lines
04-15 09:44:00.467   758  5006 I OMXClient: IOmx service obtained
04-15 09:44:00.493   539   539 D SurfaceFlinger: Finished set power mode=2, type=0
04-15 09:44:00.498  1073  1440 I chatty  : uid=1000(system) PhotonicModulat expire 1 line
04-15 09:44:00.502   790   922 I OMXMaster: makeComponentInstance(OMX.google.vorbis.decoder) in omx@1.0-service process
04-15 09:44:00.505  1563  2175 D KeyguardViewMediator: notifyScreenTurnedOn
04-15 09:44:00.506  1073  1209 W PowerManagerService: Screen on took 1438 ms
04-15 09:44:00.523  1073  1209 I DreamManagerService: Gently waking up from dream.
04-15 09:44:00.524  1073  1198 I DreamManagerService: Performing gentle wake from dream.
04-15 09:44:00.543  4990  4990 I Perf    : Connecting to perf service.
04-15 09:44:00.550  1563  1563 D KeyguardUpdateMonitor: received broadcast android.intent.action.TIME_TICK
04-15 09:44:00.559  4990  4990 D AtFwdService: onCreate method
04-15 09:44:00.561  4990  4990 I AtCmdFwd: AtCmdFwd
04-15 09:44:00.564  1563  1563 V MediaRouter: onRestoreRoute() : route=RouteInfo{ name=, description=null, status=null, category=RouteCategory{ name= types=ROUTE_TYPE_LIVE_AUDIO ROUTE_TYPE_LIVE_VIDEO  groupable=false }, supportedTypes=ROUTE_TYPE_LIVE_AUDIO ROUTE_TYPE_LIVE_VIDEO , presentationDisplay=null }
04-15 09:44:00.564  1563  1563 V MediaRouter: Selecting route: RouteInfo{ name=, description=null, status=null, category=RouteCategory{ name= types=ROUTE_TYPE_LIVE_AUDIO ROUTE_TYPE_LIVE_VIDEO  groupable=false }, supportedTypes=ROUTE_TYPE_LIVE_AUDIO ROUTE_TYPE_LIVE_VIDEO , presentationDisplay=null }
04-15 09:44:00.566  4990  5010 D AtCkpdCmdHandler: De-queing command
04-15 09:44:00.576  4990  4990 I android_os_HwBinder: HwBinder: Starting thread pool for AtCmdFwdService
04-15 09:44:00.582  1563  1563 D KeyguardViewMediator: handleNotifyScreenTurnedOn
04-15 09:44:00.584  1073  2337 I DreamManagerService: Leaving dreamland.
04-15 09:44:00.585  1073  1198 I DreamManagerService: Performing gentle wake from dream.
04-15 09:44:00.585  1073  1198 I DreamController: Stopping dream: name=ComponentInfo{com.android.systemui/com.android.systemui.doze.DozeService}, isTest=false, canDoze=true, userId=0
04-15 09:44:00.587  1073  1073 I chatty  : uid=1000 system_server expire 1 line
04-15 09:44:00.587  1563  1563 D KeyguardUpdateMonitor: handleTimeUpdate
04-15 09:44:00.593  1563  1563 V KeyguardUpdateMonitor: startListeningForFingerprint()
04-15 09:44:00.595  1073  2337 V FingerprintService: mDaemon was null, reconnect to fingerprint
04-15 09:44:00.597  1073  2337 W FingerprintService: fingerprint HIDL not available
04-15 09:44:00.692   790   922 E OMXNodeInstance: setConfig(0xe689cc60:google.vorbis.decoder, ConfigPriority(0x6f800002)) ERROR: Undefined(0x80001001)
04-15 09:44:00.692   758  5006 I ACodec  : codec does not support config priority (err -2147483648)
04-15 09:44:00.699   790  1853 E OMXNodeInstance: setConfig(0xe689cc60:google.vorbis.decoder, ConfigPriority(0x6f800002)) ERROR: Undefined(0x80001001)
04-15 09:44:00.699   758  5006 I ACodec  : codec does not support config priority (err -2147483648)
04-15 09:44:00.701   790   790 E OMXNodeInstance: getConfig(0xe689cc60:google.vorbis.decoder, ConfigAndroidVendorExtension(0x6f100004)) ERROR: Undefined(0x80001001)
04-15 09:44:00.703   758  5006 W ExtendedACodec: Failed to get extension for extradata parameter
04-15 09:44:00.704   758  5006 I MediaCodec: MediaCodec will operate in async mode
04-15 09:44:00.737   482   482 W AshmemAllocator: ashmem_create_region(65307) returning hidl_memory(0x76dc01a0f0, 65307)
04-15 09:44:00.806   482   482 I chatty  : uid=1000(system) allocator@1.0-s identical 8 lines
04-15 09:44:00.807   482   482 W AshmemAllocator: ashmem_create_region(65307) returning hidl_memory(0x76dc01a0f0, 65307)
04-15 09:44:00.812   482   482 W AshmemAllocator: ashmem_create_region(32768) returning hidl_memory(0x76dc01a0f0, 32768)
04-15 09:44:00.842   482   482 W AshmemAllocator: ashmem_create_region(32768) returning hidl_memory(0x76dc01a0f0, 32768)
04-15 09:44:00.847   758  5005 I ExtendedNuUtils: Both src and dst missing for bit-width
04-15 09:44:00.847   758  5005 I ExtendedNuUtils: Overriding durationUs: with 64 bit src value 1567000
04-15 09:44:00.848   758  5005 I ExtendedNuUtils: Both src and dst missing for channel-mask
04-15 09:44:00.854   534  1966 I chatty  : uid=1041(audioserver) Binder:534_3 expire 1 line
04-15 09:44:00.863   481  2484 I chatty  : uid=1041(audioserver) HwBinder:481_4 expire 1 line
04-15 09:44:00.874   758  4987 D NuPlayerDriver: notifyListener_l(0xeaa0b400), (6, 0, 0, -1), loop setting(0, 0)
04-15 09:44:00.918   481  5016 I chatty  : uid=1041(audioserver) writer expire 62 lines
04-15 09:44:01.153   758  4987 D NuPlayerDriver: notifyListener_l(0xeaa0b400), (211, 0, 0, 20), loop setting(0, 0)
04-15 09:44:01.261   539   539 I ConfigStore: android::hardware::configstore::V1_0::ISurfaceFlingerConfigs::hasHDRDisplay retrieved: 0
04-15 09:44:01.270   539   539 I ConfigStore: android::hardware::configstore::V1_0::ISurfaceFlingerConfigs::hasHDRDisplay retrieved: 0
04-15 09:44:01.452  1563  1563 V KeyguardStatusView: Enable transport text marquee
04-15 09:44:01.469   731   731 I chatty  : uid=0(root) /vendor/bin/vm_bms expire 76 lines
04-15 09:44:01.553  1073  1332 D BatteryLED: mData: 0
04-15 09:44:01.553  1073  1332 D BatteryLED: result: 0
04-15 09:44:01.553  1073  1332 D BatteryLED: mData: 
04-15 09:44:01.553  1073  1332 D BatteryLED: result: 0
04-15 09:44:01.554  1073  1332 D BatteryLED: mHealthInfo.batteryStatus2 charge_type =0
04-15 09:44:01.554  1073  1332 D BatteryLED: BATTERY_STATUS_CHARGING setColor(mBatteryOrange
04-15 09:44:01.555  1563  1563 D KeyguardUpdateMonitor: received broadcast android.intent.action.BATTERY_CHANGED
04-15 09:44:01.556  1766  1766 D QtiCarrierConfigHelper: WARNING, no carrier configs on phone Id: 0
04-15 09:44:01.559  1563  1563 D KeyguardUpdateMonitor: handleBatteryUpdate
04-15 09:44:01.671   539   539 I ConfigStore: android::hardware::configstore::V1_0::ISurfaceFlingerConfigs::hasHDRDisplay retrieved: 0
04-15 09:44:01.672   539   539 I ConfigStore: android::hardware::configstore::V1_0::ISurfaceFlingerConfigs::hasHDRDisplay retrieved: 0
04-15 09:44:02.061   861  1628 I LOWI-8.6.0.33: [LOWI-Scan] lowi_close_record:Scan done in 31388315ms, 14 APs in scan results
04-15 09:44:02.062  1073  1928 I chatty  : uid=1000(system) Binder:1073_8 expire 1 line
04-15 09:44:02.212   758  4987 D NuPlayerDriver: notifyListener_l(0xeaa0b400), (211, 0, 0, 20), loop setting(0, 0)
04-15 09:44:02.215   758  5005 I NuPlayerDecoder: [audio] saw output EOS
04-15 09:44:02.216   758  5003 D AudioTrack: stop() called with 69129 frames delivered
04-15 09:44:02.645   758  4987 D NuPlayerDriver: notifyListener_l(0xeaa0b400), (2, 0, 0, -1), loop setting(0, 0)
04-15 09:44:02.646   758  4987 D NuPlayerDriver: notifyListener_l(0xeaa0b400), (211, 0, 0, 20), loop setting(0, 0)
04-15 09:44:02.807   539   539 I ConfigStore: android::hardware::configstore::V1_0::ISurfaceFlingerConfigs::hasHDRDisplay retrieved: 0
04-15 09:44:03.810   539   539 I chatty  : uid=1000(system) /system/bin/surfaceflinger identical 17 lines
04-15 09:44:05.610   481  2484 I chatty  : uid=1041(audioserver) HwBinder:481_4 expire 13 lines
04-15 09:44:08.306   777  1018 E storaged: getDiskStats failed with result NOT_SUPPORTED and size 0
04-15 09:44:09.068  1073  1209 I PowerManagerService: Going to sleep due to screen timeout (uid 1000)...
04-15 09:44:09.069  1073  1073 W UsageStatsService: Event reported without a package name
04-15 09:44:09.104  1563  1590 D KeyguardViewMediator: onStartedGoingToSleep(3)
04-15 09:44:09.187  1563  1590 D KeyguardViewMediator: notifyStartedGoingToSleep
04-15 09:44:09.188  1563  1563 V KeyguardUpdateMonitor: startListeningForFingerprint()
04-15 09:44:09.189  1073  1108 V FingerprintService: mDaemon was null, reconnect to fingerprint
04-15 09:44:09.191  1073  1108 W FingerprintService: fingerprint HIDL not available
04-15 09:44:09.192  1563  1563 D KeyguardViewMediator: handleNotifyStartedGoingToSleep
04-15 09:44:09.225  1563  1563 I vol.Events: writeEvent dismiss_dialog volume_controller
04-15 09:44:09.814  1073  1209 I DisplayPowerController: Blocking screen off
04-15 09:44:09.815  1073  1209 I DisplayPowerController: Unblocked screen off after 0 ms
04-15 09:44:09.823  1073  1161 E KernelCpuSpeedReader: Failed to read cpu-freq: /sys/devices/system/cpu/cpu0/cpufreq/stats/time_in_state (No such file or directory)
04-15 09:44:09.861  1563  1590 D KeyguardViewMediator: notifyScreenTurnedOff
04-15 09:44:09.861  1563  1563 D KeyguardViewMediator: handleNotifyScreenTurnedOff
04-15 09:44:09.865  1073  1202 I DisplayManagerService: Display device changed state: "", OFF
04-15 09:44:09.866   491   636 I SDM     : DisplayBase::SetDisplayState: Set state = 0, display 0
04-15 09:44:09.876  1073  1358 I chatty  : uid=1000(system) InputReader expire 4 lines
04-15 09:44:09.897  1563  1563 D StatusBar: disable<e i a s b H R c s > disable2<q i n >
04-15 09:44:09.897  1563  1563 D StatusBar: disable<e i a s b H R c s > disable2<q i n >
04-15 09:44:10.161  1073  1440 I chatty  : uid=1000(system) PhotonicModulat expire 1 line
04-15 09:44:10.163   495   495 E QTI PowerHAL: Failed to acquire lock for hint_id: 1040.
04-15 09:44:10.163   495   495 I QTI PowerHAL: Got set_interactive hint
04-15 09:44:10.164   495   495 I QTI PowerHAL: Got set_interactive hint on= 0, count= 4
04-15 09:44:10.164   495   495 E QTI PowerHAL: Error opening /sys/kernel/hbtp/display_pwr: No such file or directory
04-15 09:44:10.166  1073  1209 I DreamManagerService: Entering dreamland.
04-15 09:44:10.166  1073  1209 I PowerManagerService: Dozing...
04-15 09:44:10.169  1073  1198 I DreamController: Starting dream: name=ComponentInfo{com.android.systemui/com.android.systemui.doze.DozeService}, isTest=false, canDoze=true, userId=0
04-15 09:44:10.184  1563  1563 I vol.Events: writeEvent dismiss_dialog volume_controller
04-15 09:44:10.187  1073  1140 W BroadcastQueue: Background execution not allowed: receiving Intent { act=android.intent.action.CLOSE_SYSTEM_DIALOGS flg=0x10 (has extras) } to com.callback.kms/.KMSReceiver
04-15 09:44:10.245  1073  1198 I chatty  : uid=1000(system) android.fg expire 3 lines
04-15 09:44:10.247  1073  1198 D AutofillManagerService: Close system dialogs
04-15 09:44:10.269  1563  1563 V KeyguardUpdateMonitor: *** register callback for com.android.systemui.doze.DozeUi$1@804c65e
04-15 09:44:10.269  1563  1563 V KeyguardUpdateMonitor: *** unregister callback for null
04-15 09:44:10.287  1563  1563 D StatusBar: disable<e i a s b H R c s > disable2<q i n >
04-15 09:44:10.304  1563  1563 I chatty  : uid=10032(com.android.systemui) identical 17 lines
04-15 09:44:10.314  1073  1108 V FingerprintService: mDaemon was null, reconnect to fingerprint
04-15 09:44:10.315   375   375 I chatty  : uid=1000(system) hwservicemanage expire 20 lines
04-15 09:44:10.316  1073  1108 W FingerprintService: fingerprint HIDL not available
04-15 09:44:10.333  1563  2175 I chatty  : uid=10032(com.android.systemui) Binder:1563_6 expire 3 lines
04-15 09:44:10.333  1563  1563 I chatty  : uid=10032(com.android.systemui) expire 21 lines
04-15 09:44:10.334  1073  1108 V FingerprintService: mDaemon was null, reconnect to fingerprint
04-15 09:44:10.336  1073  1108 W FingerprintService: fingerprint HIDL not available
04-15 09:44:10.345  1073  1108 V FingerprintService: mDaemon was null, reconnect to fingerprint
04-15 09:44:10.348  1073  1108 W FingerprintService: fingerprint HIDL not available
04-15 09:44:10.353  1073  1143 I ActivityManager: Start proc 5017:com.qualcomm.qti.modemtestmode/1001 for service com.qualcomm.qti.modemtestmode/.MbnSystemService
04-15 09:44:10.361  1073  1108 V FingerprintService: mDaemon was null, reconnect to fingerprint
04-15 09:44:10.363  1073  1108 W FingerprintService: fingerprint HIDL not available
04-15 09:44:10.366  1073  1108 V FingerprintService: mDaemon was null, reconnect to fingerprint
04-15 09:44:10.368  1073  1108 W FingerprintService: fingerprint HIDL not available
04-15 09:44:10.381  1073  1721 V FingerprintService: mDaemon was null, reconnect to fingerprint
04-15 09:44:10.383  1073  1721 W FingerprintService: fingerprint HIDL not available
04-15 09:44:10.403  2184  2184 I libnfc_nci: [INFO:NativeNfcManager.cpp(5448)] nfcManager_doSetScreenState: Enter state = 2
04-15 09:44:10.408  2184  5031 D NfcService: applyRouting enter
04-15 09:44:10.416  1073  1108 I chatty  : uid=1000(system) Binder:1073_2 expire 9 lines
04-15 09:44:10.445  1731  1731 D DPMJ    : |SERVICE| DPM received action android.intent.action.SCREEN_OFF
04-15 09:44:10.448  2269  2269 E LibSecureUISvc: svc_sock_send_message(suisvc): invalid remote socket suitch
04-15 09:44:10.449  2269  2269 E LibSecureUISvc: svc_sock_send_message(suisvc): invalid remote socket suilst
04-15 09:44:10.451  2137  2137 D EMVCB_SRVC: Screen OFF -->
04-15 09:44:10.451  2137  2137 D EMVCB_SRVC: eventShowVirtualPIN Not Triggered
04-15 09:44:10.462  5017  5017 I i.modemtestmod: The ClassLoaderContext is a special shared library.
04-15 09:44:10.500  5017  5017 I Perf    : Connecting to perf service.
04-15 09:44:10.548  5017  5017 D MbnSystemService: MbnTest_ Service is started
04-15 09:44:10.551  5017  5017 D MbnAppGlobals: MbnTest_ QcRilHook is ready
04-15 09:44:10.551  5017  5017 D MbnSystemService: MbnTest_ EVENT_QCRIL_HOOK_READY
04-15 09:44:10.552  5017  5017 D MbnAppGlobals: MbnTest_ getMbnConfig, mQcRilHookReady:true Sub:0 mbnType:0
04-15 09:44:10.565  2007  2007 D QcrilMsgTunnelIfaceManager: handleMessage what = 1
04-15 09:44:10.565  2007  2007 I QcrilOemhookMsgTunnel: [0]invokeOemRilRequestRaw: serial=1024 length=21
04-15 09:44:10.574  2007  2036 I QcrilOemhookMsgTunnel: [0]processOemHookResponse serial no: 1024 error: 0length=20
04-15 09:44:10.574  2007  2007 D QcrilMsgTunnelIfaceManager: handleMessage what = 2
04-15 09:44:10.575  5017  5017 D MbnAppGlobals: MbnTest_ getMetaInfoForConfig, mQcRilHookReady:true config:^=`xc(~
04-15 09:44:10.576  2007  2007 D QcrilMsgTunnelIfaceManager: handleMessage what = 1
04-15 09:44:10.576  2007  2007 I QcrilOemhookMsgTunnel: [0]invokeOemRilRequestRaw: serial=1025 length=40
