04-15 03:11:12.061  1073  1368 I chatty  : uid=1000(system) HwBinder:1073_3 expire 18 lines
04-15 03:11:53.241   777  1018 E storaged: getDiskStats failed with result NOT_SUPPORTED and size 0
04-15 03:12:53.242   777  1018 E storaged: getDiskStats failed with result NOT_SUPPORTED and size 0
04-15 03:13:41.047  1073  1368 I chatty  : uid=1000(system) HwBinder:1073_3 expire 12 lines
04-15 03:13:53.243   777  1018 E storaged: getDiskStats failed with result NOT_SUPPORTED and size 0
04-15 03:14:41.384  1073  1368 I chatty  : uid=1000(system) HwBinder:1073_3 expire 24 lines
04-15 03:14:53.359   777  1018 E storaged: getDiskStats failed with result NOT_SUPPORTED and size 0
04-15 03:15:53.360   777  1018 E storaged: getDiskStats failed with result NOT_SUPPORTED and size 0
04-15 03:15:53.784  1073  1368 I chatty  : uid=1000(system) HwBinder:1073_3 expire 18 lines
04-15 03:16:53.361   777  1018 E storaged: getDiskStats failed with result NOT_SUPPORTED and size 0
04-15 03:17:53.362   777  1018 E storaged: getDiskStats failed with result NOT_SUPPORTED and size 0
04-15 03:17:54.515  1073  1368 I chatty  : uid=1000(system) HwBinder:1073_3 expire 18 lines
04-15 03:18:18.532  1073  1161 I chatty  : uid=1000(system) batterystats-wo expire 10 lines
04-15 03:18:53.363   777  1018 E storaged: getDiskStats failed with result NOT_SUPPORTED and size 0
04-15 03:19:53.365   777  1018 E storaged: getDiskStats failed with result NOT_SUPPORTED and size 0
04-15 03:20:15.439  1073  1368 I chatty  : uid=1000(system) HwBinder:1073_3 expire 18 lines
04-15 03:20:53.366   777  1018 E storaged: getDiskStats failed with result NOT_SUPPORTED and size 0
04-15 03:21:02.114  1073  1137 I chatty  : uid=1000(system) android.bg expire 1 line
04-15 03:21:53.367   777  1018 E storaged: getDiskStats failed with result NOT_SUPPORTED and size 0
04-15 03:22:53.369   777  1018 E storaged: getDiskStats failed with result NOT_SUPPORTED and size 0
04-15 03:22:56.323  1073  1368 I chatty  : uid=1000(system) HwBinder:1073_3 expire 12 lines
04-15 03:23:53.370   777  1018 E storaged: getDiskStats failed with result NOT_SUPPORTED and size 0
04-15 03:24:53.371   777  1018 E storaged: getDiskStats failed with result NOT_SUPPORTED and size 0
04-15 03:25:53.372   777  1018 E storaged: getDiskStats failed with result NOT_SUPPORTED and size 0
04-15 03:26:38.140  1073  1368 I chatty  : uid=1000(system) HwBinder:1073_3 expire 12 lines
04-15 03:26:53.374   777  1018 E storaged: getDiskStats failed with result NOT_SUPPORTED and size 0
04-15 03:27:17.825  1073  1368 I chatty  : uid=1000(system) HwBinder:1073_3 expire 18 lines
04-15 03:27:53.375   777  1018 E storaged: getDiskStats failed with result NOT_SUPPORTED and size 0
04-15 03:28:39.099  1073  1368 I chatty  : uid=1000(system) HwBinder:1073_3 expire 12 lines
04-15 03:28:53.377   777  1018 E storaged: getDiskStats failed with result NOT_SUPPORTED and size 0
04-15 03:29:53.378   777  1018 E storaged: getDiskStats failed with result NOT_SUPPORTED and size 0
04-15 03:29:58.869  1073  1368 I chatty  : uid=1000(system) HwBinder:1073_3 expire 18 lines
04-15 03:30:51.992   785   785 E wificond: NL80211_CMD_TRIGGER_SCAN failed: Device or resource busy
04-15 03:30:53.380   777  1018 E storaged: getDiskStats failed with result NOT_SUPPORTED and size 0
04-15 03:30:57.010   785   785 E wificond: NL80211_CMD_TRIGGER_SCAN failed: Device or resource busy
04-15 03:31:02.026   785   785 I chatty  : uid=1010(wifi) /system/bin/wificond identical 1 line
04-15 03:31:07.044   785   785 E wificond: NL80211_CMD_TRIGGER_SCAN failed: Device or resource busy
04-15 03:31:12.066   785   785 E wificond: NL80211_CMD_TRIGGER_SCAN failed: Device or resource busy
04-15 03:31:17.082   785   785 E wificond: NL80211_CMD_TRIGGER_SCAN failed: Device or resource busy
04-15 03:31:53.381   777  1018 E storaged: getDiskStats failed with result NOT_SUPPORTED and size 0
04-15 03:32:53.382   777  1018 E storaged: getDiskStats failed with result NOT_SUPPORTED and size 0
04-15 03:32:59.945  1073  1368 I chatty  : uid=1000(system) HwBinder:1073_3 expire 18 lines
04-15 03:33:40.554  1073  1161 I chatty  : uid=1000(system) batterystats-wo expire 3 lines
04-15 03:33:53.384   777  1018 E storaged: getDiskStats failed with result NOT_SUPPORTED and size 0
04-15 03:34:00.330  1073  1368 I chatty  : uid=1000(system) HwBinder:1073_3 expire 18 lines
04-15 03:34:53.385   777  1018 E storaged: getDiskStats failed with result NOT_SUPPORTED and size 0
04-15 03:35:53.386   777  1018 E storaged: getDiskStats failed with result NOT_SUPPORTED and size 0
04-15 03:36:53.388   777  1018 E storaged: getDiskStats failed with result NOT_SUPPORTED and size 0
04-15 03:37:01.403  1073  1368 I chatty  : uid=1000(system) HwBinder:1073_3 expire 12 lines
04-15 03:37:53.389   777  1018 E storaged: getDiskStats failed with result NOT_SUPPORTED and size 0
04-15 03:38:53.390   777  1018 E storaged: getDiskStats failed with result NOT_SUPPORTED and size 0
04-15 03:39:53.392   777  1018 E storaged: getDiskStats failed with result NOT_SUPPORTED and size 0
04-15 03:40:02.487  1073  1368 I chatty  : uid=1000(system) HwBinder:1073_3 expire 12 lines
04-15 03:40:53.393   777  1018 E storaged: getDiskStats failed with result NOT_SUPPORTED and size 0
04-15 03:41:53.394   777  1018 E storaged: getDiskStats failed with result NOT_SUPPORTED and size 0
04-15 03:42:03.215  1073  1368 I chatty  : uid=1000(system) HwBinder:1073_3 expire 18 lines
04-15 03:42:53.395   777  1018 E storaged: getDiskStats failed with result NOT_SUPPORTED and size 0
04-15 03:43:53.397   777  1018 E storaged: getDiskStats failed with result NOT_SUPPORTED and size 0
04-15 03:44:53.398   777  1018 E storaged: getDiskStats failed with result NOT_SUPPORTED and size 0
04-15 03:45:04.304  1073  1368 I chatty  : uid=1000(system) HwBinder:1073_3 expire 12 lines
04-15 03:45:53.400   777  1018 E storaged: getDiskStats failed with result NOT_SUPPORTED and size 0
04-15 03:46:45.192  1073  1368 I chatty  : uid=1000(system) HwBinder:1073_3 expire 24 lines
04-15 03:46:45.204  1073  1161 I chatty  : uid=1000(system) batterystats-wo expire 10 lines
04-15 03:46:53.401   777  1018 E storaged: getDiskStats failed with result NOT_SUPPORTED and size 0
04-15 03:47:53.402   777  1018 E storaged: getDiskStats failed with result NOT_SUPPORTED and size 0
04-15 03:48:53.404   777  1018 E storaged: getDiskStats failed with result NOT_SUPPORTED and size 0
04-15 03:48:53.741  1073  1368 I chatty  : uid=1000(system) HwBinder:1073_3 expire 18 lines
04-15 03:49:53.405   777  1018 E storaged: getDiskStats failed with result NOT_SUPPORTED and size 0
04-15 03:49:54.088  1073  1368 I chatty  : uid=1000(system) HwBinder:1073_3 expire 18 lines
04-15 03:50:52.304  1073  1137 I chatty  : uid=1000(system) android.bg expire 2 lines
04-15 03:50:53.406   777  1018 E storaged: getDiskStats failed with result NOT_SUPPORTED and size 0
04-15 03:51:53.408   777  1018 E storaged: getDiskStats failed with result NOT_SUPPORTED and size 0
04-15 03:52:53.409   777  1018 E storaged: getDiskStats failed with result NOT_SUPPORTED and size 0
04-15 03:53:07.165  1073  1368 I chatty  : uid=1000(system) HwBinder:1073_3 expire 24 lines
04-15 03:53:53.411   777  1018 E storaged: getDiskStats failed with result NOT_SUPPORTED and size 0
04-15 03:54:53.412   777  1018 E storaged: getDiskStats failed with result NOT_SUPPORTED and size 0
04-15 03:55:53.413   777  1018 E storaged: getDiskStats failed with result NOT_SUPPORTED and size 0
04-15 03:56:08.242  1073  1368 I chatty  : uid=1000(system) HwBinder:1073_3 expire 12 lines
04-15 03:56:53.415   777  1018 E storaged: getDiskStats failed with result NOT_SUPPORTED and size 0
04-15 03:57:08.581  1073  1368 I chatty  : uid=1000(system) HwBinder:1073_3 expire 18 lines
04-15 03:57:53.416   777  1018 E storaged: getDiskStats failed with result NOT_SUPPORTED and size 0
04-15 03:58:53.417   777  1018 E storaged: getDiskStats failed with result NOT_SUPPORTED and size 0
04-15 03:59:53.418   777  1018 E storaged: getDiskStats failed with result NOT_SUPPORTED and size 0
04-15 04:00:09.647  1073  1368 I chatty  : uid=1000(system) HwBinder:1073_3 expire 12 lines
04-15 04:00:48.566  1073  1201 I chatty  : uid=1000(system) android.io expire 2 lines
04-15 04:00:51.995   785   785 E wificond: NL80211_CMD_TRIGGER_SCAN failed: Device or resource busy
04-15 04:00:53.419   777  1018 E storaged: getDiskStats failed with result NOT_SUPPORTED and size 0
04-15 04:00:55.662   777  1018 E storaged: Faied to open tmp file: /data/misc_ce/0/storaged/storaged.proto_tmp: No such file or directory
04-15 04:00:57.012   785   785 E wificond: NL80211_CMD_TRIGGER_SCAN failed: Device or resource busy
04-15 04:00:57.978  1073  1368 I chatty  : uid=1000(system) HwBinder:1073_3 expire 12 lines
04-15 04:01:02.048   785   785 E wificond: NL80211_CMD_TRIGGER_SCAN failed: Device or resource busy
04-15 04:01:07.063   785   785 E wificond: NL80211_CMD_TRIGGER_SCAN failed: Device or resource busy
04-15 04:01:12.080   785   785 E wificond: NL80211_CMD_TRIGGER_SCAN failed: Device or resource busy
04-15 04:01:17.075  1073  1161 I chatty  : uid=1000(system) batterystats-wo expire 3 lines
04-15 04:01:17.103   785   785 E wificond: NL80211_CMD_TRIGGER_SCAN failed: Device or resource busy
04-15 04:01:55.664   777  1018 E storaged: getDiskStats failed with result NOT_SUPPORTED and size 0
04-15 04:01:58.350  1073  1368 I chatty  : uid=1000(system) HwBinder:1073_3 expire 12 lines
04-15 04:02:55.665   777  1018 E storaged: getDiskStats failed with result NOT_SUPPORTED and size 0
04-15 04:03:10.764  1073  1368 I chatty  : uid=1000(system) HwBinder:1073_3 expire 24 lines
04-15 04:03:55.666   777  1018 E storaged: getDiskStats failed with result NOT_SUPPORTED and size 0
04-15 04:04:55.668   777  1018 E storaged: getDiskStats failed with result NOT_SUPPORTED and size 0
04-15 04:05:55.669   777  1018 E storaged: getDiskStats failed with result NOT_SUPPORTED and size 0
04-15 04:06:55.670   777  1018 E storaged: getDiskStats failed with result NOT_SUPPORTED and size 0
04-15 04:07:32.546  1073  1368 I chatty  : uid=1000(system) HwBinder:1073_3 expire 12 lines
04-15 04:07:55.672   777  1018 E storaged: getDiskStats failed with result NOT_SUPPORTED and size 0
04-15 04:08:32.723  1073  1368 I chatty  : uid=1000(system) HwBinder:1073_3 expire 12 lines
04-15 04:08:55.673   777  1018 E storaged: getDiskStats failed with result NOT_SUPPORTED and size 0
04-15 04:09:12.922  1073  1368 I chatty  : uid=1000(system) HwBinder:1073_3 expire 12 lines
04-15 04:09:55.674   777  1018 E storaged: getDiskStats failed with result NOT_SUPPORTED and size 0
04-15 04:10:55.676   777  1018 E storaged: getDiskStats failed with result NOT_SUPPORTED and size 0
04-15 04:11:13.630  1073  1368 I chatty  : uid=1000(system) HwBinder:1073_3 expire 12 lines
04-15 04:11:23.124  1073  1161 I chatty  : uid=1000(system) batterystats-wo expire 10 lines
04-15 04:11:55.677   777  1018 E storaged: getDiskStats failed with result NOT_SUPPORTED and size 0
04-15 04:12:01.957  1073  1368 I chatty  : uid=1000(system) HwBinder:1073_3 expire 12 lines
04-15 04:12:55.678   777  1018 E storaged: getDiskStats failed with result NOT_SUPPORTED and size 0
04-15 04:13:14.358  1073  1368 I chatty  : uid=1000(system) HwBinder:1073_3 expire 12 lines
04-15 04:13:55.680   777  1018 E storaged: getDiskStats failed with result NOT_SUPPORTED and size 0
04-15 04:14:02.709  1073  1368 I chatty  : uid=1000(system) HwBinder:1073_3 expire 24 lines
04-15 04:14:55.681   777  1018 E storaged: getDiskStats failed with result NOT_SUPPORTED and size 0
04-15 04:15:03.056  1073  1368 I chatty  : uid=1000(system) HwBinder:1073_3 expire 18 lines
04-15 04:15:55.683   777  1018 E storaged: getDiskStats failed with result NOT_SUPPORTED and size 0
04-15 04:16:03.404  1073  1368 I chatty  : uid=1000(system) HwBinder:1073_3 expire 18 lines
04-15 04:16:55.684   777  1018 E storaged: getDiskStats failed with result NOT_SUPPORTED and size 0
04-15 04:17:03.769  1073  1368 I chatty  : uid=1000(system) HwBinder:1073_3 expire 12 lines
04-15 04:17:55.685   777  1018 E storaged: getDiskStats failed with result NOT_SUPPORTED and size 0
04-15 04:18:55.686   777  1018 E storaged: getDiskStats failed with result NOT_SUPPORTED and size 0
04-15 04:19:55.687   777  1018 E storaged: getDiskStats failed with result NOT_SUPPORTED and size 0
04-15 04:19:57.506  1073  1368 I chatty  : uid=1000(system) HwBinder:1073_3 expire 18 lines
04-15 04:20:55.689   777  1018 E storaged: getDiskStats failed with result NOT_SUPPORTED and size 0
04-15 04:21:05.215  1073  1368 I chatty  : uid=1000(system) HwBinder:1073_3 expire 12 lines
04-15 04:21:55.690   777  1018 E storaged: getDiskStats failed with result NOT_SUPPORTED and size 0
04-15 04:22:55.691   777  1018 E storaged: getDiskStats failed with result NOT_SUPPORTED and size 0
04-15 04:23:05.942  1073  1368 I chatty  : uid=1000(system) HwBinder:1073_3 expire 18 lines
04-15 04:23:55.693   777  1018 E storaged: getDiskStats failed with result NOT_SUPPORTED and size 0
04-15 04:24:06.313  1073  1368 I chatty  : uid=1000(system) HwBinder:1073_3 expire 12 lines
04-15 04:24:55.694   777  1018 E storaged: getDiskStats failed with result NOT_SUPPORTED and size 0
04-15 04:25:06.682  1073  1368 I chatty  : uid=1000(system) HwBinder:1073_3 expire 12 lines
04-15 04:25:55.695   777  1018 E storaged: getDiskStats failed with result NOT_SUPPORTED and size 0
04-15 04:26:07.045  1073  1368 I chatty  : uid=1000(system) HwBinder:1073_3 expire 12 lines
04-15 04:26:55.697   777  1018 E storaged: getDiskStats failed with result NOT_SUPPORTED and size 0
04-15 04:27:39.592  1073  1368 I chatty  : uid=1000(system) HwBinder:1073_3 expire 18 lines
04-15 04:27:55.698   777  1018 E storaged: getDiskStats failed with result NOT_SUPPORTED and size 0
04-15 04:28:55.700   777  1018 E storaged: getDiskStats failed with result NOT_SUPPORTED and size 0
04-15 04:29:00.867  1073  1368 I chatty  : uid=1000(system) HwBinder:1073_3 expire 12 lines
04-15 04:29:55.701   777  1018 E storaged: getDiskStats failed with result NOT_SUPPORTED and size 0
04-15 04:30:01.026  1073  1368 I chatty  : uid=1000(system) HwBinder:1073_3 expire 18 lines
04-15 04:30:52.003   785   785 E wificond: NL80211_CMD_TRIGGER_SCAN failed: Device or resource busy
04-15 04:30:55.702   777  1018 E storaged: getDiskStats failed with result NOT_SUPPORTED and size 0
04-15 04:30:57.015   785   785 E wificond: NL80211_CMD_TRIGGER_SCAN failed: Device or resource busy
04-15 04:31:02.033   785   785 E wificond: NL80211_CMD_TRIGGER_SCAN failed: Device or resource busy
04-15 04:31:07.026  1073  1161 I chatty  : uid=1000(system) batterystats-wo expire 4 lines
04-15 04:31:07.055   785   785 E wificond: NL80211_CMD_TRIGGER_SCAN failed: Device or resource busy
04-15 04:31:12.070   785   785 E wificond: NL80211_CMD_TRIGGER_SCAN failed: Device or resource busy
04-15 04:31:17.092   785   785 E wificond: NL80211_CMD_TRIGGER_SCAN failed: Device or resource busy
04-15 04:31:41.508  1073  1368 I chatty  : uid=1000(system) HwBinder:1073_3 expire 18 lines
04-15 04:31:55.704   777  1018 E storaged: getDiskStats failed with result NOT_SUPPORTED and size 0
04-15 04:32:44.212  1073  1161 I chatty  : uid=1000(system) batterystats-wo expire 11 lines
04-15 04:32:55.705   777  1018 E storaged: getDiskStats failed with result NOT_SUPPORTED and size 0
04-15 04:33:55.707   777  1018 E storaged: getDiskStats failed with result NOT_SUPPORTED and size 0
04-15 04:34:55.708   777  1018 E storaged: getDiskStats failed with result NOT_SUPPORTED and size 0
04-15 04:35:10.327  1073  1368 I chatty  : uid=1000(system) HwBinder:1073_3 expire 12 lines
04-15 04:35:55.709   777  1018 E storaged: getDiskStats failed with result NOT_SUPPORTED and size 0
04-15 04:36:55.711   777  1018 E storaged: getDiskStats failed with result NOT_SUPPORTED and size 0
04-15 04:37:55.712   777  1018 E storaged: getDiskStats failed with result NOT_SUPPORTED and size 0
04-15 04:38:04.224  1073  1368 I chatty  : uid=1000(system) HwBinder:1073_3 expire 24 lines
04-15 04:38:55.713   777  1018 E storaged: getDiskStats failed with result NOT_SUPPORTED and size 0
04-15 04:39:04.387  1073  1368 I chatty  : uid=1000(system) HwBinder:1073_3 expire 30 lines
04-15 04:39:55.715   777  1018 E storaged: getDiskStats failed with result NOT_SUPPORTED and size 0
04-15 04:40:12.148  1073  1368 I chatty  : uid=1000(system) HwBinder:1073_3 expire 12 lines
04-15 04:40:55.716   777  1018 E storaged: getDiskStats failed with result NOT_SUPPORTED and size 0
04-15 04:41:24.546  1073  1368 I chatty  : uid=1000(system) HwBinder:1073_3 expire 12 lines
04-15 04:41:55.717   777  1018 E storaged: getDiskStats failed with result NOT_SUPPORTED and size 0
04-15 04:42:55.719   777  1018 E storaged: getDiskStats failed with result NOT_SUPPORTED and size 0
04-15 04:43:05.661  1073  1368 I chatty  : uid=1000(system) HwBinder:1073_3 expire 12 lines
04-15 04:43:55.720   777  1018 E storaged: getDiskStats failed with result NOT_SUPPORTED and size 0
04-15 04:44:05.829  1073  1368 I chatty  : uid=1000(system) HwBinder:1073_3 expire 12 lines
04-15 04:44:55.721   777  1018 E storaged: getDiskStats failed with result NOT_SUPPORTED and size 0
04-15 04:45:55.722   777  1018 E storaged: getDiskStats failed with result NOT_SUPPORTED and size 0
04-15 04:46:55.723   777  1018 E storaged: getDiskStats failed with result NOT_SUPPORTED and size 0
04-15 04:47:06.946  1073  1368 I chatty  : uid=1000(system) HwBinder:1073_3 expire 18 lines
04-15 04:47:55.724   777  1018 E storaged: getDiskStats failed with result NOT_SUPPORTED and size 0
04-15 04:48:07.741  1073  1368 I chatty  : uid=1000(system) HwBinder:1073_3 expire 12 lines
04-15 04:48:55.726   777  1018 E storaged: getDiskStats failed with result NOT_SUPPORTED and size 0
04-15 04:49:55.727   777  1018 E storaged: getDiskStats failed with result NOT_SUPPORTED and size 0
04-15 04:50:08.066  1073  1368 I chatty  : uid=1000(system) HwBinder:1073_3 expire 18 lines
04-15 04:50:55.728   777  1018 E storaged: getDiskStats failed with result NOT_SUPPORTED and size 0
04-15 04:51:55.730   777  1018 E storaged: getDiskStats failed with result NOT_SUPPORTED and size 0
04-15 04:52:28.485  1073  1368 I chatty  : uid=1000(system) HwBinder:1073_3 expire 18 lines
04-15 04:52:55.731   777  1018 E storaged: getDiskStats failed with result NOT_SUPPORTED and size 0
04-15 04:53:55.732   777  1018 E storaged: getDiskStats failed with result NOT_SUPPORTED and size 0
04-15 04:54:55.734   777  1018 E storaged: getDiskStats failed with result NOT_SUPPORTED and size 0
04-15 04:55:55.735   777  1018 E storaged: getDiskStats failed with result NOT_SUPPORTED and size 0
04-15 04:56:17.942  1073  1368 I chatty  : uid=1000(system) HwBinder:1073_3 expire 12 lines
04-15 04:56:55.736   777  1018 E storaged: getDiskStats failed with result NOT_SUPPORTED and size 0
04-15 04:57:18.300  1073  1368 I chatty  : uid=1000(system) HwBinder:1073_3 expire 18 lines
04-15 04:57:55.738   777  1018 E storaged: getDiskStats failed with result NOT_SUPPORTED and size 0
04-15 04:58:55.739   777  1018 E storaged: getDiskStats failed with result NOT_SUPPORTED and size 0
04-15 04:59:18.980  1073  1368 I chatty  : uid=1000(system) HwBinder:1073_3 expire 12 lines
04-15 04:59:55.740   777  1018 E storaged: getDiskStats failed with result NOT_SUPPORTED and size 0
04-15 05:00:19.347  1073  1368 I chatty  : uid=1000(system) HwBinder:1073_3 expire 18 lines
04-15 05:00:51.990   785   785 E wificond: NL80211_CMD_TRIGGER_SCAN failed: Device or resource busy
04-15 05:00:55.742   777  1018 E storaged: getDiskStats failed with result NOT_SUPPORTED and size 0
04-15 05:00:56.980  1073  1161 I chatty  : uid=1000(system) batterystats-wo expire 11 lines
04-15 05:00:57.006   785   785 E wificond: NL80211_CMD_TRIGGER_SCAN failed: Device or resource busy
04-15 05:00:58.191   777  1018 E storaged: Faied to open tmp file: /data/misc_ce/0/storaged/storaged.proto_tmp: No such file or directory
04-15 05:01:02.024   785   785 E wificond: NL80211_CMD_TRIGGER_SCAN failed: Device or resource busy
04-15 05:01:07.048   785   785 E wificond: NL80211_CMD_TRIGGER_SCAN failed: Device or resource busy
04-15 05:01:12.063   785   785 E wificond: NL80211_CMD_TRIGGER_SCAN failed: Device or resource busy
04-15 05:01:12.381  1073  1368 I chatty  : uid=1000(system) HwBinder:1073_3 expire 24 lines
04-15 05:01:17.086   785   785 E wificond: NL80211_CMD_TRIGGER_SCAN failed: Device or resource busy
04-15 05:01:58.192   777  1018 E storaged: getDiskStats failed with result NOT_SUPPORTED and size 0
04-15 05:02:58.194   777  1018 E storaged: getDiskStats failed with result NOT_SUPPORTED and size 0
04-15 05:03:58.195   777  1018 E storaged: getDiskStats failed with result NOT_SUPPORTED and size 0
04-15 05:04:58.196   777  1018 E storaged: getDiskStats failed with result NOT_SUPPORTED and size 0
04-15 05:05:33.149  1073  1368 I chatty  : uid=1000(system) HwBinder:1073_3 expire 12 lines
04-15 05:05:58.197   777  1018 E storaged: getDiskStats failed with result NOT_SUPPORTED and size 0
04-15 05:06:13.823  1073  1368 I chatty  : uid=1000(system) HwBinder:1073_3 expire 18 lines
04-15 05:06:58.198   777  1018 E storaged: getDiskStats failed with result NOT_SUPPORTED and size 0
04-15 05:07:58.200   777  1018 E storaged: getDiskStats failed with result NOT_SUPPORTED and size 0
04-15 05:08:58.201   777  1018 E storaged: getDiskStats failed with result NOT_SUPPORTED and size 0
04-15 05:09:58.202   777  1018 E storaged: getDiskStats failed with result NOT_SUPPORTED and size 0
04-15 05:10:15.107  1073  1368 I chatty  : uid=1000(system) HwBinder:1073_3 expire 24 lines
04-15 05:10:58.203   777  1018 E storaged: getDiskStats failed with result NOT_SUPPORTED and size 0
04-15 05:11:58.204   777  1018 E storaged: getDiskStats failed with result NOT_SUPPORTED and size 0
04-15 05:12:58.205   777  1018 E storaged: getDiskStats failed with result NOT_SUPPORTED and size 0
04-15 05:13:58.207   777  1018 E storaged: getDiskStats failed with result NOT_SUPPORTED and size 0
04-15 05:14:58.208   777  1018 E storaged: getDiskStats failed with result NOT_SUPPORTED and size 0
04-15 05:15:58.209   777  1018 E storaged: getDiskStats failed with result NOT_SUPPORTED and size 0
04-15 05:16:57.666  1073  1368 I chatty  : uid=1000(system) HwBinder:1073_3 expire 12 lines
04-15 05:16:58.210   777  1018 E storaged: getDiskStats failed with result NOT_SUPPORTED and size 0
04-15 05:17:58.212   777  1018 E storaged: getDiskStats failed with result NOT_SUPPORTED and size 0
04-15 05:18:18.315  1073  1368 I chatty  : uid=1000(system) HwBinder:1073_3 expire 18 lines
04-15 05:18:58.213   777  1018 E storaged: getDiskStats failed with result NOT_SUPPORTED and size 0
04-15 05:19:18.465  1073  1368 I chatty  : uid=1000(system) HwBinder:1073_3 expire 12 lines
04-15 05:19:58.214   777  1018 E storaged: getDiskStats failed with result NOT_SUPPORTED and size 0
04-15 05:20:58.216   777  1018 E storaged: getDiskStats failed with result NOT_SUPPORTED and size 0
04-15 05:21:03.387  1073  1137 I chatty  : uid=1000(system) android.bg expire 1 line
04-15 05:21:39.080  1073  1721 I chatty  : uid=1000(system) Binder:1073_7 expire 2 lines
04-15 05:21:40.128  1073  1143 I chatty  : uid=1000(system) ActivityManager expire 3 lines
04-15 05:21:58.217   777  1018 E storaged: getDiskStats failed with result NOT_SUPPORTED and size 0
04-15 05:22:39.329  1073  1368 I chatty  : uid=1000(system) HwBinder:1073_3 expire 24 lines
04-15 05:22:58.219   777  1018 E storaged: getDiskStats failed with result NOT_SUPPORTED and size 0
04-15 05:23:39.750  1073  1457 I chatty  : uid=1000(system) Binder:1073_4 expire 4 lines
04-15 05:23:58.220   777  1018 E storaged: getDiskStats failed with result NOT_SUPPORTED and size 0
04-15 05:24:00.065  1073  1368 I chatty  : uid=1000(system) HwBinder:1073_3 expire 12 lines
04-15 05:24:40.070  1073  3916 I chatty  : uid=1000(system) Binder:1073_C expire 2 lines
04-15 05:24:58.221   777  1018 E storaged: getDiskStats failed with result NOT_SUPPORTED and size 0
04-15 05:25:58.223   777  1018 E storaged: getDiskStats failed with result NOT_SUPPORTED and size 0
04-15 05:26:44.949  1073  3965 I chatty  : uid=1000 system_server expire 4 lines
04-15 05:26:58.224   777  1018 E storaged: getDiskStats failed with result NOT_SUPPORTED and size 0
04-15 05:27:01.194  1073  1368 I chatty  : uid=1000(system) HwBinder:1073_3 expire 12 lines
04-15 05:27:58.225   777  1018 E storaged: getDiskStats failed with result NOT_SUPPORTED and size 0
04-15 05:28:19.409  1073  1161 I chatty  : uid=1000(system) batterystats-wo expire 9 lines
04-15 05:28:58.226   777  1018 E storaged: getDiskStats failed with result NOT_SUPPORTED and size 0
04-15 05:29:21.977  1073  1368 I chatty  : uid=1000(system) HwBinder:1073_3 expire 12 lines
04-15 05:29:58.228   777  1018 E storaged: getDiskStats failed with result NOT_SUPPORTED and size 0
04-15 05:30:02.306  1073  1368 I chatty  : uid=1000(system) HwBinder:1073_3 expire 12 lines
04-15 05:30:52.001   785   785 E wificond: NL80211_CMD_TRIGGER_SCAN failed: Device or resource busy
04-15 05:30:57.014   785   785 E wificond: NL80211_CMD_TRIGGER_SCAN failed: Device or resource busy
04-15 05:30:58.229   777  1018 E storaged: getDiskStats failed with result NOT_SUPPORTED and size 0
04-15 05:31:02.029   785   785 E wificond: NL80211_CMD_TRIGGER_SCAN failed: Device or resource busy
04-15 05:31:07.050   785   785 E wificond: NL80211_CMD_TRIGGER_SCAN failed: Device or resource busy
04-15 05:31:12.065   785   785 E wificond: NL80211_CMD_TRIGGER_SCAN failed: Device or resource busy
04-15 05:31:17.089   785   785 E wificond: NL80211_CMD_TRIGGER_SCAN failed: Device or resource busy
04-15 05:31:58.230   777  1018 E storaged: getDiskStats failed with result NOT_SUPPORTED and size 0
04-15 05:32:58.232   777  1018 E storaged: getDiskStats failed with result NOT_SUPPORTED and size 0
04-15 05:33:23.905  1073  1368 I chatty  : uid=1000(system) HwBinder:1073_3 expire 18 lines
04-15 05:33:58.233   777  1018 E storaged: getDiskStats failed with result NOT_SUPPORTED and size 0
04-15 05:34:58.234   777  1018 E storaged: getDiskStats failed with result NOT_SUPPORTED and size 0
04-15 05:35:58.235   777  1018 E storaged: getDiskStats failed with result NOT_SUPPORTED and size 0
04-15 05:36:58.237   777  1018 E storaged: getDiskStats failed with result NOT_SUPPORTED and size 0
04-15 05:37:25.188  1073  1368 I chatty  : uid=1000(system) HwBinder:1073_3 expire 12 lines
04-15 05:37:58.238   777  1018 E storaged: getDiskStats failed with result NOT_SUPPORTED and size 0
04-15 05:38:19.521  1073  1161 I chatty  : uid=1000(system) batterystats-wo expire 10 lines
04-15 05:38:58.239   777  1018 E storaged: getDiskStats failed with result NOT_SUPPORTED and size 0
04-15 05:39:58.241   777  1018 E storaged: getDiskStats failed with result NOT_SUPPORTED and size 0
04-15 05:40:05.819  1073  1368 I chatty  : uid=1000(system) HwBinder:1073_3 expire 18 lines
04-15 05:40:58.242   777  1018 E storaged: getDiskStats failed with result NOT_SUPPORTED and size 0
04-15 05:41:06.005  1073  1368 I chatty  : uid=1000(system) HwBinder:1073_3 expire 18 lines
04-15 05:41:58.243   777  1018 E storaged: getDiskStats failed with result NOT_SUPPORTED and size 0
04-15 05:42:58.245   777  1018 E storaged: getDiskStats failed with result NOT_SUPPORTED and size 0
04-15 05:43:46.902  1073  1368 I chatty  : uid=1000(system) HwBinder:1073_3 expire 12 lines
04-15 05:43:58.246   777  1018 E storaged: getDiskStats failed with result NOT_SUPPORTED and size 0
04-15 05:44:58.247   777  1018 E storaged: getDiskStats failed with result NOT_SUPPORTED and size 0
04-15 05:45:58.249   777  1018 E storaged: getDiskStats failed with result NOT_SUPPORTED and size 0
04-15 05:46:28.547  1073  1368 I chatty  : uid=1000(system) HwBinder:1073_3 expire 12 lines
04-15 05:46:58.250   777  1018 E storaged: getDiskStats failed with result NOT_SUPPORTED and size 0
04-15 05:47:08.237  1073  1368 I chatty  : uid=1000(system) HwBinder:1073_3 expire 18 lines
04-15 05:47:58.251   777  1018 E storaged: getDiskStats failed with result NOT_SUPPORTED and size 0
04-15 05:48:58.252   777  1018 E storaged: getDiskStats failed with result NOT_SUPPORTED and size 0
04-15 05:49:58.254   777  1018 E storaged: getDiskStats failed with result NOT_SUPPORTED and size 0
04-15 05:50:37.421  1073  1368 I chatty  : uid=1000(system) HwBinder:1073_3 expire 12 lines
04-15 05:50:52.139  1073  1137 I chatty  : uid=1000(system) android.bg expire 1 line
04-15 05:50:58.256   777  1018 E storaged: getDiskStats failed with result NOT_SUPPORTED and size 0
04-15 05:51:09.499  1073  1368 I chatty  : uid=1000(system) HwBinder:1073_3 expire 18 lines
04-15 05:51:58.257   777  1018 E storaged: getDiskStats failed with result NOT_SUPPORTED and size 0
04-15 05:52:10.309  1073  1368 I chatty  : uid=1000(system) HwBinder:1073_3 expire 12 lines
04-15 05:52:58.258   777  1018 E storaged: getDiskStats failed with result NOT_SUPPORTED and size 0
04-15 05:53:10.464  1073  1368 I chatty  : uid=1000(system) HwBinder:1073_3 expire 12 lines
04-15 05:53:58.260   777  1018 E storaged: getDiskStats failed with result NOT_SUPPORTED and size 0
04-15 05:54:10.628  1073  1368 I chatty  : uid=1000(system) HwBinder:1073_3 expire 12 lines
04-15 05:54:58.261   777  1018 E storaged: getDiskStats failed with result NOT_SUPPORTED and size 0
04-15 05:55:58.262   777  1018 E storaged: getDiskStats failed with result NOT_SUPPORTED and size 0
04-15 05:56:58.263   777  1018 E storaged: getDiskStats failed with result NOT_SUPPORTED and size 0
04-15 05:57:58.265   777  1018 E storaged: getDiskStats failed with result NOT_SUPPORTED and size 0
04-15 05:58:12.544  1073  1368 I chatty  : uid=1000(system) HwBinder:1073_3 expire 12 lines
04-15 05:58:58.266   777  1018 E storaged: getDiskStats failed with result NOT_SUPPORTED and size 0
04-15 05:59:58.267   777  1018 E storaged: getDiskStats failed with result NOT_SUPPORTED and size 0
04-15 06:00:51.999   785   785 E wificond: NL80211_CMD_TRIGGER_SCAN failed: Device or resource busy
04-15 06:00:53.107  1073  1368 I chatty  : uid=1000(system) HwBinder:1073_3 expire 12 lines
04-15 06:00:56.982  1073  1161 I chatty  : uid=1000(system) batterystats-wo expire 5 lines
04-15 06:00:57.011   785   785 E wificond: NL80211_CMD_TRIGGER_SCAN failed: Device or resource busy
04-15 06:00:58.269   777  1018 E storaged: getDiskStats failed with result NOT_SUPPORTED and size 0
04-15 06:01:00.537   777  1018 E storaged: Faied to open tmp file: /data/misc_ce/0/storaged/storaged.proto_tmp: No such file or directory
04-15 06:01:02.030   785   785 E wificond: NL80211_CMD_TRIGGER_SCAN failed: Device or resource busy
04-15 06:01:07.049   785   785 E wificond: NL80211_CMD_TRIGGER_SCAN failed: Device or resource busy
04-15 06:01:12.064   785   785 E wificond: NL80211_CMD_TRIGGER_SCAN failed: Device or resource busy
04-15 06:01:17.088   785   785 E wificond: NL80211_CMD_TRIGGER_SCAN failed: Device or resource busy
04-15 06:02:00.539   777  1018 E storaged: getDiskStats failed with result NOT_SUPPORTED and size 0
04-15 06:03:00.540   777  1018 E storaged: getDiskStats failed with result NOT_SUPPORTED and size 0
04-15 06:03:34.465  1073  1368 I chatty  : uid=1000(system) HwBinder:1073_3 expire 12 lines
04-15 06:04:00.541   777  1018 E storaged: getDiskStats failed with result NOT_SUPPORTED and size 0
04-15 06:04:14.786  1073  1368 I chatty  : uid=1000(system) HwBinder:1073_3 expire 18 lines
04-15 06:05:00.543   777  1018 E storaged: getDiskStats failed with result NOT_SUPPORTED and size 0
04-15 06:06:00.544   777  1018 E storaged: getDiskStats failed with result NOT_SUPPORTED and size 0
04-15 06:06:55.309  1073  1368 I chatty  : uid=1000(system) HwBinder:1073_3 expire 18 lines
04-15 06:07:00.545   777  1018 E storaged: getDiskStats failed with result NOT_SUPPORTED and size 0
04-15 06:08:00.547   777  1018 E storaged: getDiskStats failed with result NOT_SUPPORTED and size 0
04-15 06:08:43.978  1073  1368 I chatty  : uid=1000(system) HwBinder:1073_3 expire 12 lines
04-15 06:09:00.548   777  1018 E storaged: getDiskStats failed with result NOT_SUPPORTED and size 0
04-15 06:09:36.707  1073  1368 I chatty  : uid=1000(system) HwBinder:1073_3 expire 18 lines
04-15 06:10:00.550   777  1018 E storaged: getDiskStats failed with result NOT_SUPPORTED and size 0
04-15 06:10:17.019  1073  1368 I chatty  : uid=1000(system) HwBinder:1073_3 expire 24 lines
04-15 06:10:56.769  1073  1161 I chatty  : uid=1000(system) batterystats-wo expire 10 lines
04-15 06:11:00.551   777  1018 E storaged: getDiskStats failed with result NOT_SUPPORTED and size 0
04-15 06:12:00.552   777  1018 E storaged: getDiskStats failed with result NOT_SUPPORTED and size 0
04-15 06:12:57.499  1073  1368 I chatty  : uid=1000(system) HwBinder:1073_3 expire 12 lines
04-15 06:13:00.554   777  1018 E storaged: getDiskStats failed with result NOT_SUPPORTED and size 0
04-15 06:14:00.555   777  1018 E storaged: getDiskStats failed with result NOT_SUPPORTED and size 0
04-15 06:15:00.556   777  1018 E storaged: getDiskStats failed with result NOT_SUPPORTED and size 0
04-15 06:15:18.468  1073  1368 I chatty  : uid=1000(system) HwBinder:1073_3 expire 12 lines
04-15 06:16:00.558   777  1018 E storaged: getDiskStats failed with result NOT_SUPPORTED and size 0
04-15 06:17:00.559   777  1018 E storaged: getDiskStats failed with result NOT_SUPPORTED and size 0
04-15 06:17:47.269  1073  1368 I chatty  : uid=1000(system) HwBinder:1073_3 expire 12 lines
04-15 06:18:00.560   777  1018 E storaged: getDiskStats failed with result NOT_SUPPORTED and size 0
04-15 06:19:00.561   777  1018 E storaged: getDiskStats failed with result NOT_SUPPORTED and size 0
04-15 06:19:48.038  1073  1368 I chatty  : uid=1000(system) HwBinder:1073_3 expire 24 lines
04-15 06:20:00.562   777  1018 E storaged: getDiskStats failed with result NOT_SUPPORTED and size 0
04-15 06:21:00.563   777  1018 E storaged: getDiskStats failed with result NOT_SUPPORTED and size 0
04-15 06:22:00.698   777  1018 E storaged: getDiskStats failed with result NOT_SUPPORTED and size 0
04-15 06:22:00.760  1073  1368 I chatty  : uid=1000(system) HwBinder:1073_3 expire 24 lines
04-15 06:23:00.699   777  1018 E storaged: getDiskStats failed with result NOT_SUPPORTED and size 0
04-15 06:24:00.700   777  1018 E storaged: getDiskStats failed with result NOT_SUPPORTED and size 0
04-15 06:24:01.477  1073  1368 I chatty  : uid=1000(system) HwBinder:1073_3 expire 12 lines
04-15 06:25:00.702   777  1018 E storaged: getDiskStats failed with result NOT_SUPPORTED and size 0
04-15 06:26:00.703   777  1018 E storaged: getDiskStats failed with result NOT_SUPPORTED and size 0
04-15 06:27:00.704   777  1018 E storaged: getDiskStats failed with result NOT_SUPPORTED and size 0
04-15 06:27:22.947  1073  1368 I chatty  : uid=1000(system) HwBinder:1073_3 expire 12 lines
04-15 06:28:00.706   777  1018 E storaged: getDiskStats failed with result NOT_SUPPORTED and size 0
04-15 06:28:02.927  1073  1368 I chatty  : uid=1000(system) HwBinder:1073_3 expire 24 lines
04-15 06:29:00.707   777  1018 E storaged: getDiskStats failed with result NOT_SUPPORTED and size 0
04-15 06:29:51.620  1073  1368 I chatty  : uid=1000(system) HwBinder:1073_3 expire 12 lines
04-15 06:30:00.708   777  1018 E storaged: getDiskStats failed with result NOT_SUPPORTED and size 0
04-15 06:30:51.993   785   785 E wificond: NL80211_CMD_TRIGGER_SCAN failed: Device or resource busy
04-15 06:30:57.009   785   785 E wificond: NL80211_CMD_TRIGGER_SCAN failed: Device or resource busy
04-15 06:31:00.710   777  1018 E storaged: getDiskStats failed with result NOT_SUPPORTED and size 0
04-15 06:31:02.026   785   785 E wificond: NL80211_CMD_TRIGGER_SCAN failed: Device or resource busy
04-15 06:31:07.020  1073  1161 I chatty  : uid=1000(system) batterystats-wo expire 5 lines
04-15 06:31:07.049   785   785 E wificond: NL80211_CMD_TRIGGER_SCAN failed: Device or resource busy
04-15 06:31:12.063   785   785 E wificond: NL80211_CMD_TRIGGER_SCAN failed: Device or resource busy
04-15 06:31:17.088   785   785 E wificond: NL80211_CMD_TRIGGER_SCAN failed: Device or resource busy
04-15 06:31:24.223  1073  1368 I chatty  : uid=1000(system) HwBinder:1073_3 expire 12 lines
04-15 06:32:00.711   777  1018 E storaged: getDiskStats failed with result NOT_SUPPORTED and size 0
04-15 06:33:00.712   777  1018 E storaged: getDiskStats failed with result NOT_SUPPORTED and size 0
04-15 06:34:00.713   777  1018 E storaged: getDiskStats failed with result NOT_SUPPORTED and size 0
04-15 06:35:00.715   777  1018 E storaged: getDiskStats failed with result NOT_SUPPORTED and size 0
04-15 06:36:00.716   777  1018 E storaged: getDiskStats failed with result NOT_SUPPORTED and size 0
04-15 06:36:05.863  1073  1368 I chatty  : uid=1000(system) HwBinder:1073_3 expire 24 lines
04-15 06:37:00.717   777  1018 E storaged: getDiskStats failed with result NOT_SUPPORTED and size 0
04-15 06:38:00.718   777  1018 E storaged: getDiskStats failed with result NOT_SUPPORTED and size 0
04-15 06:38:47.107  1073  1368 I chatty  : uid=1000(system) HwBinder:1073_3 expire 12 lines
04-15 06:39:00.720   777  1018 E storaged: getDiskStats failed with result NOT_SUPPORTED and size 0
04-15 06:39:55.322  1073  1368 I chatty  : uid=1000(system) HwBinder:1073_3 expire 6 lines
04-15 06:40:00.721   777  1018 E storaged: getDiskStats failed with result NOT_SUPPORTED and size 0
04-15 06:41:00.722   777  1018 E storaged: getDiskStats failed with result NOT_SUPPORTED and size 0
04-15 06:41:24.366  1073  1161 E KernelCpuSpeedReader: Failed to read cpu-freq: /sys/devices/system/cpu/cpu0/cpufreq/stats/time_in_state (No such file or directory)
04-15 06:42:00.724   777  1018 E storaged: getDiskStats failed with result NOT_SUPPORTED and size 0
04-15 06:42:28.540  1073  1368 D BatteryLED: mData: 0
04-15 06:42:28.540  1073  1368 D BatteryLED: result: 0
04-15 06:42:28.540  1073  1368 D BatteryLED: mData: 
04-15 06:42:28.540  1073  1368 D BatteryLED: result: 0
04-15 06:42:28.540  1073  1368 D BatteryLED: mHealthInfo.batteryStatus3 charge_type =0
04-15 06:42:28.540  1073  1368 D BatteryLED: BATTERY_STATUS_DISCHARGING not dc turnOff
04-15 06:42:56.387  1073  1368 D BatteryLED: mData: 0
04-15 06:42:56.387  1073  1368 D BatteryLED: result: 0
04-15 06:42:56.388  1073  1368 D BatteryLED: mData: 
04-15 06:42:56.388  1073  1368 D BatteryLED: result: 0
04-15 06:42:56.388  1073  1368 D BatteryLED: mHealthInfo.batteryStatus3 charge_type =0
04-15 06:42:56.388  1073  1368 D BatteryLED: BATTERY_STATUS_DISCHARGING not dc turnOff
04-15 06:43:00.725   777  1018 E storaged: getDiskStats failed with result NOT_SUPPORTED and size 0
04-15 06:43:08.413  1073  1368 D BatteryLED: mData: 0
04-15 06:43:08.413  1073  1368 D BatteryLED: result: 0
04-15 06:43:08.413  1073  1368 D BatteryLED: mData: 
04-15 06:43:08.413  1073  1368 D BatteryLED: result: 0
04-15 06:43:08.413  1073  1368 D BatteryLED: mHealthInfo.batteryStatus3 charge_type =0
04-15 06:43:08.413  1073  1368 D BatteryLED: BATTERY_STATUS_DISCHARGING not dc turnOff
04-15 06:44:00.726   777  1018 E storaged: getDiskStats failed with result NOT_SUPPORTED and size 0
04-15 06:44:28.862  1073  1368 D BatteryLED: mData: 0
04-15 06:44:28.862  1073  1368 D BatteryLED: result: 0
04-15 06:44:28.862  1073  1368 D BatteryLED: mData: 
04-15 06:44:28.862  1073  1368 D BatteryLED: result: 0
04-15 06:44:28.862  1073  1368 D BatteryLED: mHealthInfo.batteryStatus3 charge_type =0
04-15 06:44:28.862  1073  1368 D BatteryLED: BATTERY_STATUS_DISCHARGING not dc turnOff
04-15 06:44:49.348  1073  1368 D BatteryLED: mData: 0
04-15 06:44:49.348  1073  1368 D BatteryLED: result: 0
04-15 06:44:49.349  1073  1368 D BatteryLED: mData: 
04-15 06:44:49.349  1073  1368 D BatteryLED: result: 0
04-15 06:44:49.349  1073  1368 D BatteryLED: mHealthInfo.batteryStatus3 charge_type =0
04-15 06:44:49.349  1073  1368 D BatteryLED: BATTERY_STATUS_DISCHARGING not dc turnOff
04-15 06:44:57.266  1073  1368 D BatteryLED: mData: 0
04-15 06:44:57.266  1073  1368 D BatteryLED: result: 0
04-15 06:44:57.266  1073  1368 D BatteryLED: mData: 
04-15 06:44:57.266  1073  1368 D BatteryLED: result: 0
04-15 06:44:57.266  1073  1368 D BatteryLED: mHealthInfo.batteryStatus3 charge_type =0
04-15 06:44:57.266  1073  1368 D BatteryLED: BATTERY_STATUS_DISCHARGING not dc turnOff
04-15 06:45:00.727   777  1018 E storaged: getDiskStats failed with result NOT_SUPPORTED and size 0
04-15 06:45:09.146  1073  1368 D BatteryLED: mData: 0
04-15 06:45:09.146  1073  1368 D BatteryLED: result: 0
04-15 06:45:09.146  1073  1368 D BatteryLED: mData: 
04-15 06:45:09.146  1073  1368 D BatteryLED: result: 0
04-15 06:45:09.146  1073  1368 D BatteryLED: mHealthInfo.batteryStatus3 charge_type =0
04-15 06:45:09.146  1073  1368 D BatteryLED: BATTERY_STATUS_DISCHARGING not dc turnOff
04-15 06:45:29.658  1073  1368 D BatteryLED: mData: 0
04-15 06:45:29.658  1073  1368 D BatteryLED: result: 0
04-15 06:45:29.658  1073  1368 D BatteryLED: mData: 
04-15 06:45:29.658  1073  1368 D BatteryLED: result: 0
04-15 06:45:29.659  1073  1368 D BatteryLED: mHealthInfo.batteryStatus3 charge_type =0
04-15 06:45:29.659  1073  1368 D BatteryLED: BATTERY_STATUS_DISCHARGING not dc turnOff
04-15 06:45:57.473  1073  1368 D BatteryLED: mData: 0
04-15 06:45:57.473  1073  1368 D BatteryLED: result: 0
04-15 06:45:57.473  1073  1368 D BatteryLED: mData: 
04-15 06:45:57.473  1073  1368 D BatteryLED: result: 0
04-15 06:45:57.473  1073  1368 D BatteryLED: mHealthInfo.batteryStatus3 charge_type =0
04-15 06:45:57.474  1073  1368 D BatteryLED: BATTERY_STATUS_DISCHARGING not dc turnOff
04-15 06:46:00.729   777  1018 E storaged: getDiskStats failed with result NOT_SUPPORTED and size 0
04-15 06:46:09.502  1073  1368 D BatteryLED: mData: 0
04-15 06:46:09.502  1073  1368 D BatteryLED: result: 0
04-15 06:46:09.502  1073  1368 D BatteryLED: mData: 
04-15 06:46:09.502  1073  1368 D BatteryLED: result: 0
04-15 06:46:09.503  1073  1368 D BatteryLED: mHealthInfo.batteryStatus3 charge_type =0
04-15 06:46:09.503  1073  1368 D BatteryLED: BATTERY_STATUS_DISCHARGING not dc turnOff
04-15 06:46:29.818  1073  1368 D BatteryLED: mData: 0
04-15 06:46:29.818  1073  1368 D BatteryLED: result: 0
04-15 06:46:29.818  1073  1368 D BatteryLED: mData: 
04-15 06:46:29.818  1073  1368 D BatteryLED: result: 0
04-15 06:46:29.818  1073  1368 D BatteryLED: mHealthInfo.batteryStatus3 charge_type =0
04-15 06:46:29.818  1073  1368 D BatteryLED: BATTERY_STATUS_DISCHARGING not dc turnOff
04-15 06:46:50.308  1073  1368 D BatteryLED: mData: 0
04-15 06:46:50.308  1073  1368 D BatteryLED: result: 0
04-15 06:46:50.308  1073  1368 D BatteryLED: mData: 
04-15 06:46:50.308  1073  1368 D BatteryLED: result: 0
04-15 06:46:50.308  1073  1368 D BatteryLED: mHealthInfo.batteryStatus3 charge_type =0
04-15 06:46:50.308  1073  1368 D BatteryLED: BATTERY_STATUS_DISCHARGING not dc turnOff
04-15 06:47:00.730   777  1018 E storaged: getDiskStats failed with result NOT_SUPPORTED and size 0
04-15 06:47:30.003  1073  1368 D BatteryLED: mData: 0
04-15 06:47:30.003  1073  1368 D BatteryLED: result: 0
04-15 06:47:30.003  1073  1368 D BatteryLED: mData: 
04-15 06:47:30.003  1073  1368 D BatteryLED: result: 0
04-15 06:47:30.003  1073  1368 D BatteryLED: mHealthInfo.batteryStatus3 charge_type =0
04-15 06:47:30.003  1073  1368 D BatteryLED: BATTERY_STATUS_DISCHARGING not dc turnOff
04-15 06:47:50.459  1073  1368 D BatteryLED: mData: 0
04-15 06:47:50.459  1073  1368 D BatteryLED: result: 0
04-15 06:47:50.459  1073  1368 D BatteryLED: mData: 
04-15 06:47:50.459  1073  1368 D BatteryLED: result: 0
04-15 06:47:50.460  1073  1368 D BatteryLED: mHealthInfo.batteryStatus3 charge_type =0
04-15 06:47:50.460  1073  1368 D BatteryLED: BATTERY_STATUS_DISCHARGING not dc turnOff
04-15 06:48:00.731   777  1018 E storaged: getDiskStats failed with result NOT_SUPPORTED and size 0
04-15 06:48:10.218  1073  1368 D BatteryLED: mData: 0
04-15 06:48:10.218  1073  1368 D BatteryLED: result: 0
04-15 06:48:10.218  1073  1368 D BatteryLED: mData: 
04-15 06:48:10.218  1073  1368 D BatteryLED: result: 0
04-15 06:48:10.218  1073  1368 D BatteryLED: mHealthInfo.batteryStatus3 charge_type =0
04-15 06:48:10.218  1073  1368 D BatteryLED: BATTERY_STATUS_DISCHARGING not dc turnOff
04-15 06:48:10.232  1073  1368 D BatteryLED: mData: 0
04-15 06:48:10.233  1073  1368 D BatteryLED: result: 0
04-15 06:48:10.233  1073  1368 D BatteryLED: mData: 
04-15 06:48:10.233  1073  1368 D BatteryLED: result: 0
04-15 06:48:10.233  1073  1368 D BatteryLED: mHealthInfo.batteryStatus3 charge_type =0
04-15 06:48:10.233  1073  1368 D BatteryLED: BATTERY_STATUS_DISCHARGING not dc turnOff
04-15 06:48:20.130  1073  1161 E KernelCpuSpeedReader: Failed to read cpu-freq: /sys/devices/system/cpu/cpu0/cpufreq/stats/time_in_state (No such file or directory)
04-15 06:49:00.732   777  1018 E storaged: getDiskStats failed with result NOT_SUPPORTED and size 0
04-15 06:49:58.909  1073  1368 D BatteryLED: mData: 0
04-15 06:49:58.910  1073  1368 D BatteryLED: result: 0
04-15 06:49:58.910  1073  1368 D BatteryLED: mData: 
04-15 06:49:58.910  1073  1368 D BatteryLED: result: 0
04-15 06:49:58.910  1073  1368 D BatteryLED: mHealthInfo.batteryStatus3 charge_type =0
04-15 06:49:58.910  1073  1368 D BatteryLED: BATTERY_STATUS_DISCHARGING not dc turnOff
04-15 06:49:58.924  1073  1161 E KernelCpuSpeedReader: Failed to read cpu-freq: /sys/devices/system/cpu/cpu0/cpufreq/stats/time_in_state (No such file or directory)
04-15 06:50:00.733   777  1018 E storaged: getDiskStats failed with result NOT_SUPPORTED and size 0
04-15 06:50:10.956  1073  1368 D BatteryLED: mData: 0
04-15 06:50:10.956  1073  1368 D BatteryLED: result: 0
04-15 06:50:10.956  1073  1368 D BatteryLED: mData: 
04-15 06:50:10.956  1073  1368 D BatteryLED: result: 0
04-15 06:50:10.956  1073  1368 D BatteryLED: mHealthInfo.batteryStatus3 charge_type =0
04-15 06:50:10.956  1073  1368 D BatteryLED: BATTERY_STATUS_DISCHARGING not dc turnOff
04-15 06:50:31.113  1073  1368 D BatteryLED: mData: 0
04-15 06:50:31.113  1073  1368 D BatteryLED: result: 0
04-15 06:50:31.113  1073  1368 D BatteryLED: mData: 
04-15 06:50:31.113  1073  1368 D BatteryLED: result: 0
04-15 06:50:31.114  1073  1368 D BatteryLED: mHealthInfo.batteryStatus3 charge_type =0
04-15 06:50:31.114  1073  1368 D BatteryLED: BATTERY_STATUS_DISCHARGING not dc turnOff
04-15 06:51:00.735   777  1018 E storaged: getDiskStats failed with result NOT_SUPPORTED and size 0
04-15 06:51:24.490  1073  1161 E KernelCpuSpeedReader: Failed to read cpu-freq: /sys/devices/system/cpu/cpu0/cpufreq/stats/time_in_state (No such file or directory)
04-15 06:52:00.736   777  1018 E storaged: getDiskStats failed with result NOT_SUPPORTED and size 0
04-15 06:52:32.061  1073  1368 D BatteryLED: mData: 0
04-15 06:52:32.061  1073  1368 D BatteryLED: result: 0
04-15 06:52:32.061  1073  1368 D BatteryLED: mData: 
04-15 06:52:32.061  1073  1368 D BatteryLED: result: 0
04-15 06:52:32.061  1073  1368 D BatteryLED: mHealthInfo.batteryStatus3 charge_type =0
04-15 06:52:32.061  1073  1368 D BatteryLED: BATTERY_STATUS_DISCHARGING not dc turnOff
04-15 06:53:00.737   777  1018 E storaged: getDiskStats failed with result NOT_SUPPORTED and size 0
04-15 06:54:00.739   777  1018 E storaged: getDiskStats failed with result NOT_SUPPORTED and size 0
04-15 06:55:00.716  1073  1368 D BatteryLED: mData: 0
04-15 06:55:00.717  1073  1368 D BatteryLED: result: 0
04-15 06:55:00.717  1073  1368 D BatteryLED: mData: 
04-15 06:55:00.717  1073  1368 D BatteryLED: result: 0
04-15 06:55:00.717  1073  1368 D BatteryLED: mHealthInfo.batteryStatus3 charge_type =0
04-15 06:55:00.717  1073  1368 D BatteryLED: BATTERY_STATUS_DISCHARGING not dc turnOff
04-15 06:55:00.740   777  1018 E storaged: getDiskStats failed with result NOT_SUPPORTED and size 0
04-15 06:56:00.741   777  1018 E storaged: getDiskStats failed with result NOT_SUPPORTED and size 0
04-15 06:56:13.110  1073  1368 D BatteryLED: mData: 0
04-15 06:56:13.111  1073  1368 D BatteryLED: result: 0
04-15 06:56:13.111  1073  1368 D BatteryLED: mData: 
04-15 06:56:13.111  1073  1368 D BatteryLED: result: 0
04-15 06:56:13.111  1073  1368 D BatteryLED: mHealthInfo.batteryStatus3 charge_type =0
04-15 06:56:13.111  1073  1368 D BatteryLED: BATTERY_STATUS_DISCHARGING not dc turnOff
04-15 06:56:53.829  1073  1368 D BatteryLED: mData: 0
04-15 06:56:53.831  1073  1368 D BatteryLED: result: 0
04-15 06:56:53.831  1073  1368 D BatteryLED: mData: 
04-15 06:56:53.831  1073  1368 D BatteryLED: result: 0
04-15 06:56:53.832  1073  1368 D BatteryLED: mHealthInfo.batteryStatus3 charge_type =0
04-15 06:56:53.832  1073  1368 D BatteryLED: BATTERY_STATUS_DISCHARGING not dc turnOff
04-15 06:57:00.743   777  1018 E storaged: getDiskStats failed with result NOT_SUPPORTED and size 0
04-15 06:57:33.498  1073  1368 D BatteryLED: mData: 0
04-15 06:57:33.498  1073  1368 D BatteryLED: result: 0
04-15 06:57:33.498  1073  1368 D BatteryLED: mData: 
04-15 06:57:33.498  1073  1368 D BatteryLED: result: 0
04-15 06:57:33.499  1073  1368 D BatteryLED: mHealthInfo.batteryStatus3 charge_type =0
04-15 06:57:33.499  1073  1368 D BatteryLED: BATTERY_STATUS_DISCHARGING not dc turnOff
04-15 06:58:00.744   777  1018 E storaged: getDiskStats failed with result NOT_SUPPORTED and size 0
04-15 06:58:20.241  1073  1161 E KernelCpuSpeedReader: Failed to read cpu-freq: /sys/devices/system/cpu/cpu0/cpufreq/stats/time_in_state (No such file or directory)
04-15 06:59:00.745   777  1018 E storaged: getDiskStats failed with result NOT_SUPPORTED and size 0
04-15 06:59:54.944  1073  1368 D BatteryLED: mData: 0
04-15 06:59:54.944  1073  1368 D BatteryLED: result: 0
04-15 06:59:54.944  1073  1368 D BatteryLED: mData: 
04-15 06:59:54.944  1073  1368 D BatteryLED: result: 0
04-15 06:59:54.944  1073  1368 D BatteryLED: mHealthInfo.batteryStatus3 charge_type =0
04-15 06:59:54.944  1073  1368 D BatteryLED: BATTERY_STATUS_DISCHARGING not dc turnOff
